Component: ARM Compiler 5.05 update 1 (build 106) Tool: armlink [4d0efa]

==============================================================================

Section Cross References

    startup_stm32f10x_md.o(STACK) refers (Special) to heapauxi.o(.text) for __use_two_region_memory
    startup_stm32f10x_md.o(HEAP) refers (Special) to heapauxi.o(.text) for __use_two_region_memory
    startup_stm32f10x_md.o(RESET) refers (Special) to heapauxi.o(.text) for __use_two_region_memory
    startup_stm32f10x_md.o(RESET) refers to startup_stm32f10x_md.o(STACK) for __initial_sp
    startup_stm32f10x_md.o(RESET) refers to startup_stm32f10x_md.o(.text) for Reset_Handler
    startup_stm32f10x_md.o(RESET) refers to stm32f10x_it.o(i.NMI_Handler) for NMI_Handler
    startup_stm32f10x_md.o(RESET) refers to stm32f10x_it.o(i.HardFault_Handler) for HardFault_Handler
    startup_stm32f10x_md.o(RESET) refers to stm32f10x_it.o(i.MemManage_Handler) for MemManage_Handler
    startup_stm32f10x_md.o(RESET) refers to stm32f10x_it.o(i.BusFault_Handler) for BusFault_Handler
    startup_stm32f10x_md.o(RESET) refers to stm32f10x_it.o(i.UsageFault_Handler) for UsageFault_Handler
    startup_stm32f10x_md.o(RESET) refers to stm32f10x_it.o(i.SVC_Handler) for SVC_Handler
    startup_stm32f10x_md.o(RESET) refers to stm32f10x_it.o(i.DebugMon_Handler) for DebugMon_Handler
    startup_stm32f10x_md.o(RESET) refers to stm32f10x_it.o(i.PendSV_Handler) for PendSV_Handler
    startup_stm32f10x_md.o(RESET) refers to stm32f10x_it.o(i.SysTick_Handler) for SysTick_Handler
    startup_stm32f10x_md.o(RESET) refers to myrtc.o(i.RTC_IRQHandler) for RTC_IRQHandler
    startup_stm32f10x_md.o(.text) refers (Special) to heapauxi.o(.text) for __use_two_region_memory
    startup_stm32f10x_md.o(.text) refers to system_stm32f10x.o(i.SystemInit) for SystemInit
    startup_stm32f10x_md.o(.text) refers to __main.o(!!!main) for __main
    startup_stm32f10x_md.o(.text) refers to startup_stm32f10x_md.o(HEAP) for Heap_Mem
    startup_stm32f10x_md.o(.text) refers to startup_stm32f10x_md.o(STACK) for Stack_Mem
    system_stm32f10x.o(i.SetSysClock) refers to system_stm32f10x.o(i.SetSysClockTo72) for SetSysClockTo72
    system_stm32f10x.o(i.SystemCoreClockUpdate) refers to system_stm32f10x.o(.data) for SystemCoreClock
    system_stm32f10x.o(i.SystemInit) refers to system_stm32f10x.o(i.SetSysClock) for SetSysClock
    stm32f10x_adc.o(i.ADC_DeInit) refers to stm32f10x_rcc.o(i.RCC_APB2PeriphResetCmd) for RCC_APB2PeriphResetCmd
    stm32f10x_bkp.o(i.BKP_DeInit) refers to stm32f10x_rcc.o(i.RCC_BackupResetCmd) for RCC_BackupResetCmd
    stm32f10x_can.o(i.CAN_DeInit) refers to stm32f10x_rcc.o(i.RCC_APB1PeriphResetCmd) for RCC_APB1PeriphResetCmd
    stm32f10x_can.o(i.CAN_GetITStatus) refers to stm32f10x_can.o(i.CheckITStatus) for CheckITStatus
    stm32f10x_cec.o(i.CEC_DeInit) refers to stm32f10x_rcc.o(i.RCC_APB1PeriphResetCmd) for RCC_APB1PeriphResetCmd
    stm32f10x_dac.o(i.DAC_DeInit) refers to stm32f10x_rcc.o(i.RCC_APB1PeriphResetCmd) for RCC_APB1PeriphResetCmd
    stm32f10x_flash.o(i.FLASH_EnableWriteProtection) refers to stm32f10x_flash.o(i.FLASH_WaitForLastOperation) for FLASH_WaitForLastOperation
    stm32f10x_flash.o(i.FLASH_EraseAllBank1Pages) refers to stm32f10x_flash.o(i.FLASH_WaitForLastBank1Operation) for FLASH_WaitForLastBank1Operation
    stm32f10x_flash.o(i.FLASH_EraseAllPages) refers to stm32f10x_flash.o(i.FLASH_WaitForLastOperation) for FLASH_WaitForLastOperation
    stm32f10x_flash.o(i.FLASH_EraseOptionBytes) refers to stm32f10x_flash.o(i.FLASH_GetReadOutProtectionStatus) for FLASH_GetReadOutProtectionStatus
    stm32f10x_flash.o(i.FLASH_EraseOptionBytes) refers to stm32f10x_flash.o(i.FLASH_WaitForLastOperation) for FLASH_WaitForLastOperation
    stm32f10x_flash.o(i.FLASH_ErasePage) refers to stm32f10x_flash.o(i.FLASH_WaitForLastOperation) for FLASH_WaitForLastOperation
    stm32f10x_flash.o(i.FLASH_ProgramHalfWord) refers to stm32f10x_flash.o(i.FLASH_WaitForLastOperation) for FLASH_WaitForLastOperation
    stm32f10x_flash.o(i.FLASH_ProgramOptionByteData) refers to stm32f10x_flash.o(i.FLASH_WaitForLastOperation) for FLASH_WaitForLastOperation
    stm32f10x_flash.o(i.FLASH_ProgramWord) refers to stm32f10x_flash.o(i.FLASH_WaitForLastOperation) for FLASH_WaitForLastOperation
    stm32f10x_flash.o(i.FLASH_ReadOutProtection) refers to stm32f10x_flash.o(i.FLASH_WaitForLastOperation) for FLASH_WaitForLastOperation
    stm32f10x_flash.o(i.FLASH_UserOptionByteConfig) refers to stm32f10x_flash.o(i.FLASH_WaitForLastOperation) for FLASH_WaitForLastOperation
    stm32f10x_flash.o(i.FLASH_WaitForLastBank1Operation) refers to stm32f10x_flash.o(i.FLASH_GetBank1Status) for FLASH_GetBank1Status
    stm32f10x_flash.o(i.FLASH_WaitForLastOperation) refers to stm32f10x_flash.o(i.FLASH_GetBank1Status) for FLASH_GetBank1Status
    stm32f10x_gpio.o(i.GPIO_AFIODeInit) refers to stm32f10x_rcc.o(i.RCC_APB2PeriphResetCmd) for RCC_APB2PeriphResetCmd
[...]
    i.NVIC_PriorityGroupConfig               0x08001204   Section        0  misc.o(i.NVIC_PriorityGroupConfig)
    i.OLEDI2C_Init                           0x08001218   Section        0  oled_port.o(i.OLEDI2C_Init)
    i.OLED_AllSrcFade                        0x0800129c   Section        0  oled_g.o(i.OLED_AllSrcFade)
    i.OLED_Animation                         0x080012e4   Section        0  oled_g.o(i.OLED_Animation)
    i.OLED_BuffWriteByte                     0x08001384   Section        0  oled_g.o(i.OLED_BuffWriteByte)
    OLED_BuffWriteByte                       0x08001385   Thumb Code   100  oled_g.o(i.OLED_BuffWriteByte)
    i.OLED_Clear                             0x080013ec   Section        0  oled_port.o(i.OLED_Clear)
    i.OLED_ClearBuff                         0x08001418   Section        0  oled_g.o(i.OLED_ClearBuff)
    i.OLED_ConWinAnimInit                    0x0800142c   Section        0  oled_ui.o(i.OLED_ConWinAnimInit)
    OLED_ConWinAnimInit                      0x0800142d   Thumb Code    38  oled_ui.o(i.OLED_ConWinAnimInit)
    i.OLED_ConWinReact                       0x0800145c   Section        0  oled_ui.o(i.OLED_ConWinReact)
    OLED_ConWinReact                         0x0800145d   Thumb Code   128  oled_ui.o(i.OLED_ConWinReact)
    i.OLED_ConWinShow                        0x080014e4   Section        0  oled_ui.o(i.OLED_ConWinShow)
    OLED_ConWinShow                          0x080014e5   Thumb Code   458  oled_ui.o(i.OLED_ConWinShow)
    i.OLED_DigitalAnimInit                   0x080016c4   Section        0  oled_ui.o(i.OLED_DigitalAnimInit)
    OLED_DigitalAnimInit                     0x080016c5   Thumb Code    80  oled_ui.o(i.OLED_DigitalAnimInit)
    i.OLED_DigitalCreateText                 0x08001720   Section        0  oled_ui.o(i.OLED_DigitalCreateText)
    OLED_DigitalCreateText                   0x08001721   Thumb Code    52  oled_ui.o(i.OLED_DigitalCreateText)
    i.OLED_DigitalDirChangey                 0x0800176c   Section        0  oled_ui.o(i.OLED_DigitalDirChangey)
    OLED_DigitalDirChangey                   0x0800176d   Thumb Code    32  oled_ui.o(i.OLED_DigitalDirChangey)
    i.OLED_DigitalDrawLabel                  0x08001794   Section        0  oled_ui.o(i.OLED_DigitalDrawLabel)
    OLED_DigitalDrawLabel                    0x08001795   Thumb Code    40  oled_ui.o(i.OLED_DigitalDrawLabel)
    i.OLED_DigitalDrawUline                  0x080017bc   Section        0  oled_ui.o(i.OLED_DigitalDrawUline)
    OLED_DigitalDrawUline                    0x080017bd   Thumb Code   188  oled_ui.o(i.OLED_DigitalDrawUline)
    i.OLED_DigitalPageInit                   0x08001880   Section        0  oled_ui.o(i.OLED_DigitalPageInit)
    i.OLED_DigitalPage_UpdateDigitalNumAnimation 0x080018f8   Section        0  oled_ui.o(i.OLED_DigitalPage_UpdateDigitalNumAnimation)
    i.OLED_DigitalPage_UpdateLabelAnimation  0x08001978   Section        0  oled_ui.o(i.OLED_DigitalPage_UpdateLabelAnimation)
    i.OLED_DigitalReact                      0x080019dc   Section        0  oled_ui.o(i.OLED_DigitalReact)
    OLED_DigitalReact                        0x080019dd   Thumb Code   488  oled_ui.o(i.OLED_DigitalReact)
    i.OLED_DigitalSetOptionAndCallback       0x08001bcc   Section        0  oled_ui.o(i.OLED_DigitalSetOptionAndCallback)
    OLED_DigitalSetOptionAndCallback         0x08001bcd   Thumb Code    76  oled_ui.o(i.OLED_DigitalSetOptionAndCallback)
    i.OLED_DigitalSetSingleBit               0x08001c18   Section        0  oled_ui.o(i.OLED_DigitalSetSingleBit)
    OLED_DigitalSetSingleBit                 0x08001c19   Thumb Code    82  oled_ui.o(i.OLED_DigitalSetSingleBit)
    i.OLED_DigitalSetValAnim                 0x08001c6a   Section        0  oled_ui.o(i.OLED_DigitalSetValAnim)
    OLED_DigitalSetValAnim                   0x08001c6b   Thumb Code   174  oled_ui.o(i.OLED_DigitalSetValAnim)
    i.OLED_DigitalShow                       0x08001d18   Section        0  oled_ui.o(i.OLED_DigitalShow)
    OLED_DigitalShow                         0x08001d19   Thumb Code  1478  oled_ui.o(i.OLED_DigitalShow)
    i.OLED_GetStrWidth                       0x080022fc   Section        0  oled_g.o(i.OLED_GetStrWidth)
    i.OLED_Init                              0x08002328   Section        0  oled_port.o(i.OLED_Init)
    i.OLED_MsgQueRead                        0x080023d8   Section        0  oled_ui.o(i.OLED_MsgQueRead)
    i.OLED_MsgQueSend                        0x08002414   Section        0  oled_ui.o(i.OLED_MsgQueSend)
    i.OLED_PageInit                          0x0800245c   Section        0  oled_ui.o(i.OLED_PageInit)
    OLED_PageInit                            0x0800245d   Thumb Code    24  oled_ui.o(i.OLED_PageInit)
    i.OLED_PageReturn                        0x08002478   Section        0  oled_ui.o(i.OLED_PageReturn)
    OLED_PageReturn                          0x08002479   Thumb Code    16  oled_ui.o(i.OLED_PageReturn)
    i.OLED_RaderPicAnimInit                  0x0800248c   Section        0  oled_ui.o(i.OLED_RaderPicAnimInit)
    i.OLED_RaderPicPageInit                  0x080024a8   Section        0  oled_ui.o(i.OLED_RaderPicPageInit)
    i.OLED_RaderPicReact                     0x080024f0   Section        0  oled_ui.o(i.OLED_RaderPicReact)
    i.OLED_RaderPicShow                      0x08002514   Section        0  oled_ui.o(i.OLED_RaderPicShow)
    i.OLED_RefreshBuff                       0x08002704   Section        0  oled_g.o(i.OLED_RefreshBuff)
    i.OLED_SendBuff                          0x08002714   Section        0  oled_port.o(i.OLED_SendBuff)
    i.OLED_SetCursor                         0x08002744   Section        0  oled_port.o(i.OLED_SetCursor)
    i.OLED_SetPointColor                     0x08002768   Section        0  oled_g.o(i.OLED_SetPointColor)
    i.OLED_TitlePageAnimInit                 0x08002798   Section        0  oled_ui.o(i.OLED_TitlePageAnimInit)
    OLED_TitlePageAnimInit                   0x08002799   Thumb Code    36  oled_ui.o(i.OLED_TitlePageAnimInit)
    i.OLED_TitlePageInit                     0x080027cc   Section        0  oled_ui.o(i.OLED_TitlePageInit)
    i.OLED_TitlePageReact                    0x0800282c   Section        0  oled_ui.o(i.OLED_TitlePageReact)
    OLED_TitlePageReact                      0x0800282d   Thumb Code   308  oled_ui.o(i.OLED_TitlePageReact)
    i.OLED_TitlePageShow                     0x0800296c   Section        0  oled_ui.o(i.OLED_TitlePageShow)
    OLED_TitlePageShow                       0x0800296d   Thumb Code   468  oled_ui.o(i.OLED_TitlePageShow)
    i.OLED_UIChangeCurrentPage               0x08002b4c   Section        0  oled_ui.o(i.OLED_UIChangeCurrentPage)
    i.OLED_UIGetCurrentPageID                0x08002b64   Section        0  oled_ui.o(i.OLED_UIGetCurrentPageID)
    i.OLED_UIJumpToPage                      0x08002b70   Section        0  oled_ui.o(i.OLED_UIJumpToPage)
    i.OLED_UILayerInProc                     0x08002b8c   Section        0  oled_ui.o(i.OLED_UILayerInProc)
    OLED_UILayerInProc                       0x08002b8d   Thumb Code    40  oled_ui.o(i.OLED_UILayerInProc)
    i.OLED_UIPageProc                        0x08002bbc   Section        0  oled_ui.o(i.OLED_UIPageProc)
    OLED_UIPageProc                          0x08002bbd   Thumb Code   220  oled_ui.o(i.OLED_UIPageProc)
    i.OLED_UIParaInit                        0x08002ca0   Section        0  oled_ui.o(i.OLED_UIParaInit)
    OLED_UIParaInit                          0x08002ca1   Thumb Code   104  oled_ui.o(i.OLED_UIParaInit)
    i.OLED_UIProc                            0x08002d0c   Section        0  oled_ui.o(i.OLED_UIProc)
    i.OLED_UiInit                            0x08002d40   Section        0  oled_ui.o(i.OLED_UiInit)
    i.OLED_ValWinAnimInit                    0x08002db8   Section        0  oled_ui.o(i.OLED_ValWinAnimInit)
    OLED_ValWinAnimInit                      0x08002db9   Thumb Code    28  oled_ui.o(i.OLED_ValWinAnimInit)
    i.OLED_ValWinReact                       0x08002ddc   Section        0  oled_ui.o(i.OLED_ValWinReact)
    OLED_ValWinReact                         0x08002ddd   Thumb Code   152  oled_ui.o(i.OLED_ValWinReact)
    i.OLED_ValWinShow                        0x08002e7c   Section        0  oled_ui.o(i.OLED_ValWinShow)
    OLED_ValWinShow                          0x08002e7d   Thumb Code   392  oled_ui.o(i.OLED_ValWinShow)
    i.OLED_WinDrawASCII                      0x08003010   Section        0  oled_g.o(i.OLED_WinDrawASCII)
    i.OLED_WinDrawBMP                        0x08003148   Section        0  oled_g.o(i.OLED_WinDrawBMP)
    i.OLED_WinDrawHLine                      0x08003282   Section        0  oled_g.o(i.OLED_WinDrawHLine)
    i.OLED_WinDrawLine                       0x080032d8   Section        0  oled_g.o(i.OLED_WinDrawLine)
    i.OLED_WinDrawPoint                      0x080033fe   Section        0  oled_g.o(i.OLED_WinDrawPoint)
    i.OLED_WinDrawRBox                       0x08003414   Section        0  oled_g.o(i.OLED_WinDrawRBox)
    i.OLED_WinDrawRBoxEmpty                  0x08003474   Section        0  oled_g.o(i.OLED_WinDrawRBoxEmpty)
    i.OLED_WinDrawRaderPic                   0x08003504   Section        0  oled_g.o(i.OLED_WinDrawRaderPic)
    i.OLED_WinDrawStr                        0x0800372c   Section        0  oled_g.o(i.OLED_WinDrawStr)
    i.OLED_WinDrawVLine                      0x08003768   Section        0  oled_g.o(i.OLED_WinDrawVLine)
    i.OLED_WinFSM                            0x0800381e   Section        0  oled_ui.o(i.OLED_WinFSM)
    OLED_WinFSM                              0x0800381f   Thumb Code    58  oled_ui.o(i.OLED_WinFSM)
    i.OLED_WinWriteByte                      0x08003858   Section        0  oled_g.o(i.OLED_WinWriteByte)
    OLED_WinWriteByte                        0x08003859   Thumb Code   252  oled_g.o(i.OLED_WinWriteByte)
    i.OLED_WriteCommand                      0x08003958   Section        0  oled_port.o(i.OLED_WriteCommand)
    i.OLED_WriteData                         0x080039d0   Section        0  oled_port.o(i.OLED_WriteData)
    i.PWR_BackupAccessCmd                    0x08003a48   Section        0  stm32f10x_pwr.o(i.PWR_BackupAccessCmd)
    i.PendSV_Handler                         0x08003a54   Section        0  stm32f10x_it.o(i.PendSV_Handler)
    i.RCC_APB1PeriphClockCmd                 0x08003a58   Section        0  stm32f10x_rcc.o(i.RCC_APB1PeriphClockCmd)
    i.RCC_APB2PeriphClockCmd                 0x08003a78   Section        0  stm32f10x_rcc.o(i.RCC_APB2PeriphClockCmd)
    i.RCC_GetClocksFreq                      0x08003a98   Section        0  stm32f10x_rcc.o(i.RCC_GetClocksFreq)
    i.RCC_GetFlagStatus                      0x08003b6c   Section        0  stm32f10x_rcc.o(i.RCC_GetFlagStatus)
    i.RCC_LSEConfig                          0x08003ba8   Section        0  stm32f10x_rcc.o(i.RCC_LSEConfig)
    i.RCC_RTCCLKCmd                          0x08003bdc   Section        0  stm32f10x_rcc.o(i.RCC_RTCCLKCmd)
    i.RCC_RTCCLKConfig                       0x08003be8   Section        0  stm32f10x_rcc.o(i.RCC_RTCCLKConfig)
    i.RTC_ClearITPendingBit                  0x08003bf8   Section        0  stm32f10x_rtc.o(i.RTC_ClearITPendingBit)
    i.RTC_EnterConfigMode                    0x08003c08   Section        0  stm32f10x_rtc.o(i.RTC_EnterConfigMode)
    i.RTC_ExitConfigMode                     0x08003c1c   Section        0  stm32f10x_rtc.o(i.RTC_ExitConfigMode)
    i.RTC_GetCounter                         0x08003c30   Section        0  stm32f10x_rtc.o(i.RTC_GetCounter)
    i.RTC_GetITStatus                        0x08003c44   Section        0  stm32f10x_rtc.o(i.RTC_GetITStatus)
    i.RTC_IRQHandler                         0x08003c68   Section        0  myrtc.o(i.RTC_IRQHandler)
    i.RTC_ITConfig                           0x08003ca8   Section        0  stm32f10x_rtc.o(i.RTC_ITConfig)
    i.RTC_SetAlarm                           0x08003cc8   Section        0  stm32f10x_rtc.o(i.RTC_SetAlarm)
    i.RTC_SetCounter                         0x08003ce4   Section        0  stm32f10x_rtc.o(i.RTC_SetCounter)
    i.RTC_SetPrescaler                       0x08003d00   Section        0  stm32f10x_rtc.o(i.RTC_SetPrescaler)
    i.RTC_WaitForLastTask                    0x08003d20   Section        0  stm32f10x_rtc.o(i.RTC_WaitForLastTask)
    i.RTC_WaitForSynchro                     0x08003d34   Section        0  stm32f10x_rtc.o(i.RTC_WaitForSynchro)
    i.Ring_CallBack                          0x08003d58   Section        0  testui.o(i.Ring_CallBack)
    i.SVC_Handler                            0x08003f54   Section        0  stm32f10x_it.o(i.SVC_Handler)
    i.SetSysClock                            0x08003f56   Section        0  system_stm32f10x.o(i.SetSysClock)
    SetSysClock                              0x08003f57   Thumb Code     8  system_stm32f10x.o(i.SetSysClock)
    i.SetSysClockTo72                        0x08003f60   Section        0  system_stm32f10x.o(i.SetSysClockTo72)
    SetSysClockTo72                          0x08003f61   Thumb Code   214  system_stm32f10x.o(i.SetSysClockTo72)
    i.SysTick_Handler                        0x08004040   Section        0  stm32f10x_it.o(i.SysTick_Handler)
    i.SystemInit                             0x08004044   Section        0  system_stm32f10x.o(i.SystemInit)
    i.TestUI_Init                            0x080040a4   Section        0  testui.o(i.TestUI_Init)
    i.TestUI_Proc                            0x080041b4   Section        0  testui.o(i.TestUI_Proc)
    i.UsageFault_Handler                     0x080041bc   Section        0  stm32f10x_it.o(i.UsageFault_Handler)
    i._is_digit                              0x080041c0   Section        0  __printf_wp.o(i._is_digit)
    i.itoa                                   0x080041d0   Section        0  oled_ui.o(i.itoa)
    i.main                                   0x080041f4   Section        0  main.o(i.main)
    x$fpl$d2f                                0x08004500   Section       98  d2f.o(x$fpl$d2f)
    x$fpl$dadd                               0x08004564   Section      336  daddsub_clz.o(x$fpl$dadd)
    _dadd1                                   0x08004575   Thumb Code     0  daddsub_clz.o(x$fpl$dadd)
    x$fpl$dcmpinf                            0x080046b4   Section       24  dcmpi.o(x$fpl$dcmpinf)
    x$fpl$ddiv                               0x080046cc   Section      688  ddiv.o(x$fpl$ddiv)
    ddiv_entry                               0x080046d3   Thumb Code     0  ddiv.o(x$fpl$ddiv)
    x$fpl$dleqf                              0x0800497c   Section      120  dleqf.o(x$fpl$dleqf)
    x$fpl$dnaninf                            0x080049f4   Section      156  dnaninf.o(x$fpl$dnaninf)
    x$fpl$dretinf                            0x08004a90   Section       12  dretinf.o(x$fpl$dretinf)
    x$fpl$dsub                               0x08004a9c   Section      468  daddsub_clz.o(x$fpl$dsub)
    _dsub1                                   0x08004aad   Thumb Code     0  daddsub_clz.o(x$fpl$dsub)
    x$fpl$f2d                                0x08004c70   Section       86  f2d.o(x$fpl$f2d)
    x$fpl$fadd                               0x08004cc8   Section      196  faddsub_clz.o(x$fpl$fadd)
    _fadd1                                   0x08004cd7   Thumb Code     0  faddsub_clz.o(x$fpl$fadd)
    x$fpl$fcmpinf                            0x08004d8c   Section       24  fcmpi.o(x$fpl$fcmpinf)
    x$fpl$fdiv                               0x08004da4   Section      388  fdiv.o(x$fpl$fdiv)
    _fdiv1                                   0x08004da5   Thumb Code     0  fdiv.o(x$fpl$fdiv)
    x$fpl$feqf                               0x08004f28   Section      104  feqf.o(x$fpl$feqf)
    x$fpl$ffix                               0x08004f90   Section       54  ffix.o(x$fpl$ffix)
    x$fpl$ffixu                              0x08004fc8   Section       62  ffixu.o(x$fpl$ffixu)
    x$fpl$fflt                               0x08005008   Section       48  fflt_clz.o(x$fpl$fflt)
    x$fpl$ffltu                              0x08005038   Section       38  fflt_clz.o(x$fpl$ffltu)
    x$fpl$fmul                               0x08005060   Section      258  fmul.o(x$fpl$fmul)
    x$fpl$fnaninf                            0x08005162   Section      140  fnaninf.o(x$fpl$fnaninf)
    x$fpl$fretinf                            0x080051ee   Section       10  fretinf.o(x$fpl$fretinf)
    x$fpl$frsb                               0x080051f8   Section       20  faddsub_clz.o(x$fpl$frsb)
    x$fpl$fsub                               0x0800520c   Section      234  faddsub_clz.o(x$fpl$fsub)
    _fsub1                                   0x0800521b   Thumb Code     0  faddsub_clz.o(x$fpl$fsub)
    .constdata                               0x080052f6   Section     5510  oled_g.o(.constdata)
    x$fpl$usenofp                            0x080052f6   Section        0  usenofp.o(x$fpl$usenofp)
    .constdata                               0x0800687c   Section      830  testui.o(.constdata)
    .constdata                               0x08006bba   Section       17  __printf_flags_wp.o(.constdata)
    maptable                                 0x08006bba   Data          17  __printf_flags_wp.o(.constdata)
    .constdata                               0x08006bcb   Section       12  _monlen.o(.constdata)
    .conststring                             0x08006bd8   Section      172  testui.o(.conststring)
    .data                                    0x20000000   Section       20  system_stm32f10x.o(.data)
    .data                                    0x20000014   Section       20  stm32f10x_rcc.o(.data)
    APBAHBPrescTable                         0x20000014   Data          16  stm32f10x_rcc.o(.data)
    ADCPrescTable                            0x20000024   Data           4  stm32f10x_rcc.o(.data)
    .data                                    0x20000028   Section        4  oled_g.o(.data)
    now_end_point                            0x2000002a   Data           2  oled_g.o(.data)
    .data                                    0x2000002c   Section       40  oled_ui.o(.data)
    Gap_shine_time                           0x20000033   Data           1  oled_ui.o(.data)
    Uline_shine_time                         0x20000034   Data           1  oled_ui.o(.data)
    temp_num_pos                             0x2000004a   Data           1  oled_ui.o(.data)
    temp_dir                                 0x2000004b   Data           1  oled_ui.o(.data)
    temp_label_dir                           0x2000004c   Data           1  oled_ui.o(.data)
    temp                                     0x20000050   Data           4  oled_ui.o(.data)
    .data                                    0x20000054   Section      273  testui.o(.data)
    x                                        0x2000015c   Data           4  testui.o(.data)
    x_trg                                    0x20000160   Data           4  testui.o(.data)
    color                                    0x20000164   Data           1  testui.o(.data)
    .data                                    0x20000166   Section       34  main.o(.data)
    .bss                                     0x20000188   Section     1024  oled_g.o(.bss)
    .bss                                     0x20000588   Section      442  oled_ui.o(.bss)
    str                                      0x20000724   Data          10  oled_ui.o(.bss)
    str                                      0x2000072e   Data          10  oled_ui.o(.bss)
    str                                      0x20000738   Data          10  oled_ui.o(.bss)
    .bss                                     0x20000744   Section      400  testui.o(.bss)
    .bss                                     0x200008d4   Section       44  localtime.o(.bss)
    _tms                                     0x200008d4   Data          44  localtime.o(.bss)
    .bss                                     0x20000900   Section       96  libspace.o(.bss)
    HEAP                                     0x20000960   Section      512  startup_stm32f10x_md.o(HEAP)
    Heap_Mem                                 0x20000960   Data         512  startup_stm32f10x_md.o(HEAP)
    STACK                                    0x20000b60   Section     1024  startup_stm32f10x_md.o(STACK)
    Stack_Mem                                0x20000b60   Data        1024  startup_stm32f10x_md.o(STACK)
    __initial_sp                             0x20000f60   Data           0  startup_stm32f10x_md.o(STACK)

    Global Symbols

    Symbol Name                              Value     Ov Type        Size  Object(Section)

    BuildAttributes$$THM_ISAv4$P$D$K$B$S$PE$A:L22UL41UL21$X:L11$S22US41US21$IEEE1$IW$USESV6$~STKCKD$USESV7$~SHL$OTIME$ROPI$IEEEJ$EBA8$UX$STANDARDLIB$REQ8$PRES8$EABIv2 0x00000000   Number         0  anon$$obj.o ABSOLUTE
    __ARM_use_no_argv                        0x00000000   Number         0  main.o ABSOLUTE
    _printf_flags                            0x00000000   Number         0  printf_stubs.o ABSOLUTE
    _printf_return_value                     0x00000000   Number         0  printf_stubs.o ABSOLUTE
    _printf_sizespec                         0x00000000   Number         0  printf_stubs.o ABSOLUTE
    _printf_widthprec                        0x00000000   Number         0  printf_stubs.o ABSOLUTE
    __ARM_exceptions_init                     - Undefined Weak Reference
    __alloca_initialize                       - Undefined Weak Reference
    __arm_preinit_                            - Undefined Weak Reference
    __cpp_initialize__aeabi_                  - Undefined Weak Reference
    __cxa_finalize                            - Undefined Weak Reference
    __sigvec_lookup                           - Undefined Weak Reference
    _atexit_init                              - Undefined Weak Reference
    _call_atexit_fns                          - Undefined Weak Reference
    _clock_init                               - Undefined Weak Reference
    _fp_trap_init                             - Undefined Weak Reference
    _fp_trap_shutdown                         - Undefined Weak Reference
    _get_lc_collate                           - Undefined Weak Reference
    _get_lc_ctype                             - Undefined Weak Reference
    _get_lc_monetary                          - Undefined Weak Reference
    _get_lc_time                              - Undefined Weak Reference
    _getenv_init                              - Undefined Weak Reference
    _handle_redirection                       - Undefined Weak Reference
    _init_alloc                               - Undefined Weak Reference
    _init_user_alloc                          - Undefined Weak Reference
    _initio                                   - Undefined Weak Reference
    _printf_mbtowc                            - Undefined Weak Reference
    _printf_truncate_signed                   - Undefined Weak Reference
    _printf_truncate_unsigned                 - Undefined Weak Reference
    _rand_init                                - Undefined Weak Reference
    _signal_finish                            - Undefined Weak Reference
    _signal_init                              - Undefined Weak Reference
    _terminate_alloc                          - Undefined Weak Reference
    _terminate_user_alloc                     - Undefined Weak Reference
    _terminateio                              - Undefined Weak Reference
    __Vectors_Size                           0x000000ec   Number         0  startup_stm32f10x_md.o ABSOLUTE
    __Vectors                                0x08000000   Data           4  startup_stm32f10x_md.o(RESET)
    __Vectors_End                            0x080000ec   Data           0  startup_stm32f10x_md.o(RESET)
    __main                                   0x080000ed   Thumb Code     8  __main.o(!!!main)
    __scatterload                            0x080000f5   Thumb Code     0  __scatter.o(!!!scatter)
    __scatterload_rt2                        0x080000f5   Thumb Code    44  __scatter.o(!!!scatter)
    __scatterload_rt2_thumb_only             0x080000f5   Thumb Code     0  __scatter.o(!!!scatter)
    __scatterload_null                       0x08000103   Thumb Code     0  __scatter.o(!!!scatter)
    __decompress                             0x08000129   Thumb Code    90  __dczerorl2.o(!!dczerorl2)
    __decompress1                            0x08000129   Thumb Code     0  __dczerorl2.o(!!dczerorl2)
    __scatterload_zeroinit                   0x08000185   Thumb Code    28  __scatter_zi.o(!!handler_zi)
    _printf_d                                0x080001a1   Thumb Code     0  _printf_d.o(.ARM.Collect$$_printf_percent$$00000009)
    _printf_percent                          0x080001a1   Thumb Code     0  _printf_percent.o(.ARM.Collect$$_printf_percent$$00000000)
    _printf_c                                0x080001a7   Thumb Code     0  _printf_c.o(.ARM.Collect$$_printf_percent$$00000013)
    _printf_percent_end                      0x080001ad   Thumb Code     0  _printf_percent_end.o(.ARM.Collect$$_printf_percent$$00000017)
    __rt_lib_init                            0x080001b1   Thumb Code     0  libinit.o(.ARM.Collect$$libinit$$00000000)
    __rt_lib_init_alloca_1                   0x080001b3   Thumb Code     0  libinit2.o(.ARM.Collect$$libinit$$0000002E)
    __rt_lib_init_argv_1                     0x080001b3   Thumb Code     0  libinit2.o(.ARM.Collect$$libinit$$0000002C)
    __rt_lib_init_atexit_1                   0x080001b3   Thumb Code     0  libinit2.o(.ARM.Collect$$libinit$$0000001B)
    __rt_lib_init_clock_1                    0x080001b3   Thumb Code     0  libinit2.o(.ARM.Collect$$libinit$$00000021)
    __rt_lib_init_cpp_1                      0x080001b3   Thumb Code     0  libinit2.o(.ARM.Collect$$libinit$$00000032)
    __rt_lib_init_exceptions_1               0x080001b3   Thumb Code     0  libinit2.o(.ARM.Collect$$libinit$$00000030)
    __rt_lib_init_fp_1                       0x080001b3   Thumb Code     0  libinit2.o(.ARM.Collect$$libinit$$00000002)
    __rt_lib_init_fp_trap_1                  0x080001b3   Thumb Code     0  libinit2.o(.ARM.Collect$$libinit$$0000001F)
    __rt_lib_init_getenv_1                   0x080001b3   Thumb Code     0  libinit2.o(.ARM.Collect$$libinit$$00000023)
    __rt_lib_init_heap_1                     0x080001b3   Thumb Code     0  libinit2.o(.ARM.Collect$$libinit$$0000000A)
    __rt_lib_init_lc_collate_1               0x080001b3   Thumb Code     0  libinit2.o(.ARM.Collect$$libinit$$00000011)
    __rt_lib_init_lc_ctype_1                 0x080001b3   Thumb Code     0  libinit2.o(.ARM.Collect$$libinit$$00000013)
    __rt_lib_init_lc_monetary_1              0x080001b3   Thumb Code     0  libinit2.o(.ARM.Collect$$libinit$$00000015)
    __rt_lib_init_lc_numeric_1               0x080001b3   Thumb Code     0  libinit2.o(.ARM.Collect$$libinit$$00000017)
    __rt_lib_init_lc_time_1                  0x080001b3   Thumb Code     0  libinit2.o(.ARM.Collect$$libinit$$00000019)
    __rt_lib_init_preinit_1                  0x080001b3   Thumb Code     0  libinit2.o(.ARM.Collect$$libinit$$00000004)
    __rt_lib_init_rand_1                     0x080001b3   Thumb Code     0  libinit2.o(.ARM.Collect$$libinit$$0000000E)
    __rt_lib_init_return                     0x080001b3   Thumb Code     0  libinit2.o(.ARM.Collect$$libinit$$00000033)
    __rt_lib_init_signal_1                   0x080001b3   Thumb Code     0  libinit2.o(.ARM.Collect$$libinit$$0000001D)
    __rt_lib_init_stdio_1                    0x080001b3   Thumb Code     0  libinit2.o(.ARM.Collect$$libinit$$00000025)
    __rt_lib_init_user_alloc_1               0x080001b3   Thumb Code     0  libinit2.o(.ARM.Collect$$libinit$$0000000C)
    __rt_lib_shutdown                        0x080001b5   Thumb Code     0  libshutdown.o(.ARM.Collect$$libshutdown$$00000000)
    __rt_lib_shutdown_fp_trap_1              0x080001b7   Thumb Code     0  libshutdown2.o(.ARM.Collect$$libshutdown$$00000006)
    __rt_lib_shutdown_heap_1                 0x080001b7   Thumb Code     0  libshutdown2.o(.ARM.Collect$$libshutdown$$0000000E)
    __rt_lib_shutdown_return                 0x080001b7   Thumb Code     0  libshutdown2.o(.ARM.Collect$$libshutdown$$0000000F)
    __rt_lib_shutdown_signal_1               0x080001b7   Thumb Code     0  libshutdown2.o(.ARM.Collect$$libshutdown$$00000009)
    __rt_lib_shutdown_stdio_1                0x080001b7   Thumb Code     0  libshutdown2.o(.ARM.Collect$$libshutdown$$00000003)
    __rt_lib_shutdown_user_alloc_1           0x080001b7   Thumb Code     0  libshutdown2.o(.ARM.Collect$$libshutdown$$0000000B)
    __rt_entry                               0x080001b9   Thumb Code     0  __rtentry.o(.ARM.Collect$$rtentry$$00000000)
    __rt_entry_presh_1                       0x080001b9   Thumb Code     0  __rtentry2.o(.ARM.Collect$$rtentry$$00000002)
    __rt_entry_sh                            0x080001b9   Thumb Code     0  __rtentry4.o(.ARM.Collect$$rtentry$$00000004)
    __rt_entry_li                            0x080001bf   Thumb Code     0  __rtentry2.o(.ARM.Collect$$rtentry$$0000000A)
    __rt_entry_postsh_1                      0x080001bf   Thumb Code     0  __rtentry2.o(.ARM.Collect$$rtentry$$00000009)
    __rt_entry_main                          0x080001c3   Thumb Code     0  __rtentry2.o(.ARM.Collect$$rtentry$$0000000D)
    __rt_entry_postli_1                      0x080001c3   Thumb Code     0  __rtentry2.o(.ARM.Collect$$rtentry$$0000000C)
    __rt_exit                                0x080001cb   Thumb Code     0  rtexit.o(.ARM.Collect$$rtexit$$00000000)
    __rt_exit_ls                             0x080001cd   Thumb Code     0  rtexit2.o(.ARM.Collect$$rtexit$$00000003)
    __rt_exit_prels_1                        0x080001cd   Thumb Code     0  rtexit2.o(.ARM.Collect$$rtexit$$00000002)
    __rt_exit_exit                           0x080001d1   Thumb Code     0  rtexit2.o(.ARM.Collect$$rtexit$$00000004)
    Reset_Handler                            0x080001d9   Thumb Code     8  startup_stm32f10x_md.o(.text)
    ADC1_2_IRQHandler                        0x080001f3   Thumb Code     0  startup_stm32f10x_md.o(.text)
    CAN1_RX1_IRQHandler                      0x080001f3   Thumb Code     0  startup_stm32f10x_md.o(.text)
    CAN1_SCE_IRQHandler                      0x080001f3   Thumb Code     0  startup_stm32f10x_md.o(.text)
    DMA1_Channel1_IRQHandler                 0x080001f3   Thumb Code     0  startup_stm32f10x_md.o(.text)
    DMA1_Channel2_IRQHandler                 0x080001f3   Thumb Code     0  startup_stm32f10x_md.o(.text)
    DMA1_Channel3_IRQHandler                 0x080001f3   Thumb Code     0  startup_stm32f10x_md.o(.text)
    DMA1_Channel4_IRQHandler                 0x080001f3   Thumb Code     0  startup_stm32f10x_md.o(.text)
    DMA1_Channel5_IRQHandler                 0x080001f3   Thumb Code     0  startup_stm32f10x_md.o(.text)
    DMA1_Channel6_IRQHandler                 0x080001f3   Thumb Code     0  startup_stm32f10x_md.o(.text)
    DMA1_Channel7_IRQHandler                 0x080001f3   Thumb Code     0  startup_stm32f10x_md.o(.text)
    EXTI0_IRQHandler                         0x080001f3   Thumb Code     0  startup_stm32f10x_md.o(.text)
    EXTI15_10_IRQHandler                     0x080001f3   Thumb Code     0  startup_stm32f10x_md.o(.text)
    EXTI1_IRQHandler                         0x080001f3   Thumb Code     0  startup_stm32f10x_md.o(.text)
    EXTI2_IRQHandler                         0x080001f3   Thumb Code     0  startup_stm32f10x_md.o(.text)
    EXTI3_IRQHandler                         0x080001f3   Thumb Code     0  startup_stm32f10x_md.o(.text)
    EXTI4_IRQHandler                         0x080001f3   Thumb Code     0  startup_stm32f10x_md.o(.text)
    EXTI9_5_IRQHandler                       0x080001f3   Thumb Code     0  startup_stm32f10x_md.o(.text)
    FLASH_IRQHandler                         0x080001f3   Thumb Code     0  startup_stm32f10x_md.o(.text)
    I2C1_ER_IRQHandler                       0x080001f3   Thumb Code     0  startup_stm32f10x_md.o(.text)
    I2C1_EV_IRQHandler                       0x080001f3   Thumb Code     0  startup_stm32f10x_md.o(.text)
    I2C2_ER_IRQHandler                       0x080001f3   Thumb Code     0  startup_stm32f10x_md.o(.text)
    I2C2_EV_IRQHandler                       0x080001f3   Thumb Code     0  startup_stm32f10x_md.o(.text)
    PVD_IRQHandler                           0x080001f3   Thumb Code     0  startup_stm32f10x_md.o(.text)
    RCC_IRQHandler                           0x080001f3   Thumb Code     0  startup_stm32f10x_md.o(.text)
    RTCAlarm_IRQHandler                      0x080001f3   Thumb Code     0  startup_stm32f10x_md.o(.text)
    SPI1_IRQHandler                          0x080001f3   Thumb Code     0  startup_stm32f10x_md.o(.text)
    SPI2_IRQHandler                          0x080001f3   Thumb Code     0  startup_stm32f10x_md.o(.text)
    TAMPER_IRQHandler                        0x080001f3   Thumb Code     0  startup_stm32f10x_md.o(.text)
    TIM1_BRK_IRQHandler                      0x080001f3   Thumb Code     0  startup_stm32f10x_md.o(.text)
    TIM1_CC_IRQHandler                       0x080001f3   Thumb Code     0  startup_stm32f10x_md.o(.text)
    TIM1_TRG_COM_IRQHandler                  0x080001f3   Thumb Code     0  startup_stm32f10x_md.o(.text)
    TIM1_UP_IRQHandler                       0x080001f3   Thumb Code     0  startup_stm32f10x_md.o(.text)
    TIM2_IRQHandler                          0x080001f3   Thumb Code     0  startup_stm32f10x_md.o(.text)
    TIM3_IRQHandler                          0x080001f3   Thumb Code     0  startup_stm32f10x_md.o(.text)
    TIM4_IRQHandler                          0x080001f3   Thumb Code     0  startup_stm32f10x_md.o(.text)
    USART1_IRQHandler                        0x080001f3   Thumb Code     0  startup_stm32f10x_md.o(.text)
    USART2_IRQHandler                        0x080001f3   Thumb Code     0  startup_stm32f10x_md.o(.text)
    USART3_IRQHandler                        0x080001f3   Thumb Code     0  startup_stm32f10x_md.o(.text)
    USBWakeUp_IRQHandler                     0x080001f3   Thumb Code     0  startup_stm32f10x_md.o(.text)
    USB_HP_CAN1_TX_IRQHandler                0x080001f3   Thumb Code     0  startup_stm32f10x_md.o(.text)
    USB_LP_CAN1_RX0_IRQHandler               0x080001f3   Thumb Code     0  startup_stm32f10x_md.o(.text)
    WWDG_IRQHandler                          0x080001f3   Thumb Code     0  startup_stm32f10x_md.o(.text)
    __user_initial_stackheap                 0x080001f5   Thumb Code     0  startup_stm32f10x_md.o(.text)
    __2sprintf                               0x08000219   Thumb Code    34  noretval__2sprintf.o(.text)
    _printf_pre_padding                      0x08000241   Thumb Code    44  _printf_pad.o(.text)
    _printf_post_padding                     0x0800026d   Thumb Code    34  _printf_pad.o(.text)
    _printf_str                              0x0800028f   Thumb Code    82  _printf_str.o(.text)
    _printf_int_dec                          0x080002e1   Thumb Code   104  _printf_dec.o(.text)
    __printf                                 0x08000359   Thumb Code   308  __printf_flags_wp.o(.text)
    strlen                                   0x08000491   Thumb Code    62  strlen.o(.text)
    __aeabi_memclr                           0x080004cf   Thumb Code     0  rt_memclr.o(.text)
    __rt_memclr                              0x080004cf   Thumb Code    68  rt_memclr.o(.text)
    _memset                                  0x080004d3   Thumb Code     0  rt_memclr.o(.text)
    __aeabi_memclr4                          0x08000513   Thumb Code     0  rt_memclr_w.o(.text)
    __aeabi_memclr8                          0x08000513   Thumb Code     0  rt_memclr_w.o(.text)
    __rt_memclr_w                            0x08000513   Thumb Code    78  rt_memclr_w.o(.text)
    _memset_w                                0x08000517   Thumb Code     0  rt_memclr_w.o(.text)
    strcmp                                   0x08000561   Thumb Code   128  strcmpv7m.o(.text)
    localtime                                0x080005e1   Thumb Code     6  localtime.o(.text)
    mktime                                   0x0800062b   Thumb Code   352  mktime.o(.text)
    __use_two_region_memory                  0x08000795   Thumb Code     2  heapauxi.o(.text)
    __rt_heap_escrow$2region                 0x08000797   Thumb Code     2  heapauxi.o(.text)
    __rt_heap_expand$2region                 0x08000799   Thumb Code     2  heapauxi.o(.text)
    _printf_int_common                       0x0800079b   Thumb Code   178  _printf_intcommon.o(.text)
    _printf_char_common                      0x08000857   Thumb Code    32  _printf_char_common.o(.text)
    _sputc                                   0x0800087d   Thumb Code    10  _sputc.o(.text)
    _printf_cs_common                        0x08000887   Thumb Code    20  _printf_char.o(.text)
    _printf_char                             0x0800089b   Thumb Code    16  _printf_char.o(.text)
    _printf_string                           0x080008ab   Thumb Code     8  _printf_char.o(.text)
    _localtime_r                             0x080008b5   Thumb Code   178  localtime_internal.o(.text)
    _n$localtime_r                           0x080008b5   Thumb Code     0  localtime_internal.o(.text)
    __user_libspace                          0x0800096d   Thumb Code     8  libspace.o(.text)
    __user_perproc_libspace                  0x0800096d   Thumb Code     0  libspace.o(.text)
    __user_perthread_libspace                0x0800096d   Thumb Code     0  libspace.o(.text)
    __user_setup_stackheap                   0x08000975   Thumb Code    74  sys_stackheap_outer.o(.text)
    exit                                     0x080009bf   Thumb Code    12  exit.o(.text)
    _sys_exit                                0x080009cd   Thumb Code     8  sys_exit.o(.text)
    __I$use$semihosting                      0x080009d9   Thumb Code     0  use_no_semi.o(.text)
    __use_no_semihosting_swi                 0x080009d9   Thumb Code     2  use_no_semi.o(.text)
    __semihosting_library_function           0x080009db   Thumb Code     0  indicate_semi.o(.text)
    About_CallBack                           0x080009dd   Thumb Code    70  testui.o(i.About_CallBack)
    Alarm12_CallBack                         0x08000a39   Thumb Code   138  testui.o(i.Alarm12_CallBack)
    BKP_ReadBackupRegister                   0x08000ad1   Thumb Code    24  stm32f10x_bkp.o(i.BKP_ReadBackupRegister)
    BKP_WriteBackupRegister                  0x08000aed   Thumb Code    22  stm32f10x_bkp.o(i.BKP_WriteBackupRegister)
    BusFault_Handler                         0x08000b09   Thumb Code     4  stm32f10x_it.o(i.BusFault_Handler)
    Buzzer_Init                              0x08000b0d   Thumb Code    46  buzzer.o(i.Buzzer_Init)
    Buzzer_OFF                               0x08000b41   Thumb Code    12  buzzer.o(i.Buzzer_OFF)
    Buzzer_ON                                0x08000b51   Thumb Code    12  buzzer.o(i.Buzzer_ON)
    CalendarPage_CallBack                    0x08000b61   Thumb Code   108  testui.o(i.CalendarPage_CallBack)
    ClockPage_CallBack                       0x08000be1   Thumb Code    20  testui.o(i.ClockPage_CallBack)
    DebugMon_Handler                         0x08000bf9   Thumb Code     2  stm32f10x_it.o(i.DebugMon_Handler)
    Delay_ms                                 0x08000bfb   Thumb Code    24  delay.o(i.Delay_ms)
    Delay_us                                 0x08000c13   Thumb Code    46  delay.o(i.Delay_us)
    GPIO_Init                                0x08000c41   Thumb Code   278  stm32f10x_gpio.o(i.GPIO_Init)
    GPIO_ReadInputDataBit                    0x08000d57   Thumb Code    18  stm32f10x_gpio.o(i.GPIO_ReadInputDataBit)
    GPIO_ResetBits                           0x08000d69   Thumb Code     4  stm32f10x_gpio.o(i.GPIO_ResetBits)
    GPIO_SetBits                             0x08000d6d   Thumb Code     4  stm32f10x_gpio.o(i.GPIO_SetBits)
    HardFault_Handler                        0x08000d71   Thumb Code     4  stm32f10x_it.o(i.HardFault_Handler)
    I2C_CheckEvent                           0x08000d75   Thumb Code    42  stm32f10x_i2c.o(i.I2C_CheckEvent)
    I2C_Cmd                                  0x08000d9f   Thumb Code    24  stm32f10x_i2c.o(i.I2C_Cmd)
    I2C_GenerateSTART                        0x08000db7   Thumb Code    24  stm32f10x_i2c.o(i.I2C_GenerateSTART)
    I2C_GenerateSTOP                         0x08000dcf   Thumb Code    24  stm32f10x_i2c.o(i.I2C_GenerateSTOP)
    I2C_Init                                 0x08000de9   Thumb Code   222  stm32f10x_i2c.o(i.I2C_Init)
    I2C_Send7bitAddress                      0x08000ed5   Thumb Code    18  stm32f10x_i2c.o(i.I2C_Send7bitAddress)
    I2C_SendData                             0x08000ee7   Thumb Code     4  stm32f10x_i2c.o(i.I2C_SendData)
    Key_GetNum                               0x08000eed   Thumb Code   174  key.o(i.Key_GetNum)
    Key_Init                                 0x08000fa1   Thumb Code    40  key.o(i.Key_Init)
    MainPage_CallBack                        0x08000fcd   Thumb Code    70  testui.o(i.MainPage_CallBack)
    MemManage_Handler                        0x08001025   Thumb Code     4  stm32f10x_it.o(i.MemManage_Handler)
    MyRTC_AlarmSet                           0x08001029   Thumb Code    60  myrtc.o(i.MyRTC_AlarmSet)
    MyRTC_Init                               0x08001065   Thumb Code   182  myrtc.o(i.MyRTC_Init)
    MyRTC_ReadTime                           0x08001121   Thumb Code    54  myrtc.o(i.MyRTC_ReadTime)
    MyRTC_SetTime                            0x08001157   Thumb Code    60  myrtc.o(i.MyRTC_SetTime)
    NMI_Handler                              0x08001193   Thumb Code     2  stm32f10x_it.o(i.NMI_Handler)
    NVIC_Init                                0x08001195   Thumb Code   100  misc.o(i.NVIC_Init)
    NVIC_PriorityGroupConfig                 0x08001205   Thumb Code    10  misc.o(i.NVIC_PriorityGroupConfig)
    OLEDI2C_Init                             0x08001219   Thumb Code   118  oled_port.o(i.OLEDI2C_Init)
    OLED_AllSrcFade                          0x0800129d   Thumb Code    66  oled_g.o(i.OLED_AllSrcFade)
    OLED_Animation                           0x080012e5   Thumb Code   152  oled_g.o(i.OLED_Animation)
    OLED_Clear                               0x080013ed   Thumb Code    42  oled_port.o(i.OLED_Clear)
    OLED_ClearBuff                           0x08001419   Thumb Code    14  oled_g.o(i.OLED_ClearBuff)
    OLED_DigitalPageInit                     0x08001881   Thumb Code   106  oled_ui.o(i.OLED_DigitalPageInit)
    OLED_DigitalPage_UpdateDigitalNumAnimation 0x080018f9   Thumb Code   122  oled_ui.o(i.OLED_DigitalPage_UpdateDigitalNumAnimation)
    OLED_DigitalPage_UpdateLabelAnimation    0x08001979   Thumb Code    88  oled_ui.o(i.OLED_DigitalPage_UpdateLabelAnimation)
    OLED_GetStrWidth                         0x080022fd   Thumb Code    44  oled_g.o(i.OLED_GetStrWidth)
    OLED_Init                                0x08002329   Thumb Code   174  oled_port.o(i.OLED_Init)
    OLED_MsgQueRead                          0x080023d9   Thumb Code    46  oled_ui.o(i.OLED_MsgQueRead)
    OLED_MsgQueSend                          0x08002415   Thumb Code    60  oled_ui.o(i.OLED_MsgQueSend)
    OLED_RaderPicAnimInit                    0x0800248d   Thumb Code    24  oled_ui.o(i.OLED_RaderPicAnimInit)
    OLED_RaderPicPageInit                    0x080024a9   Thumb Code    58  oled_ui.o(i.OLED_RaderPicPageInit)
    OLED_RaderPicReact                       0x080024f1   Thumb Code    36  oled_ui.o(i.OLED_RaderPicReact)
    OLED_RaderPicShow                        0x08002515   Thumb Code   488  oled_ui.o(i.OLED_RaderPicShow)
    OLED_RefreshBuff                         0x08002705   Thumb Code    10  oled_g.o(i.OLED_RefreshBuff)
    OLED_SendBuff                            0x08002715   Thumb Code    48  oled_port.o(i.OLED_SendBuff)
    OLED_SetCursor                           0x08002745   Thumb Code    34  oled_port.o(i.OLED_SetCursor)
    OLED_SetPointColor                       0x08002769   Thumb Code    42  oled_g.o(i.OLED_SetPointColor)
    OLED_TitlePageInit                       0x080027cd   Thumb Code    82  oled_ui.o(i.OLED_TitlePageInit)
    OLED_UIChangeCurrentPage                 0x08002b4d   Thumb Code    20  oled_ui.o(i.OLED_UIChangeCurrentPage)
    OLED_UIGetCurrentPageID                  0x08002b65   Thumb Code     6  oled_ui.o(i.OLED_UIGetCurrentPageID)
    OLED_UIJumpToPage                        0x08002b71   Thumb Code    24  oled_ui.o(i.OLED_UIJumpToPage)
    OLED_UIProc                              0x08002d0d   Thumb Code    46  oled_ui.o(i.OLED_UIProc)
    OLED_UiInit                              0x08002d41   Thumb Code    86  oled_ui.o(i.OLED_UiInit)
    OLED_WinDrawASCII                        0x08003011   Thumb Code   300  oled_g.o(i.OLED_WinDrawASCII)
    OLED_WinDrawBMP                          0x08003149   Thumb Code   314  oled_g.o(i.OLED_WinDrawBMP)
    OLED_WinDrawHLine                        0x08003283   Thumb Code    86  oled_g.o(i.OLED_WinDrawHLine)
    OLED_WinDrawLine                         0x080032d9   Thumb Code   294  oled_g.o(i.OLED_WinDrawLine)
    OLED_WinDrawPoint                        0x080033ff   Thumb Code    22  oled_g.o(i.OLED_WinDrawPoint)
    OLED_WinDrawRBox                         0x08003415   Thumb Code    96  oled_g.o(i.OLED_WinDrawRBox)
    OLED_WinDrawRBoxEmpty                    0x08003475   Thumb Code   144  oled_g.o(i.OLED_WinDrawRBoxEmpty)
    OLED_WinDrawRaderPic                     0x08003505   Thumb Code   546  oled_g.o(i.OLED_WinDrawRaderPic)
    OLED_WinDrawStr                          0x0800372d   Thumb Code    60  oled_g.o(i.OLED_WinDrawStr)
    OLED_WinDrawVLine                        0x08003769   Thumb Code   182  oled_g.o(i.OLED_WinDrawVLine)
    OLED_WriteCommand                        0x08003959   Thumb Code   108  oled_port.o(i.OLED_WriteCommand)
    OLED_WriteData                           0x080039d1   Thumb Code   108  oled_port.o(i.OLED_WriteData)
    PWR_BackupAccessCmd                      0x08003a49   Thumb Code     6  stm32f10x_pwr.o(i.PWR_BackupAccessCmd)
    PendSV_Handler                           0x08003a55   Thumb Code     2  stm32f10x_it.o(i.PendSV_Handler)
    RCC_APB1PeriphClockCmd                   0x08003a59   Thumb Code    26  stm32f10x_rcc.o(i.RCC_APB1PeriphClockCmd)
    RCC_APB2PeriphClockCmd                   0x08003a79   Thumb Code    26  stm32f10x_rcc.o(i.RCC_APB2PeriphClockCmd)
    RCC_GetClocksFreq                        0x08003a99   Thumb Code   192  stm32f10x_rcc.o(i.RCC_GetClocksFreq)
    RCC_GetFlagStatus                        0x08003b6d   Thumb Code    56  stm32f10x_rcc.o(i.RCC_GetFlagStatus)
    RCC_LSEConfig                            0x08003ba9   Thumb Code    46  stm32f10x_rcc.o(i.RCC_LSEConfig)
    RCC_RTCCLKCmd                            0x08003bdd   Thumb Code     6  stm32f10x_rcc.o(i.RCC_RTCCLKCmd)
    RCC_RTCCLKConfig                         0x08003be9   Thumb Code    12  stm32f10x_rcc.o(i.RCC_RTCCLKConfig)
    RTC_ClearITPendingBit                    0x08003bf9   Thumb Code    12  stm32f10x_rtc.o(i.RTC_ClearITPendingBit)
    RTC_EnterConfigMode                      0x08003c09   Thumb Code    14  stm32f10x_rtc.o(i.RTC_EnterConfigMode)
    RTC_ExitConfigMode                       0x08003c1d   Thumb Code    16  stm32f10x_rtc.o(i.RTC_ExitConfigMode)
    RTC_GetCounter                           0x08003c31   Thumb Code    16  stm32f10x_rtc.o(i.RTC_GetCounter)
    RTC_GetITStatus                          0x08003c45   Thumb Code    32  stm32f10x_rtc.o(i.RTC_GetITStatus)
    RTC_IRQHandler                           0x08003c69   Thumb Code    54  myrtc.o(i.RTC_IRQHandler)
    RTC_ITConfig                             0x08003ca9   Thumb Code    26  stm32f10x_rtc.o(i.RTC_ITConfig)
    RTC_SetAlarm                             0x08003cc9   Thumb Code    24  stm32f10x_rtc.o(i.RTC_SetAlarm)
    RTC_SetCounter                           0x08003ce5   Thumb Code    24  stm32f10x_rtc.o(i.RTC_SetCounter)
    RTC_SetPrescaler                         0x08003d01   Thumb Code    26  stm32f10x_rtc.o(i.RTC_SetPrescaler)
    RTC_WaitForLastTask                      0x08003d21   Thumb Code    16  stm32f10x_rtc.o(i.RTC_WaitForLastTask)
    RTC_WaitForSynchro                       0x08003d35   Thumb Code    30  stm32f10x_rtc.o(i.RTC_WaitForSynchro)
    Ring_CallBack                            0x08003d59   Thumb Code   404  testui.o(i.Ring_CallBack)
    SVC_Handler                              0x08003f55   Thumb Code     2  stm32f10x_it.o(i.SVC_Handler)
    SysTick_Handler                          0x08004041   Thumb Code     2  stm32f10x_it.o(i.SysTick_Handler)
    SystemInit                               0x08004045   Thumb Code    78  system_stm32f10x.o(i.SystemInit)
    TestUI_Init                              0x080040a5   Thumb Code   192  testui.o(i.TestUI_Init)
    TestUI_Proc                              0x080041b5   Thumb Code     8  testui.o(i.TestUI_Proc)
    UsageFault_Handler                       0x080041bd   Thumb Code     4  stm32f10x_it.o(i.UsageFault_Handler)
    _is_digit                                0x080041c1   Thumb Code    14  __printf_wp.o(i._is_digit)
    itoa                                     0x080041d1   Thumb Code    26  oled_ui.o(i.itoa)
    main                                     0x080041f5   Thumb Code   734  main.o(i.main)
    __aeabi_d2f                              0x08004501   Thumb Code     0  d2f.o(x$fpl$d2f)
    _d2f                                     0x08004501   Thumb Code    98  d2f.o(x$fpl$d2f)
    __aeabi_dadd                             0x08004565   Thumb Code     0  daddsub_clz.o(x$fpl$dadd)
    _dadd                                    0x08004565   Thumb Code   332  daddsub_clz.o(x$fpl$dadd)
    __fpl_dcmp_Inf                           0x080046b5   Thumb Code    24  dcmpi.o(x$fpl$dcmpinf)
    __aeabi_ddiv                             0x080046cd   Thumb Code     0  ddiv.o(x$fpl$ddiv)
    _ddiv                                    0x080046cd   Thumb Code   552  ddiv.o(x$fpl$ddiv)
    __aeabi_cdcmple                          0x0800497d   Thumb Code     0  dleqf.o(x$fpl$dleqf)
    _dcmple                                  0x0800497d   Thumb Code   120  dleqf.o(x$fpl$dleqf)
    __fpl_dcmple_InfNaN                      0x080049df   Thumb Code     0  dleqf.o(x$fpl$dleqf)
    __fpl_dnaninf                            0x080049f5   Thumb Code   156  dnaninf.o(x$fpl$dnaninf)
    __fpl_dretinf                            0x08004a91   Thumb Code    12  dretinf.o(x$fpl$dretinf)
    __aeabi_dsub                             0x08004a9d   Thumb Code     0  daddsub_clz.o(x$fpl$dsub)
    _dsub                                    0x08004a9d   Thumb Code   464  daddsub_clz.o(x$fpl$dsub)
    __aeabi_f2d                              0x08004c71   Thumb Code     0  f2d.o(x$fpl$f2d)
    _f2d                                     0x08004c71   Thumb Code    86  f2d.o(x$fpl$f2d)
    __aeabi_fadd                             0x08004cc9   Thumb Code     0  faddsub_clz.o(x$fpl$fadd)
    _fadd                                    0x08004cc9   Thumb Code   196  faddsub_clz.o(x$fpl$fadd)
    __fpl_fcmp_Inf                           0x08004d8d   Thumb Code    24  fcmpi.o(x$fpl$fcmpinf)
    __aeabi_fdiv                             0x08004da5   Thumb Code     0  fdiv.o(x$fpl$fdiv)
    _fdiv                                    0x08004da5   Thumb Code   384  fdiv.o(x$fpl$fdiv)
    __aeabi_cfcmpeq                          0x08004f29   Thumb Code     0  feqf.o(x$fpl$feqf)
    _fcmpeq                                  0x08004f29   Thumb Code   104  feqf.o(x$fpl$feqf)
    __aeabi_f2iz                             0x08004f91   Thumb Code     0  ffix.o(x$fpl$ffix)
    _ffix                                    0x08004f91   Thumb Code    54  ffix.o(x$fpl$ffix)
    __aeabi_f2uiz                            0x08004fc9   Thumb Code     0  ffixu.o(x$fpl$ffixu)
    _ffixu                                   0x08004fc9   Thumb Code    62  ffixu.o(x$fpl$ffixu)
    __aeabi_i2f                              0x08005009   Thumb Code     0  fflt_clz.o(x$fpl$fflt)
    _fflt                                    0x08005009   Thumb Code    48  fflt_clz.o(x$fpl$fflt)
    __aeabi_ui2f                             0x08005039   Thumb Code     0  fflt_clz.o(x$fpl$ffltu)
    _ffltu                                   0x08005039   Thumb Code    38  fflt_clz.o(x$fpl$ffltu)
    __aeabi_fmul                             0x08005061   Thumb Code     0  fmul.o(x$fpl$fmul)
    _fmul                                    0x08005061   Thumb Code   258  fmul.o(x$fpl$fmul)
    __fpl_fnaninf                            0x08005163   Thumb Code   140  fnaninf.o(x$fpl$fnaninf)
    __fpl_fretinf                            0x080051ef   Thumb Code    10  fretinf.o(x$fpl$fretinf)
    __aeabi_frsub                            0x080051f9   Thumb Code     0  faddsub_clz.o(x$fpl$frsb)
    _frsb                                    0x080051f9   Thumb Code    20  faddsub_clz.o(x$fpl$frsb)
    __aeabi_fsub                             0x0800520d   Thumb Code     0  faddsub_clz.o(x$fpl$fsub)
    _fsub                                    0x0800520d   Thumb Code   234  faddsub_clz.o(x$fpl$fsub)
    F6x8                                     0x080052f6   Data         570  oled_g.o(.constdata)
    __I$use$fp                               0x080052f6   Number         0  usenofp.o(x$fpl$usenofp)
    F8X16                                    0x08005530   Data        1520  oled_g.o(.constdata)
    F12X24                                   0x08005b20   Data        3420  oled_g.o(.constdata)
    main_icon_array                          0x0800687c   Data         480  testui.o(.constdata)
    QRCode                                   0x08006a5c   Data         350  testui.o(.constdata)
    _monlen                                  0x08006bcb   Data          12  _monlen.o(.constdata)
    Region$$Table$$Base                      0x08006c84   Number         0  anon$$obj.o(Region$$Table)
    Region$$Table$$Limit                     0x08006ca4   Number         0  anon$$obj.o(Region$$Table)
    SystemCoreClock                          0x20000000   Data           4  system_stm32f10x.o(.data)
    AHBPrescTable                            0x20000004   Data          16  system_stm32f10x.o(.data)
    oled_color                               0x20000028   Data           1  oled_g.o(.data)
    radio_click_flag                         0x2000002c   Data           1  oled_ui.o(.data)
    digital_num_xindex                       0x2000002d   Data           6  oled_ui.o(.data)
    num_array                                0x20000035   Data           6  oled_ui.o(.data)
    last_or_next_label_index                 0x2000003b   Data           1  oled_ui.o(.data)
    w_all                                    0x2000003c   Data           8  oled_ui.o(.data)
    msg_queue                                0x20000044   Data           4  oled_ui.o(.data)
    msg_que_font                             0x20000048   Data           1  oled_ui.o(.data)
    msg_que_rear                             0x20000049   Data           1  oled_ui.o(.data)
    fps                                      0x20000054   Data           2  testui.o(.data)
    update_flag                              0x20000056   Data           1  testui.o(.data)
    mian_option_array                        0x20000058   Data          64  testui.o(.data)
    calendar_option_array                    0x20000098   Data          48  testui.o(.data)
    week_str                                 0x200000c8   Data          28  testui.o(.data)
    clock_option_array                       0x200000e4   Data          48  testui.o(.data)
    alarm1_option_array                      0x20000114   Data          48  testui.o(.data)
    alarm12_label_array                      0x20000144   Data          12  testui.o(.data)
    qrcode_raderpic                          0x20000150   Data          12  testui.o(.data)
    time                                     0x20000166   Data          14  main.o(.data)
    alarm                                    0x20000174   Data          14  main.o(.data)
    time_out                                 0x20000182   Data           2  main.o(.data)
    Alarm_TimeSet_Flag                       0x20000184   Data           1  main.o(.data)
    countdown                                0x20000186   Data           2  main.o(.data)
    oled_buff                                0x20000188   Data        1024  oled_g.o(.bss)
    wave_tag                                 0x20000588   Data         200  oled_ui.o(.bss)
    ui_para                                  0x20000650   Data          12  oled_ui.o(.bss)
    ui                                       0x2000065c   Data          72  oled_ui.o(.bss)
    page_array                               0x200006a4   Data         128  oled_ui.o(.bss)
    main_page                                0x20000744   Data          68  testui.o(.bss)
    calendar_page                            0x20000788   Data          84  testui.o(.bss)
    clock_page                               0x200007dc   Data          84  testui.o(.bss)
    alarm1_page                              0x20000830   Data          84  testui.o(.bss)
    about_page                               0x20000884   Data          40  testui.o(.bss)
    ring_page                                0x200008ac   Data          40  testui.o(.bss)
    __libspace_start                         0x20000900   Data          96  libspace.o(.bss)
    __temporary_stack_top$libspace           0x20000960   Data           0  libspace.o(.bss)



==============================================================================

Memory Map of the image

  Image Entry point : 0x080000ed

  Load Region LR_IROM1 (Base: 0x08000000, Size: 0x00006e2c, Max: 0x00010000, ABSOLUTE, COMPRESSED[0x00006d40])

    Execution Region ER_IROM1 (Exec base: 0x08000000, Load base: 0x08000000, Size: 0x00006ca4, Max: 0x00010000, ABSOLUTE)

    Exec Addr    Load Addr    Size         Type   Attr      Idx    E Section Name        Object

    0x08000000   0x08000000   0x000000ec   Data   RO            3    RESET               startup_stm32f10x_md.o
    0x080000ec   0x080000ec   0x00000008   Code   RO         4107  * !!!main             c_w.l(__main.o)
    0x080000f4   0x080000f4   0x00000034   Code   RO         4385    !!!scatter          c_w.l(__scatter.o)
    0x08000128   0x08000128   0x0000005a   Code   RO         4383    !!dczerorl2         c_w.l(__dczerorl2.o)
    0x08000182   0x08000182   0x00000002   PAD
    0x08000184   0x08000184   0x0000001c   Code   RO         4387    !!handler_zi        c_w.l(__scatter_zi.o)
    0x080001a0   0x080001a0   0x00000000   Code   RO         4091    .ARM.Collect$$_printf_percent$$00000000  c_w.l(_printf_percent.o)
    0x080001a0   0x080001a0   0x00000006   Code   RO         4089    .ARM.Collect$$_printf_percent$$00000009  c_w.l(_printf_d.o)
    0x080001a6   0x080001a6   0x00000006   Code   RO         4088    .ARM.Collect$$_printf_percent$$00000013  c_w.l(_printf_c.o)
    0x080001ac   0x080001ac   0x00000004   Code   RO         4170    .ARM.Collect$$_printf_percent$$00000017  c_w.l(_printf_percent_end.o)
    0x080001b0   0x080001b0   0x00000002   Code   RO         4257    .ARM.Collect$$libinit$$00000000  c_w.l(libinit.o)
    0x080001b2   0x080001b2   0x00000000   Code   RO         4259    .ARM.Collect$$libinit$$00000002  c_w.l(libinit2.o)
    0x080001b2   0x080001b2   0x00000000   Code   RO         4261    .ARM.Collect$$libinit$$00000004  c_w.l(libinit2.o)
    0x080001b2   0x080001b2   0x00000000   Code   RO         4264    .ARM.Collect$$libinit$$0000000A  c_w.l(libinit2.o)
    0x080001b2   0x080001b2   0x00000000   Code   RO         4266    .ARM.Collect$$libinit$$0000000C  c_w.l(libinit2.o)
    0x080001b2   0x080001b2   0x00000000   Code   RO         4268    .ARM.Collect$$libinit$$0000000E  c_w.l(libinit2.o)
    0x080001b2   0x080001b2   0x00000000   Code   RO         4271    .ARM.Collect$$libinit$$00000011  c_w.l(libinit2.o)
    0x080001b2   0x080001b2   0x00000000   Code   RO         4273    .ARM.Collect$$libinit$$00000013  c_w.l(libinit2.o)
    0x080001b2   0x080001b2   0x00000000   Code   RO         4275    .ARM.Collect$$libinit$$00000015  c_w.l(libinit2.o)
    0x080001b2   0x080001b2   0x00000000   Code   RO         4277    .ARM.Collect$$libinit$$00000017  c_w.l(libinit2.o)
    0x080001b2   0x080001b2   0x00000000   Code   RO         4279    .ARM.Collect$$libinit$$00000019  c_w.l(libinit2.o)
    0x080001b2   0x080001b2   0x00000000   Code   RO         4281    .ARM.Collect$$libinit$$0000001B  c_w.l(libinit2.o)
    0x080001b2   0x080001b2   0x00000000   Code   RO         4283    .ARM.Collect$$libinit$$0000001D  c_w.l(libinit2.o)
    0x080001b2   0x080001b2   0x00000000   Code   RO         4285    .ARM.Collect$$libinit$$0000001F  c_w.l(libinit2.o)
    0x080001b2   0x080001b2   0x00000000   Code   RO         4287    .ARM.Collect$$libinit$$00000021  c_w.l(libinit2.o)
    0x080001b2   0x080001b2   0x00000000   Code   RO         4289    .ARM.Collect$$libinit$$00000023  c_w.l(libinit2.o)
    0x080001b2   0x080001b2   0x00000000   Code   RO         4291    .ARM.Collect$$libinit$$00000025  c_w.l(libinit2.o)
    0x080001b2   0x080001b2   0x00000000   Code   RO         4295    .ARM.Collect$$libinit$$0000002C  c_w.l(libinit2.o)
    0x080001b2   0x080001b2   0x00000000   Code   RO         4297    .ARM.Collect$$libinit$$0000002E  c_w.l(libinit2.o)
    0x080001b2   0x080001b2   0x00000000   Code   RO         4299    .ARM.Collect$$libinit$$00000030  c_w.l(libinit2.o)
    0x080001b2   0x080001b2   0x00000000   Code   RO         4301    .ARM.Collect$$libinit$$00000032  c_w.l(libinit2.o)
    0x080001b2   0x080001b2   0x00000002   Code   RO         4302    .ARM.Collect$$libinit$$00000033  c_w.l(libinit2.o)
    0x080001b4   0x080001b4   0x00000002   Code   RO         4332    .ARM.Collect$$libshutdown$$00000000  c_w.l(libshutdown.o)
    0x080001b6   0x080001b6   0x00000000   Code   RO         4344    .ARM.Collect$$libshutdown$$00000003  c_w.l(libshutdown2.o)
    0x080001b6   0x080001b6   0x00000000   Code   RO         4347    .ARM.Collect$$libshutdown$$00000006  c_w.l(libshutdown2.o)
    0x080001b6   0x080001b6   0x00000000   Code   RO         4350    .ARM.Collect$$libshutdown$$00000009  c_w.l(libshutdown2.o)
    0x080001b6   0x080001b6   0x00000000   Code   RO         4352    .ARM.Collect$$libshutdown$$0000000B  c_w.l(libshutdown2.o)
    0x080001b6   0x080001b6   0x00000000   Code   RO         4355    .ARM.Collect$$libshutdown$$0000000E  c_w.l(libshutdown2.o)
    0x080001b6   0x080001b6   0x00000002   Code   RO         4356    .ARM.Collect$$libshutdown$$0000000F  c_w.l(libshutdown2.o)
    0x080001b8   0x080001b8   0x00000000   Code   RO         4159    .ARM.Collect$$rtentry$$00000000  c_w.l(__rtentry.o)
    0x080001b8   0x080001b8   0x00000000   Code   RO         4188    .ARM.Collect$$rtentry$$00000002  c_w.l(__rtentry2.o)
    0x080001b8   0x080001b8   0x00000006   Code   RO         4200    .ARM.Collect$$rtentry$$00000004  c_w.l(__rtentry4.o)
    0x080001be   0x080001be   0x00000000   Code   RO         4190    .ARM.Collect$$rtentry$$00000009  c_w.l(__rtentry2.o)
    0x080001be   0x080001be   0x00000004   Code   RO         4191    .ARM.Collect$$rtentry$$0000000A  c_w.l(__rtentry2.o)
    0x080001c2   0x080001c2   0x00000000   Code   RO         4193    .ARM.Collect$$rtentry$$0000000C  c_w.l(__rtentry2.o)
    0x080001c2   0x080001c2   0x00000008   Code   RO         4194    .ARM.Collect$$rtentry$$0000000D  c_w.l(__rtentry2.o)
    0x080001ca   0x080001ca   0x00000002   Code   RO         4303    .ARM.Collect$$rtexit$$00000000  c_w.l(rtexit.o)
    0x080001cc   0x080001cc   0x00000000   Code   RO         4310    .ARM.Collect$$rtexit$$00000002  c_w.l(rtexit2.o)
    0x080001cc   0x080001cc   0x00000004   Code   RO         4311    .ARM.Collect$$rtexit$$00000003  c_w.l(rtexit2.o)
    0x080001d0   0x080001d0   0x00000006   Code   RO         4312    .ARM.Collect$$rtexit$$00000004  c_w.l(rtexit2.o)
    0x080001d6   0x080001d6   0x00000002   PAD
    0x080001d8   0x080001d8   0x00000040   Code   RO            4    .text               startup_stm32f10x_md.o
    0x08000218   0x08000218   0x00000028   Code   RO         4058    .text               c_w.l(noretval__2sprintf.o)
    0x08000240   0x08000240   0x0000004e   Code   RO         4062    .text               c_w.l(_printf_pad.o)
    0x0800028e   0x0800028e   0x00000052   Code   RO         4064    .text               c_w.l(_printf_str.o)
    0x080002e0   0x080002e0   0x00000078   Code   RO         4066    .text               c_w.l(_printf_dec.o)
    0x08000358   0x08000358   0x00000138   Code   RO         4080    .text               c_w.l(__printf_flags_wp.o)
    0x08000490   0x08000490   0x0000003e   Code   RO         4092    .text               c_w.l(strlen.o)
    0x080004ce   0x080004ce   0x00000044   Code   RO         4094    .text               c_w.l(rt_memclr.o)
    0x08000512   0x08000512   0x0000004e   Code   RO         4096    .text               c_w.l(rt_memclr_w.o)
    0x08000560   0x08000560   0x00000080   Code   RO         4098    .text               c_w.l(strcmpv7m.o)
    0x080005e0   0x080005e0   0x0000000c   Code   RO         4100    .text               c_w.l(localtime.o)
    0x080005ec   0x080005ec   0x000001a8   Code   RO         4103    .text               c_w.l(mktime.o)
    0x08000794   0x08000794   0x00000006   Code   RO         4105    .text               c_w.l(heapauxi.o)
    0x0800079a   0x0800079a   0x000000b2   Code   RO         4160    .text               c_w.l(_printf_intcommon.o)
    0x0800084c   0x0800084c   0x00000030   Code   RO         4164    .text               c_w.l(_printf_char_common.o)
    0x0800087c   0x0800087c   0x0000000a   Code   RO         4166    .text               c_w.l(_sputc.o)
    0x08000886   0x08000886   0x0000002c   Code   RO         4168    .text               c_w.l(_printf_char.o)
    0x080008b2   0x080008b2   0x00000002   PAD
    0x080008b4   0x080008b4   0x000000b8   Code   RO         4172    .text               c_w.l(localtime_internal.o)
    0x0800096c   0x0800096c   0x00000008   Code   RO         4245    .text               c_w.l(libspace.o)
    0x08000974   0x08000974   0x0000004a   Code   RO         4248    .text               c_w.l(sys_stackheap_outer.o)
    0x080009be   0x080009be   0x0000000c   Code   RO         4250    .text               c_w.l(exit.o)
    0x080009ca   0x080009ca   0x00000002   PAD
    0x080009cc   0x080009cc   0x0000000c   Code   RO         4322    .text               c_w.l(sys_exit.o)
    0x080009d8   0x080009d8   0x00000002   Code   RO         4333    .text               c_w.l(use_no_semi.o)
    0x080009da   0x080009da   0x00000000   Code   RO         4335    .text               c_w.l(indicate_semi.o)
    0x080009da   0x080009da   0x00000002   PAD
    0x080009dc   0x080009dc   0x0000005c   Code   RO         3850    i.About_CallBack    testui.o
    0x08000a38   0x08000a38   0x00000098   Code   RO         3851    i.Alarm12_CallBack  testui.o
    0x08000ad0   0x08000ad0   0x0000001c   Code   RO          431    i.BKP_ReadBackupRegister  stm32f10x_bkp.o
    0x08000aec   0x08000aec   0x0000001c   Code   RO          435    i.BKP_WriteBackupRegister  stm32f10x_bkp.o
    0x08000b08   0x08000b08   0x00000004   Code   RO         3991    i.BusFault_Handler  stm32f10x_it.o
    0x08000b0c   0x08000b0c   0x00000034   Code   RO         3928    i.Buzzer_Init       buzzer.o
    0x08000b40   0x08000b40   0x00000010   Code   RO         3929    i.Buzzer_OFF        buzzer.o
    0x08000b50   0x08000b50   0x00000010   Code   RO         3930    i.Buzzer_ON         buzzer.o
    0x08000b60   0x08000b60   0x00000080   Code   RO         3852    i.CalendarPage_CallBack  testui.o
    0x08000be0   0x08000be0   0x00000018   Code   RO         3853    i.ClockPage_CallBack  testui.o
    0x08000bf8   0x08000bf8   0x00000002   Code   RO         3992    i.DebugMon_Handler  stm32f10x_it.o
    0x08000bfa   0x08000bfa   0x00000018   Code   RO         3196    i.Delay_ms          delay.o
    0x08000c12   0x08000c12   0x0000002e   Code   RO         3198    i.Delay_us          delay.o
    0x08000c40   0x08000c40   0x00000116   Code   RO         1347    i.GPIO_Init         stm32f10x_gpio.o
    0x08000d56   0x08000d56   0x00000012   Code   RO         1351    i.GPIO_ReadInputDataBit  stm32f10x_gpio.o
    0x08000d68   0x08000d68   0x00000004   Code   RO         1354    i.GPIO_ResetBits    stm32f10x_gpio.o
    0x08000d6c   0x08000d6c   0x00000004   Code   RO         1355    i.GPIO_SetBits      stm32f10x_gpio.o
    0x08000d70   0x08000d70   0x00000004   Code   RO         3993    i.HardFault_Handler  stm32f10x_it.o
    0x08000d74   0x08000d74   0x0000002a   Code   RO         1461    i.I2C_CheckEvent    stm32f10x_i2c.o
    0x08000d9e   0x08000d9e   0x00000018   Code   RO         1464    i.I2C_Cmd           stm32f10x_i2c.o
    0x08000db6   0x08000db6   0x00000018   Code   RO         1471    i.I2C_GenerateSTART  stm32f10x_i2c.o
    0x08000dce   0x08000dce   0x00000018   Code   RO         1472    i.I2C_GenerateSTOP  stm32f10x_i2c.o
    0x08000de6   0x08000de6   0x00000002   PAD
    0x08000de8   0x08000de8   0x000000ec   Code   RO         1478    i.I2C_Init          stm32f10x_i2c.o
    0x08000ed4   0x08000ed4   0x00000012   Code   RO         1485    i.I2C_Send7bitAddress  stm32f10x_i2c.o
    0x08000ee6   0x08000ee6   0x00000004   Code   RO         1486    i.I2C_SendData      stm32f10x_i2c.o
    0x08000eea   0x08000eea   0x00000002   PAD
    0x08000eec   0x08000eec   0x000000b4   Code   RO         3337    i.Key_GetNum        key.o
    0x08000fa0   0x08000fa0   0x0000002c   Code   RO         3338    i.Key_Init          key.o
    0x08000fcc   0x08000fcc   0x00000058   Code   RO         3854    i.MainPage_CallBack  testui.o
    0x08001024   0x08001024   0x00000004   Code   RO         3994    i.MemManage_Handler  stm32f10x_it.o
    0x08001028   0x08001028   0x0000003c   Code   RO         3220    i.MyRTC_AlarmSet    myrtc.o
    0x08001064   0x08001064   0x000000bc   Code   RO         3221    i.MyRTC_Init        myrtc.o
    0x08001120   0x08001120   0x00000036   Code   RO         3222    i.MyRTC_ReadTime    myrtc.o
    0x08001156   0x08001156   0x0000003c   Code   RO         3223    i.MyRTC_SetTime     myrtc.o
    0x08001192   0x08001192   0x00000002   Code   RO         3995    i.NMI_Handler       stm32f10x_it.o
    0x08001194   0x08001194   0x00000070   Code   RO          137    i.NVIC_Init         misc.o
    0x08001204   0x08001204   0x00000014   Code   RO          138    i.NVIC_PriorityGroupConfig  misc.o
    0x08001218   0x08001218   0x00000084   Code   RO         3802    i.OLEDI2C_Init      oled_port.o
    0x0800129c   0x0800129c   0x00000048   Code   RO         3358    i.OLED_AllSrcFade   oled_g.o
    0x080012e4   0x080012e4   0x000000a0   Code   RO         3359    i.OLED_Animation    oled_g.o
    0x08001384   0x08001384   0x00000068   Code   RO         3360    i.OLED_BuffWriteByte  oled_g.o
    0x080013ec   0x080013ec   0x0000002a   Code   RO         3803    i.OLED_Clear        oled_port.o
    0x08001416   0x08001416   0x00000002   PAD
    0x08001418   0x08001418   0x00000014   Code   RO         3361    i.OLED_ClearBuff    oled_g.o
    0x0800142c   0x0800142c   0x00000030   Code   RO         3491    i.OLED_ConWinAnimInit  oled_ui.o
    0x0800145c   0x0800145c   0x00000088   Code   RO         3492    i.OLED_ConWinReact  oled_ui.o
    0x080014e4   0x080014e4   0x000001e0   Code   RO         3493    i.OLED_ConWinShow   oled_ui.o
    0x080016c4   0x080016c4   0x0000005c   Code   RO         3494    i.OLED_DigitalAnimInit  oled_ui.o
    0x08001720   0x08001720   0x0000004c   Code   RO         3495    i.OLED_DigitalCreateText  oled_ui.o
    0x0800176c   0x0800176c   0x00000028   Code   RO         3496    i.OLED_DigitalDirChangey  oled_ui.o
    0x08001794   0x08001794   0x00000028   Code   RO         3497    i.OLED_DigitalDrawLabel  oled_ui.o
    0x080017bc   0x080017bc   0x000000c4   Code   RO         3498    i.OLED_DigitalDrawUline  oled_ui.o
    0x08001880   0x08001880   0x00000078   Code   RO         3499    i.OLED_DigitalPageInit  oled_ui.o
    0x080018f8   0x080018f8   0x00000080   Code   RO         3500    i.OLED_DigitalPage_UpdateDigitalNumAnimation  oled_ui.o
    0x08001978   0x08001978   0x00000064   Code   RO         3501    i.OLED_DigitalPage_UpdateLabelAnimation  oled_ui.o
    0x080019dc   0x080019dc   0x000001f0   Code   RO         3502    i.OLED_DigitalReact  oled_ui.o
    0x08001bcc   0x08001bcc   0x0000004c   Code   RO         3503    i.OLED_DigitalSetOptionAndCallback  oled_ui.o
    0x08001c18   0x08001c18   0x00000052   Code   RO         3504    i.OLED_DigitalSetSingleBit  oled_ui.o
    0x08001c6a   0x08001c6a   0x000000ae   Code   RO         3505    i.OLED_DigitalSetValAnim  oled_ui.o
    0x08001d18   0x08001d18   0x000005e4   Code   RO         3506    i.OLED_DigitalShow  oled_ui.o
    0x080022fc   0x080022fc   0x0000002c   Code   RO         3362    i.OLED_GetStrWidth  oled_g.o
    0x08002328   0x08002328   0x000000ae   Code   RO         3804    i.OLED_Init         oled_port.o
    0x080023d6   0x080023d6   0x00000002   PAD
    0x080023d8   0x080023d8   0x0000003c   Code   RO         3512    i.OLED_MsgQueRead   oled_ui.o
    0x08002414   0x08002414   0x00000048   Code   RO         3513    i.OLED_MsgQueSend   oled_ui.o
    0x0800245c   0x0800245c   0x0000001c   Code   RO         3514    i.OLED_PageInit     oled_ui.o
    0x08002478   0x08002478   0x00000014   Code   RO         3515    i.OLED_PageReturn   oled_ui.o
    0x0800248c   0x0800248c   0x0000001c   Code   RO         3516    i.OLED_RaderPicAnimInit  oled_ui.o
    0x080024a8   0x080024a8   0x00000048   Code   RO         3517    i.OLED_RaderPicPageInit  oled_ui.o
    0x080024f0   0x080024f0   0x00000024   Code   RO         3518    i.OLED_RaderPicReact  oled_ui.o
    0x08002514   0x08002514   0x000001f0   Code   RO         3519    i.OLED_RaderPicShow  oled_ui.o
    0x08002704   0x08002704   0x00000010   Code   RO         3363    i.OLED_RefreshBuff  oled_g.o
    0x08002714   0x08002714   0x00000030   Code   RO         3805    i.OLED_SendBuff     oled_port.o
    0x08002744   0x08002744   0x00000022   Code   RO         3806    i.OLED_SetCursor    oled_port.o
    0x08002766   0x08002766   0x00000002   PAD
    0x08002768   0x08002768   0x00000030   Code   RO         3364    i.OLED_SetPointColor  oled_g.o
    0x08002798   0x08002798   0x00000034   Code   RO         3522    i.OLED_TitlePageAnimInit  oled_ui.o
    0x080027cc   0x080027cc   0x00000060   Code   RO         3523    i.OLED_TitlePageInit  oled_ui.o
    0x0800282c   0x0800282c   0x00000140   Code   RO         3524    i.OLED_TitlePageReact  oled_ui.o
    0x0800296c   0x0800296c   0x000001e0   Code   RO         3525    i.OLED_TitlePageShow  oled_ui.o
    0x08002b4c   0x08002b4c   0x00000018   Code   RO         3526    i.OLED_UIChangeCurrentPage  oled_ui.o
    0x08002b64   0x08002b64   0x0000000c   Code   RO         3527    i.OLED_UIGetCurrentPageID  oled_ui.o
    0x08002b70   0x08002b70   0x0000001c   Code   RO         3528    i.OLED_UIJumpToPage  oled_ui.o
    0x08002b8c   0x08002b8c   0x00000030   Code   RO         3529    i.OLED_UILayerInProc  oled_ui.o
    0x08002bbc   0x08002bbc   0x000000e4   Code   RO         3530    i.OLED_UIPageProc   oled_ui.o
    0x08002ca0   0x08002ca0   0x0000006c   Code   RO         3531    i.OLED_UIParaInit   oled_ui.o
    0x08002d0c   0x08002d0c   0x00000034   Code   RO         3532    i.OLED_UIProc       oled_ui.o
    0x08002d40   0x08002d40   0x00000078   Code   RO         3534    i.OLED_UiInit       oled_ui.o
    0x08002db8   0x08002db8   0x00000024   Code   RO         3535    i.OLED_ValWinAnimInit  oled_ui.o
    0x08002ddc   0x08002ddc   0x000000a0   Code   RO         3536    i.OLED_ValWinReact  oled_ui.o
    0x08002e7c   0x08002e7c   0x00000194   Code   RO         3537    i.OLED_ValWinShow   oled_ui.o
    0x08003010   0x08003010   0x00000138   Code   RO         3365    i.OLED_WinDrawASCII  oled_g.o
    0x08003148   0x08003148   0x0000013a   Code   RO         3366    i.OLED_WinDrawBMP   oled_g.o
    0x08003282   0x08003282   0x00000056   Code   RO         3367    i.OLED_WinDrawHLine  oled_g.o
    0x080032d8   0x080032d8   0x00000126   Code   RO         3368    i.OLED_WinDrawLine  oled_g.o
    0x080033fe   0x080033fe   0x00000016   Code   RO         3369    i.OLED_WinDrawPoint  oled_g.o
    0x08003414   0x08003414   0x00000060   Code   RO         3370    i.OLED_WinDrawRBox  oled_g.o
    0x08003474   0x08003474   0x00000090   Code   RO         3371    i.OLED_WinDrawRBoxEmpty  oled_g.o
    0x08003504   0x08003504   0x00000228   Code   RO         3372    i.OLED_WinDrawRaderPic  oled_g.o
    0x0800372c   0x0800372c   0x0000003c   Code   RO         3373    i.OLED_WinDrawStr   oled_g.o
    0x08003768   0x08003768   0x000000b6   Code   RO         3374    i.OLED_WinDrawVLine  oled_g.o
    0x0800381e   0x0800381e   0x0000003a   Code   RO         3542    i.OLED_WinFSM       oled_ui.o
    0x08003858   0x08003858   0x00000100   Code   RO         3375    i.OLED_WinWriteByte  oled_g.o
    0x08003958   0x08003958   0x00000078   Code   RO         3807    i.OLED_WriteCommand  oled_port.o
    0x080039d0   0x080039d0   0x00000078   Code   RO         3808    i.OLED_WriteData    oled_port.o
    0x08003a48   0x08003a48   0x0000000c   Code   RO         1710    i.PWR_BackupAccessCmd  stm32f10x_pwr.o
    0x08003a54   0x08003a54   0x00000002   Code   RO         3996    i.PendSV_Handler    stm32f10x_it.o
    0x08003a56   0x08003a56   0x00000002   PAD
    0x08003a58   0x08003a58   0x00000020   Code   RO         1775    i.RCC_APB1PeriphClockCmd  stm32f10x_rcc.o
    0x08003a78   0x08003a78   0x00000020   Code   RO         1777    i.RCC_APB2PeriphClockCmd  stm32f10x_rcc.o
    0x08003a98   0x08003a98   0x000000d4   Code   RO         1785    i.RCC_GetClocksFreq  stm32f10x_rcc.o
    0x08003b6c   0x08003b6c   0x0000003c   Code   RO         1786    i.RCC_GetFlagStatus  stm32f10x_rcc.o
    0x08003ba8   0x08003ba8   0x00000034   Code   RO         1793    i.RCC_LSEConfig     stm32f10x_rcc.o
    0x08003bdc   0x08003bdc   0x0000000c   Code   RO         1800    i.RCC_RTCCLKCmd     stm32f10x_rcc.o
    0x08003be8   0x08003be8   0x00000010   Code   RO         1801    i.RCC_RTCCLKConfig  stm32f10x_rcc.o
    0x08003bf8   0x08003bf8   0x00000010   Code   RO         1977    i.RTC_ClearITPendingBit  stm32f10x_rtc.o
    0x08003c08   0x08003c08   0x00000014   Code   RO         1978    i.RTC_EnterConfigMode  stm32f10x_rtc.o
    0x08003c1c   0x08003c1c   0x00000014   Code   RO         1979    i.RTC_ExitConfigMode  stm32f10x_rtc.o
    0x08003c30   0x08003c30   0x00000014   Code   RO         1980    i.RTC_GetCounter    stm32f10x_rtc.o
    0x08003c44   0x08003c44   0x00000024   Code   RO         1983    i.RTC_GetITStatus   stm32f10x_rtc.o
    0x08003c68   0x08003c68   0x00000040   Code   RO         3224    i.RTC_IRQHandler    myrtc.o
    0x08003ca8   0x08003ca8   0x00000020   Code   RO         1984    i.RTC_ITConfig      stm32f10x_rtc.o
    0x08003cc8   0x08003cc8   0x0000001c   Code   RO         1985    i.RTC_SetAlarm      stm32f10x_rtc.o
    0x08003ce4   0x08003ce4   0x0000001c   Code   RO         1986    i.RTC_SetCounter    stm32f10x_rtc.o
    0x08003d00   0x08003d00   0x00000020   Code   RO         1987    i.RTC_SetPrescaler  stm32f10x_rtc.o
    0x08003d20   0x08003d20   0x00000014   Code   RO         1988    i.RTC_WaitForLastTask  stm32f10x_rtc.o
    0x08003d34   0x08003d34   0x00000024   Code   RO         1989    i.RTC_WaitForSynchro  stm32f10x_rtc.o
    0x08003d58   0x08003d58   0x000001fc   Code   RO         3855    i.Ring_CallBack     testui.o
    0x08003f54   0x08003f54   0x00000002   Code   RO         3997    i.SVC_Handler       stm32f10x_it.o
    0x08003f56   0x08003f56   0x00000008   Code   RO           24    i.SetSysClock       system_stm32f10x.o
    0x08003f5e   0x08003f5e   0x00000002   PAD
    0x08003f60   0x08003f60   0x000000e0   Code   RO           25    i.SetSysClockTo72   system_stm32f10x.o
    0x08004040   0x08004040   0x00000002   Code   RO         3998    i.SysTick_Handler   stm32f10x_it.o
    0x08004042   0x08004042   0x00000002   PAD
    0x08004044   0x08004044   0x00000060   Code   RO           27    i.SystemInit        system_stm32f10x.o
    0x080040a4   0x080040a4   0x00000110   Code   RO         3856    i.TestUI_Init       testui.o
    0x080041b4   0x080041b4   0x00000008   Code   RO         3857    i.TestUI_Proc       testui.o
    0x080041bc   0x080041bc   0x00000004   Code   RO         3999    i.UsageFault_Handler  stm32f10x_it.o
    0x080041c0   0x080041c0   0x0000000e   Code   RO         4078    i._is_digit         c_w.l(__printf_wp.o)
    0x080041ce   0x080041ce   0x00000002   PAD
    0x080041d0   0x080041d0   0x00000024   Code   RO         3544    i.itoa              oled_ui.o
    0x080041f4   0x080041f4   0x0000030c   Code   RO         3953    i.main              main.o
    0x08004500   0x08004500   0x00000062   Code   RO         4109    x$fpl$d2f           fz_ws.l(d2f.o)
    0x08004562   0x08004562   0x00000002   PAD
    0x08004564   0x08004564   0x00000150   Code   RO         4111    x$fpl$dadd          fz_ws.l(daddsub_clz.o)
    0x080046b4   0x080046b4   0x00000018   Code   RO         4174    x$fpl$dcmpinf       fz_ws.l(dcmpi.o)
    0x080046cc   0x080046cc   0x000002b0   Code   RO         4118    x$fpl$ddiv          fz_ws.l(ddiv.o)
    0x0800497c   0x0800497c   0x00000078   Code   RO         4121    x$fpl$dleqf         fz_ws.l(dleqf.o)
    0x080049f4   0x080049f4   0x0000009c   Code   RO         4176    x$fpl$dnaninf       fz_ws.l(dnaninf.o)
    0x08004a90   0x08004a90   0x0000000c   Code   RO         4178    x$fpl$dretinf       fz_ws.l(dretinf.o)
    0x08004a9c   0x08004a9c   0x000001d4   Code   RO         4113    x$fpl$dsub          fz_ws.l(daddsub_clz.o)
    0x08004c70   0x08004c70   0x00000056   Code   RO         4123    x$fpl$f2d           fz_ws.l(f2d.o)
    0x08004cc6   0x08004cc6   0x00000002   PAD
    0x08004cc8   0x08004cc8   0x000000c4   Code   RO         4125    x$fpl$fadd          fz_ws.l(faddsub_clz.o)
    0x08004d8c   0x08004d8c   0x00000018   Code   RO         4180    x$fpl$fcmpinf       fz_ws.l(fcmpi.o)
    0x08004da4   0x08004da4   0x00000184   Code   RO         4132    x$fpl$fdiv          fz_ws.l(fdiv.o)
    0x08004f28   0x08004f28   0x00000068   Code   RO         4135    x$fpl$feqf          fz_ws.l(feqf.o)
    0x08004f90   0x08004f90   0x00000036   Code   RO         4137    x$fpl$ffix          fz_ws.l(ffix.o)
    0x08004fc6   0x08004fc6   0x00000002   PAD
    0x08004fc8   0x08004fc8   0x0000003e   Code   RO         4141    x$fpl$ffixu         fz_ws.l(ffixu.o)
    0x08005006   0x08005006   0x00000002   PAD
    0x08005008   0x08005008   0x00000030   Code   RO         4146    x$fpl$fflt          fz_ws.l(fflt_clz.o)
    0x08005038   0x08005038   0x00000026   Code   RO         4145    x$fpl$ffltu         fz_ws.l(fflt_clz.o)
    0x0800505e   0x0800505e   0x00000002   PAD
    0x08005060   0x08005060   0x00000102   Code   RO         4153    x$fpl$fmul          fz_ws.l(fmul.o)
    0x08005162   0x08005162   0x0000008c   Code   RO         4182    x$fpl$fnaninf       fz_ws.l(fnaninf.o)
    0x080051ee   0x080051ee   0x0000000a   Code   RO         4184    x$fpl$fretinf       fz_ws.l(fretinf.o)
    0x080051f8   0x080051f8   0x00000014   Code   RO         4126    x$fpl$frsb          fz_ws.l(faddsub_clz.o)
    0x0800520c   0x0800520c   0x000000ea   Code   RO         4127    x$fpl$fsub          fz_ws.l(faddsub_clz.o)
    0x080052f6   0x080052f6   0x00000000   Code   RO         4186    x$fpl$usenofp       fz_ws.l(usenofp.o)
    0x080052f6   0x080052f6   0x00001586   Data   RO         3377    .constdata          oled_g.o
    0x0800687c   0x0800687c   0x0000033e   Data   RO         3859    .constdata          testui.o
    0x08006bba   0x08006bba   0x00000011   Data   RO         4081    .constdata          c_w.l(__printf_flags_wp.o)
    0x08006bcb   0x08006bcb   0x0000000c   Data   RO         4171    .constdata          c_w.l(_monlen.o)
    0x08006bd7   0x08006bd7   0x00000001   PAD
    0x08006bd8   0x08006bd8   0x000000ac   Data   RO         3860    .conststring        testui.o
    0x08006c84   0x08006c84   0x00000020   Data   RO         4381    Region$$Table       anon$$obj.o


    Execution Region RW_IRAM1 (Exec base: 0x20000000, Load base: 0x08006ca4, Size: 0x00000f60, Max: 0x00005000, ABSOLUTE, COMPRESSED[0x0000009c])

    Exec Addr    Load Addr    Size         Type   Attr      Idx    E Section Name        Object

    0x20000000   COMPRESSED   0x00000014   Data   RW           28    .data               system_stm32f10x.o
    0x20000014   COMPRESSED   0x00000014   Data   RW         1805    .data               stm32f10x_rcc.o
    0x20000028   COMPRESSED   0x00000004   Data   RW         3378    .data               oled_g.o
    0x2000002c   COMPRESSED   0x00000028   Data   RW         3546    .data               oled_ui.o
    0x20000054   COMPRESSED   0x00000111   Data   RW         3861    .data               testui.o
    0x20000165   COMPRESSED   0x00000001   PAD
    0x20000166   COMPRESSED   0x00000022   Data   RW         3954    .data               main.o
    0x20000188        -       0x00000400   Zero   RW         3376    .bss                oled_g.o
    0x20000588        -       0x000001ba   Zero   RW         3545    .bss                oled_ui.o
    0x20000742   COMPRESSED   0x00000002   PAD
    0x20000744        -       0x00000190   Zero   RW         3858    .bss                testui.o
    0x200008d4        -       0x0000002c   Zero   RW         4101    .bss                c_w.l(localtime.o)
    0x20000900        -       0x00000060   Zero   RW         4246    .bss                c_w.l(libspace.o)
    0x20000960        -       0x00000200   Zero   RW            2    HEAP                startup_stm32f10x_md.o
    0x20000b60        -       0x00000400   Zero   RW            1    STACK               startup_stm32f10x_md.o


==============================================================================

Image component sizes


      Code (inc. data)   RO Data    RW Data    ZI Data      Debug   Object Name

        84         14          0          0          0       1247   buzzer.o
         0          0          0          0          0       4512   core_cm3.o
        70          0          0          0          0        854   delay.o
       224         10          0          0          0        984   key.o
       780         46          0         34          0      16837   main.o
       132         22          0          0          0     204619   misc.o
       426         16          0          0          0       4020   myrtc.o
      2782         64       5510          4       1024      14865   oled_g.o
       670         38          0          0          0       3646   oled_port.o
      6866        436          0         40        442      31007   oled_ui.o
        64         26        236          0       1536        788   startup_stm32f10x_md.o
         0          0          0          0          0       1628   stm32f10x_adc.o
        56         10          0          0          0       1983   stm32f10x_bkp.o
       304          0          0          0          0      11596   stm32f10x_gpio.o
       372         14          0          0          0      13242   stm32f10x_i2c.o
        26          0          0          0          0       3486   stm32f10x_it.o
        12          6          0          0          0        450   stm32f10x_pwr.o
       416         52          0         20          0      14749   stm32f10x_rcc.o
       288         52          0          0          0       4971   stm32f10x_rtc.o
       328         28          0         20          0      26861   system_stm32f10x.o
      1272        262       1002        273        400      10848   testui.o

    ----------------------------------------------------------------------
     15188       1096       6780        392       3404     373193   Object Totals
         0          0         32          0          0          0   (incl. Generated)
        16          0          0          1          2          0   (incl. Padding)

    ----------------------------------------------------------------------

      Code (inc. data)   RO Data    RW Data    ZI Data      Debug   Library Member Name

        90          0          0          0          0          0   __dczerorl2.o
         8          0          0          0          0         68   __main.o
       312          4         17          0          0         92   __printf_flags_wp.o
        14          0          0          0          0         68   __printf_wp.o
         0          0          0          0          0          0   __rtentry.o
        12          0          0          0          0          0   __rtentry2.o
         6          0          0          0          0          0   __rtentry4.o
        52          8          0          0          0          0   __scatter.o
        28          0          0          0          0          0   __scatter_zi.o
         0          0         12          0          0          0   _monlen.o
         6          0          0          0          0          0   _printf_c.o
        44          0          0          0          0        108   _printf_char.o
        48          6          0          0          0         96   _printf_char_common.o
         6          0          0          0          0          0   _printf_d.o
       120         16          0          0          0         92   _printf_dec.o
       178          0          0          0          0         88   _printf_intcommon.o
        78          0          0          0          0        108   _printf_pad.o
         0          0          0          0          0          0   _printf_percent.o
         4          0          0          0          0          0   _printf_percent_end.o
        82          0          0          0          0         80   _printf_str.o
        10          0          0          0          0         68   _sputc.o
        12          0          0          0          0         72   exit.o
         6          0          0          0          0        152   heapauxi.o
         0          0          0          0          0          0   indicate_semi.o
         2          0          0          0          0          0   libinit.o
         2          0          0          0          0          0   libinit2.o
         2          0          0          0          0          0   libshutdown.o
         2          0          0          0          0          0   libshutdown2.o
         8          4          0          0         96         68   libspace.o
        12          6          0          0         44         68   localtime.o
       184          6          0          0          0         80   localtime_internal.o
       424         10          0          0          0        124   mktime.o
        40          6          0          0          0         84   noretval__2sprintf.o
        68          0          0          0          0         68   rt_memclr.o
        78          0          0          0          0         80   rt_memclr_w.o
         2          0          0          0          0          0   rtexit.o
        10          0          0          0          0          0   rtexit2.o
       128          0          0          0          0         68   strcmpv7m.o
        62          0          0          0          0         76   strlen.o
        12          4          0          0          0         68   sys_exit.o
        74          0          0          0          0         80   sys_stackheap_outer.o
         2          0          0          0          0         68   use_no_semi.o
        98          4          0          0          0         92   d2f.o
       804         16          0          0          0        272   daddsub_clz.o
        24          0          0          0          0         68   dcmpi.o
       688        140          0          0          0        208   ddiv.o
       120          4          0          0          0         92   dleqf.o
       156          4          0          0          0         92   dnaninf.o
        12          0          0          0          0         68   dretinf.o
        86          4          0          0          0         84   f2d.o
       450          8          0          0          0        236   faddsub_clz.o
        24          0          0          0          0         68   fcmpi.o
       388         76          0          0          0         96   fdiv.o
       104          4          0          0          0         84   feqf.o
        54          4          0          0          0         84   ffix.o
        62          4          0          0          0         84   ffixu.o
        86          0          0          0          0        136   fflt_clz.o
       258          4          0          0          0         84   fmul.o
       140          4          0          0          0         84   fnaninf.o
        10          0          0          0          0         68   fretinf.o
         0          0          0          0          0          0   usenofp.o

    ----------------------------------------------------------------------
      5814        346         30          0        140       4024   Library Totals
        22          0          1          0          0          0   (incl. Padding)

    ----------------------------------------------------------------------

      Code (inc. data)   RO Data    RW Data    ZI Data      Debug   Library Name

      2228         70         29          0        140       2024   c_w.l
      3564        276          0          0          0       2000   fz_ws.l

    ----------------------------------------------------------------------
      5814        346         30          0        140       4024   Library Totals

    ----------------------------------------------------------------------

==============================================================================


      Code (inc. data)   RO Data    RW Data    ZI Data      Debug   

     21002       1442       6810        392       3544     368425   Grand Totals
     21002       1442       6810        156       3544     368425   ELF Image Totals (compressed)
     21002       1442       6810        156          0          0   ROM Totals

==============================================================================

    Total RO  Size (Code + RO Data)                27812 (  27.16kB)
    Total RW  Size (RW Data + ZI Data)              3936 (   3.84kB)
    Total ROM Size (Code + RO Data + RW Data)      27968 (  27.31kB)

==============================================================================

