Component: ARM Compiler 5.05 update 1 (build 106) Tool: armlink [4d0efa]

==============================================================================

Section Cross References

    stm32f10x_it.o(.text) refers to printf8.o(i.__0printf$8) for __2printf
    stm32f10x_it.o(.text) refers to stm32f10x_tim.o(.text) for TIM_ClearFlag
    stm32f10x_it.o(.text) refers to key.o(.data) for KEY_Sys_Timer
    stm32f10x_it.o(.text) refers to stm32f10x_it.o(.data) for sysbufer
    system_stm32f10x.o(.text) refers to system_stm32f10x.o(.data) for SystemCoreClock
    startup_stm32f10x_md.o(RESET) refers to startup_stm32f10x_md.o(STACK) for __initial_sp
    startup_stm32f10x_md.o(RESET) refers to startup_stm32f10x_md.o(.text) for Reset_Handler
    startup_stm32f10x_md.o(RESET) refers to stm32f10x_it.o(.text) for NMI_Handler
    startup_stm32f10x_md.o(RESET) refers to timer.o(.text) for TIM4_IRQHandler
    startup_stm32f10x_md.o(RESET) refers to usart.o(.text) for USART1_IRQHandler
    startup_stm32f10x_md.o(.text) refers to system_stm32f10x.o(.text) for SystemInit
    startup_stm32f10x_md.o(.text) refers to entry.o(.ARM.Collect$$$$00000000) for __main
    stm32f10x_gpio.o(.text) refers to stm32f10x_rcc.o(.text) for RCC_APB2PeriphResetCmd
    stm32f10x_rcc.o(.text) refers to stm32f10x_rcc.o(.data) for APBAHBPrescTable
    stm32f10x_usart.o(.text) refers to stm32f10x_rcc.o(.text) for RCC_APB2PeriphResetCmd
    stm32f10x_adc.o(.text) refers to stm32f10x_rcc.o(.text) for RCC_APB2PeriphResetCmd
    stm32f10x_bkp.o(.text) refers to stm32f10x_rcc.o(.text) for RCC_BackupResetCmd
    stm32f10x_can.o(.text) refers to stm32f10x_rcc.o(.text) for RCC_APB1PeriphResetCmd
    stm32f10x_cec.o(.text) refers to stm32f10x_rcc.o(.text) for RCC_APB1PeriphResetCmd
    stm32f10x_dac.o(.text) refers to stm32f10x_rcc.o(.text) for RCC_APB1PeriphResetCmd
    stm32f10x_i2c.o(.text) refers to stm32f10x_rcc.o(.text) for RCC_APB1PeriphResetCmd
    stm32f10x_pwr.o(.text) refers to stm32f10x_rcc.o(.text) for RCC_APB1PeriphResetCmd
    stm32f10x_spi.o(.text) refers to stm32f10x_rcc.o(.text) for RCC_APB2PeriphResetCmd
    stm32f10x_tim.o(.text) refers to stm32f10x_rcc.o(.text) for RCC_APB2PeriphResetCmd
    stm32f10x_wwdg.o(.text) refers to stm32f10x_rcc.o(.text) for RCC_APB1PeriphResetCmd
    delay.o(.text) refers to delay.o(.data) for fac_us
    sys.o(.text) refers to printf8.o(i.__0sprintf$8) for __2sprintf
    sys.o(.text) refers to misc.o(.text) for NVIC_PriorityGroupConfig
    sys.o(.text) refers to sys.o(.emb_text) for WFI_SET
    usart.o(.text) refers to sys.o(.text) for MY_NVIC_Init
    usart.o(.text) refers to stm32f10x_rcc.o(.text) for RCC_APB2PeriphClockCmd
    usart.o(.text) refers to stm32f10x_usart.o(.text) for USART_DeInit
    usart.o(.text) refers to stm32f10x_gpio.o(.text) for GPIO_Init
    usart.o(.text) refers to usart.o(.data) for USART_RX_STA
    usart.o(.text) refers to usart.o(.bss) for USART_RX_BUF
    main.o(.text) refers to sys.o(.text) for MY_NVIC_PriorityGroup_Config
    main.o(.text) refers to delay.o(.text) for delay_init
    main.o(.text) refers to led.o(.text) for LED_Init
    main.o(.text) refers to usart.o(.text) for USARTx_Init
    main.o(.text) refers to lcd.o(.text) for initial_lcd
    main.o(.text) refers to timer.o(.text) for Timerx_Init
    main.o(.text) refers to ad9854.o(.text) for AD9854_IO_Init
    main.o(.text) refers to printf8.o(i.__0printf$8) for __2printf
    main.o(.text) refers to dfltul.o(.text) for __aeabi_ul2d
    main.o(.text) refers to usart.o(.data) for USART_RX_STA
    main.o(.text) refers to usart.o(.bss) for USART_RX_BUF
    main.o(.text) refers to main.o(.data) for frequence
    task_manage.o(.text) refers to strlen.o(.text) for strlen
    task_manage.o(.text) refers to printf8.o(i.__0sprintf$8) for __2sprintf
    task_manage.o(.text) refers to lcd.o(.text) for LCD_Show_CEStr
    task_manage.o(.text) refers to atol.o(.text) for atol
    task_manage.o(.text) refers to ad9854.o(.text) for AD9854_InitSingle
    task_manage.o(.text) refers to dfltui.o(.text) for __aeabi_ui2d
    task_manage.o(.text) refers to task_manage.o(.bss) for fre_buf
    task_manage.o(.text) refers to task_manage.o(.data) for Task_First
    led.o(.text) refers to stm32f10x_rcc.o(.text) for RCC_APB2PeriphClockCmd
    led.o(.text) refers to stm32f10x_gpio.o(.text) for GPIO_Init
    lcd.o(.text) refers to stm32f10x_rcc.o(.text) for RCC_APB2PeriphClockCmd
    lcd.o(.text) refers to stm32f10x_gpio.o(.text) for GPIO_Init
    lcd.o(.text) refers to delay.o(.text) for delay_ms
    lcd.o(.text) refers to lcd.o(.bss) for LCD_GRAM
    lcd.o(.text) refers to lcd.o(.data) for time
    lcd.o(.text) refers to lcd.o(.constdata) for asc2_1206
    lcd.o(.text) refers to lcd.o(i.swap_int) for swap_int
    lcd.o(.text) refers to lcd.o(i.draw_circle_8) for draw_circle_8
    key.o(.text) refers to stm32f10x_rcc.o(.text) for RCC_APB2PeriphClockCmd
    key.o(.text) refers to stm32f10x_gpio.o(.text) for GPIO_Init
[...]
    printf1.o(i.__0vprintf$1) refers to usart.o(.text) for fputc
    printf1.o(i.__0vprintf$1) refers to usart.o(.data) for __stdout
    printf1.o(i.__0vsnprintf$1) refers to printf1.o(i._printf_core) for _printf_core
    printf1.o(i.__0vsnprintf$1) refers to printf1.o(i._snputc) for _snputc
    printf1.o(i.__0vsprintf$1) refers to printf1.o(i._printf_core) for _printf_core
    printf1.o(i.__0vsprintf$1) refers to printf1.o(i._sputc) for _sputc
    printf1.o(i._printf_core) refers to uidiv.o(.text) for __aeabi_uidivmod
    printf2.o(i.__0fprintf$2) refers to printf2.o(i._printf_core) for _printf_core
    printf2.o(i.__0fprintf$2) refers to usart.o(.text) for fputc
    printf2.o(i.__0printf$2) refers to printf2.o(i._printf_core) for _printf_core
    printf2.o(i.__0printf$2) refers to usart.o(.text) for fputc
    printf2.o(i.__0printf$2) refers to usart.o(.data) for __stdout
    printf2.o(i.__0snprintf$2) refers to printf2.o(i._printf_core) for _printf_core
    printf2.o(i.__0snprintf$2) refers to printf2.o(i._snputc) for _snputc
    printf2.o(i.__0sprintf$2) refers to printf2.o(i._printf_core) for _printf_core
    printf2.o(i.__0sprintf$2) refers to printf2.o(i._sputc) for _sputc
    printf2.o(i.__0vfprintf$2) refers to printf2.o(i._printf_core) for _printf_core
    printf2.o(i.__0vfprintf$2) refers to usart.o(.text) for fputc
    printf2.o(i.__0vprintf$2) refers to printf2.o(i._printf_core) for _printf_core
    printf2.o(i.__0vprintf$2) refers to usart.o(.text) for fputc
    printf2.o(i.__0vprintf$2) refers to usart.o(.data) for __stdout
    printf2.o(i.__0vsnprintf$2) refers to printf2.o(i._printf_core) for _printf_core
    printf2.o(i.__0vsnprintf$2) refers to printf2.o(i._snputc) for _snputc
    printf2.o(i.__0vsprintf$2) refers to printf2.o(i._printf_core) for _printf_core
    printf2.o(i.__0vsprintf$2) refers to printf2.o(i._sputc) for _sputc
    printf3.o(i.__0fprintf$3) refers to printf3.o(i._printf_core) for _printf_core
    printf3.o(i.__0fprintf$3) refers to usart.o(.text) for fputc
    printf3.o(i.__0printf$3) refers to printf3.o(i._printf_core) for _printf_core
    printf3.o(i.__0printf$3) refers to usart.o(.text) for fputc
    printf3.o(i.__0printf$3) refers to usart.o(.data) for __stdout
    printf3.o(i.__0snprintf$3) refers to printf3.o(i._printf_core) for _printf_core
    printf3.o(i.__0snprintf$3) refers to printf3.o(i._snputc) for _snputc
    printf3.o(i.__0sprintf$3) refers to printf3.o(i._printf_core) for _printf_core
    printf3.o(i.__0sprintf$3) refers to printf3.o(i._sputc) for _sputc
    printf3.o(i.__0vfprintf$3) refers to printf3.o(i._printf_core) for _printf_core
    printf3.o(i.__0vfprintf$3) refers to usart.o(.text) for fputc
    printf3.o(i.__0vprintf$3) refers to printf3.o(i._printf_core) for _printf_core
    printf3.o(i.__0vprintf$3) refers to usart.o(.text) for fputc
    printf3.o(i.__0vprintf$3) refers to usart.o(.data) for __stdout
    printf3.o(i.__0vsnprintf$3) refers to printf3.o(i._printf_core) for _printf_core
    printf3.o(i.__0vsnprintf$3) refers to printf3.o(i._snputc) for _snputc
    printf3.o(i.__0vsprintf$3) refers to printf3.o(i._printf_core) for _printf_core
    printf3.o(i.__0vsprintf$3) refers to printf3.o(i._sputc) for _sputc
    printf3.o(i._printf_core) refers to uidiv.o(.text) for __aeabi_uidivmod
    printf4.o(i.__0fprintf$4) refers to printf4.o(i._printf_core) for _printf_core
    printf4.o(i.__0fprintf$4) refers to usart.o(.text) for fputc
    printf4.o(i.__0printf$4) refers to printf4.o(i._printf_core) for _printf_core
    printf4.o(i.__0printf$4) refers to usart.o(.text) for fputc
    printf4.o(i.__0printf$4) refers to usart.o(.data) for __stdout
    printf4.o(i.__0snprintf$4) refers to printf4.o(i._printf_core) for _printf_core
    printf4.o(i.__0snprintf$4) refers to printf4.o(i._snputc) for _snputc
    printf4.o(i.__0sprintf$4) refers to printf4.o(i._printf_core) for _printf_core
    printf4.o(i.__0sprintf$4) refers to printf4.o(i._sputc) for _sputc
    printf4.o(i.__0vfprintf$4) refers to printf4.o(i._printf_core) for _printf_core
    printf4.o(i.__0vfprintf$4) refers to usart.o(.text) for fputc
    printf4.o(i.__0vprintf$4) refers to printf4.o(i._printf_core) for _printf_core
    printf4.o(i.__0vprintf$4) refers to usart.o(.text) for fputc
    printf4.o(i.__0vprintf$4) refers to usart.o(.data) for __stdout
    printf4.o(i.__0vsnprintf$4) refers to printf4.o(i._printf_core) for _printf_core
    printf4.o(i.__0vsnprintf$4) refers to printf4.o(i._snputc) for _snputc
    printf4.o(i.__0vsprintf$4) refers to printf4.o(i._printf_core) for _printf_core
    printf4.o(i.__0vsprintf$4) refers to printf4.o(i._sputc) for _sputc
    printf4.o(i._printf_core) refers to uldiv.o(.text) for __aeabi_uldivmod
    printf5.o(i.__0fprintf$5) refers to printf5.o(i._printf_core) for _printf_core
    printf5.o(i.__0fprintf$5) refers to usart.o(.text) for fputc
    printf5.o(i.__0printf$5) refers to printf5.o(i._printf_core) for _printf_core
    printf5.o(i.__0printf$5) refers to usart.o(.text) for fputc
    printf5.o(i.__0printf$5) refers to usart.o(.data) for __stdout
    printf5.o(i.__0snprintf$5) refers to printf5.o(i._printf_core) for _printf_core
    printf5.o(i.__0snprintf$5) refers to printf5.o(i._snputc) for _snputc
    printf5.o(i.__0sprintf$5) refers to printf5.o(i._printf_core) for _printf_core
    printf5.o(i.__0sprintf$5) refers to printf5.o(i._sputc) for _sputc
    printf5.o(i.__0vfprintf$5) refers to printf5.o(i._printf_core) for _printf_core
    printf5.o(i.__0vfprintf$5) refers to usart.o(.text) for fputc
    printf5.o(i.__0vprintf$5) refers to printf5.o(i._printf_core) for _printf_core
    printf5.o(i.__0vprintf$5) refers to usart.o(.text) for fputc
    printf5.o(i.__0vprintf$5) refers to usart.o(.data) for __stdout
    printf5.o(i.__0vsnprintf$5) refers to printf5.o(i._printf_core) for _printf_core
    printf5.o(i.__0vsnprintf$5) refers to printf5.o(i._snputc) for _snputc
    printf5.o(i.__0vsprintf$5) refers to printf5.o(i._printf_core) for _printf_core
    printf5.o(i.__0vsprintf$5) refers to printf5.o(i._sputc) for _sputc
    printf5.o(i._printf_core) refers to uldiv.o(.text) for __aeabi_uldivmod
    printf6.o(i.__0fprintf$6) refers to printf6.o(i._printf_core) for _printf_core
    printf6.o(i.__0fprintf$6) refers to usart.o(.text) for fputc
    printf6.o(i.__0printf$6) refers to printf6.o(i._printf_core) for _printf_core
    printf6.o(i.__0printf$6) refers to usart.o(.text) for fputc
    printf6.o(i.__0printf$6) refers to usart.o(.data) for __stdout
    printf6.o(i.__0snprintf$6) refers to printf6.o(i._printf_core) for _printf_core
    printf6.o(i.__0snprintf$6) refers to printf6.o(i._snputc) for _snputc
    printf6.o(i.__0sprintf$6) refers to printf6.o(i._printf_core) for _printf_core
    printf6.o(i.__0sprintf$6) refers to printf6.o(i._sputc) for _sputc
    printf6.o(i.__0vfprintf$6) refers to printf6.o(i._printf_core) for _printf_core
    printf6.o(i.__0vfprintf$6) refers to usart.o(.text) for fputc
    printf6.o(i.__0vprintf$6) refers to printf6.o(i._printf_core) for _printf_core
    printf6.o(i.__0vprintf$6) refers to usart.o(.text) for fputc
    printf6.o(i.__0vprintf$6) refers to usart.o(.data) for __stdout
    printf6.o(i.__0vsnprintf$6) refers to printf6.o(i._printf_core) for _printf_core
    printf6.o(i.__0vsnprintf$6) refers to printf6.o(i._snputc) for _snputc
    printf6.o(i.__0vsprintf$6) refers to printf6.o(i._printf_core) for _printf_core
    printf6.o(i.__0vsprintf$6) refers to printf6.o(i._sputc) for _sputc
    printf6.o(i._printf_core) refers to printf6.o(i._printf_pre_padding) for _printf_pre_padding
    printf6.o(i._printf_core) refers to uidiv.o(.text) for __aeabi_uidivmod
    printf6.o(i._printf_core) refers to printf6.o(i._printf_post_padding) for _printf_post_padding
    printf7.o(i.__0fprintf$7) refers to printf7.o(i._printf_core) for _printf_core
    printf7.o(i.__0fprintf$7) refers to usart.o(.text) for fputc
    printf7.o(i.__0printf$7) refers to printf7.o(i._printf_core) for _printf_core
    printf7.o(i.__0printf$7) refers to usart.o(.text) for fputc
    printf7.o(i.__0printf$7) refers to usart.o(.data) for __stdout
    printf7.o(i.__0snprintf$7) refers to printf7.o(i._printf_core) for _printf_core
    printf7.o(i.__0snprintf$7) refers to printf7.o(i._snputc) for _snputc
    printf7.o(i.__0sprintf$7) refers to printf7.o(i._printf_core) for _printf_core
    printf7.o(i.__0sprintf$7) refers to printf7.o(i._sputc) for _sputc
    printf7.o(i.__0vfprintf$7) refers to printf7.o(i._printf_core) for _printf_core
    printf7.o(i.__0vfprintf$7) refers to usart.o(.text) for fputc
    printf7.o(i.__0vprintf$7) refers to printf7.o(i._printf_core) for _printf_core
    printf7.o(i.__0vprintf$7) refers to usart.o(.text) for fputc
    printf7.o(i.__0vprintf$7) refers to usart.o(.data) for __stdout
    printf7.o(i.__0vsnprintf$7) refers to printf7.o(i._printf_core) for _printf_core
    printf7.o(i.__0vsnprintf$7) refers to printf7.o(i._snputc) for _snputc
    printf7.o(i.__0vsprintf$7) refers to printf7.o(i._printf_core) for _printf_core
    printf7.o(i.__0vsprintf$7) refers to printf7.o(i._sputc) for _sputc
    printf7.o(i._printf_core) refers to printf7.o(i._printf_pre_padding) for _printf_pre_padding
    printf7.o(i._printf_core) refers to uldiv.o(.text) for __aeabi_uldivmod
    printf7.o(i._printf_core) refers to printf7.o(i._printf_post_padding) for _printf_post_padding
    printf8.o(i.__0fprintf$8) refers to printf8.o(i._printf_core) for _printf_core
    printf8.o(i.__0fprintf$8) refers to usart.o(.text) for fputc
    printf8.o(i.__0printf$8) refers to printf8.o(i._printf_core) for _printf_core
    printf8.o(i.__0printf$8) refers to usart.o(.text) for fputc
    printf8.o(i.__0printf$8) refers to usart.o(.data) for __stdout
    printf8.o(i.__0snprintf$8) refers to printf8.o(i._printf_core) for _printf_core
    printf8.o(i.__0snprintf$8) refers to printf8.o(i._snputc) for _snputc
    printf8.o(i.__0sprintf$8) refers to printf8.o(i._printf_core) for _printf_core
    printf8.o(i.__0sprintf$8) refers to printf8.o(i._sputc) for _sputc
    printf8.o(i.__0vfprintf$8) refers to printf8.o(i._printf_core) for _printf_core
    printf8.o(i.__0vfprintf$8) refers to usart.o(.text) for fputc
    printf8.o(i.__0vprintf$8) refers to printf8.o(i._printf_core) for _printf_core
    printf8.o(i.__0vprintf$8) refers to usart.o(.text) for fputc
    printf8.o(i.__0vprintf$8) refers to usart.o(.data) for __stdout
    printf8.o(i.__0vsnprintf$8) refers to printf8.o(i._printf_core) for _printf_core
    printf8.o(i.__0vsnprintf$8) refers to printf8.o(i._snputc) for _snputc
    printf8.o(i.__0vsprintf$8) refers to printf8.o(i._printf_core) for _printf_core
    printf8.o(i.__0vsprintf$8) refers to printf8.o(i._sputc) for _sputc
    printf8.o(i._printf_core) refers to printf8.o(i._printf_pre_padding) for _printf_pre_padding
    printf8.o(i._printf_core) refers to uldiv.o(.text) for __aeabi_uldivmod
    printf8.o(i._printf_core) refers to printf8.o(i._printf_post_padding) for _printf_post_padding
    printfa.o(i.__0fprintf) refers (Special) to iusefp.o(.text) for __I$use$fp
    printfa.o(i.__0fprintf) refers to printfa.o(i._printf_core) for _printf_core
    printfa.o(i.__0fprintf) refers to usart.o(.text) for fputc
    printfa.o(i.__0printf) refers (Special) to iusefp.o(.text) for __I$use$fp
    printfa.o(i.__0printf) refers to printfa.o(i._printf_core) for _printf_core
    printfa.o(i.__0printf) refers to usart.o(.text) for fputc
    printfa.o(i.__0printf) refers to usart.o(.data) for __stdout
    printfa.o(i.__0snprintf) refers (Special) to iusefp.o(.text) for __I$use$fp
    printfa.o(i.__0snprintf) refers to printfa.o(i._printf_core) for _printf_core
    printfa.o(i.__0snprintf) refers to printfa.o(i._snputc) for _snputc
    printfa.o(i.__0sprintf) refers (Special) to iusefp.o(.text) for __I$use$fp
    printfa.o(i.__0sprintf) refers to printfa.o(i._printf_core) for _printf_core
    printfa.o(i.__0sprintf) refers to printfa.o(i._sputc) for _sputc
    printfa.o(i.__0vfprintf) refers (Special) to iusefp.o(.text) for __I$use$fp
    printfa.o(i.__0vfprintf) refers to printfa.o(i._printf_core) for _printf_core
    printfa.o(i.__0vfprintf) refers to usart.o(.text) for fputc
    printfa.o(i.__0vprintf) refers (Special) to iusefp.o(.text) for __I$use$fp
    printfa.o(i.__0vprintf) refers to printfa.o(i._printf_core) for _printf_core
    printfa.o(i.__0vprintf) refers to usart.o(.text) for fputc
    printfa.o(i.__0vprintf) refers to usart.o(.data) for __stdout
    printfa.o(i.__0vsnprintf) refers (Special) to iusefp.o(.text) for __I$use$fp
    printfa.o(i.__0vsnprintf) refers to printfa.o(i._printf_core) for _printf_core
    printfa.o(i.__0vsnprintf) refers to printfa.o(i._snputc) for _snputc
    printfa.o(i.__0vsprintf) refers (Special) to iusefp.o(.text) for __I$use$fp
    printfa.o(i.__0vsprintf) refers to printfa.o(i._printf_core) for _printf_core
    printfa.o(i.__0vsprintf) refers to printfa.o(i._sputc) for _sputc
    printfa.o(i._fp_digits) refers (Special) to iusefp.o(.text) for __I$use$fp
    printfa.o(i._fp_digits) refers to dmul.o(.text) for __aeabi_dmul
    printfa.o(i._fp_digits) refers to ddiv.o(.text) for __aeabi_ddiv
    printfa.o(i._fp_digits) refers to cdrcmple.o(.text) for __aeabi_cdrcmple
    printfa.o(i._fp_digits) refers to dadd.o(.text) for __aeabi_dadd
    printfa.o(i._fp_digits) refers to dfixul.o(.text) for __aeabi_d2ulz
    printfa.o(i._fp_digits) refers to uldiv.o(.text) for __aeabi_uldivmod
    printfa.o(i._printf_core) refers (Special) to iusefp.o(.text) for __I$use$fp
    printfa.o(i._printf_core) refers to printfa.o(i._printf_pre_padding) for _printf_pre_padding
    printfa.o(i._printf_core) refers to uldiv.o(.text) for __aeabi_uldivmod
    printfa.o(i._printf_core) refers to printfa.o(i._printf_post_padding) for _printf_post_padding
    printfa.o(i._printf_core) refers to printfa.o(i._fp_digits) for _fp_digits
    printfa.o(i._printf_core) refers to uidiv.o(.text) for __aeabi_uidivmod
    printfa.o(i._printf_post_padding) refers (Special) to iusefp.o(.text) for __I$use$fp
    printfa.o(i._printf_pre_padding) refers (Special) to iusefp.o(.text) for __I$use$fp
    printfa.o(i._snputc) refers (Special) to iusefp.o(.text) for __I$use$fp
    printfa.o(i._sputc) refers (Special) to iusefp.o(.text) for __I$use$fp
    atol.o(.text) refers to errno.o(i.__aeabi_errno_addr) for __aeabi_errno_addr
    atol.o(.text) refers to strtol.o(.text) for strtol
    dadd.o(.text) refers (Special) to iusefp.o(.text) for __I$use$fp
    dadd.o(.text) refers to llshl.o(.text) for __aeabi_llsl
    dadd.o(.text) refers to llsshr.o(.text) for __aeabi_lasr
    dadd.o(.text) refers to depilogue.o(.text) for _double_epilogue
    dmul.o(.text) refers (Special) to iusefp.o(.text) for __I$use$fp
    dmul.o(.text) refers to depilogue.o(.text) for _double_epilogue
    ddiv.o(.text) refers (Special) to iusefp.o(.text) for __I$use$fp
    ddiv.o(.text) refers to depilogue.o(.text) for _double_round
    dfltui.o(.text) refers (Special) to iusefp.o(.text) for __I$use$fp
    dfltui.o(.text) refers to depilogue.o(.text) for _double_epilogue
    dfltul.o(.text) refers (Special) to iusefp.o(.text) for __I$use$fp
    dfltul.o(.text) refers to depilogue.o(.text) for _double_epilogue
    dfixi.o(.text) refers (Special) to iusefp.o(.text) for __I$use$fp
    dfixi.o(.text) refers to llushr.o(.text) for __aeabi_llsr
    dfixui.o(.text) refers (Special) to iusefp.o(.text) for __I$use$fp
    dfixui.o(.text) refers to llushr.o(.text) for __aeabi_llsr
    entry2.o(.ARM.Collect$$$$00000001) refers to entry2.o(.ARM.Collect$$$$00002712) for __lit__00000000
    entry2.o(.ARM.Collect$$$$00002712) refers to startup_stm32f10x_md.o(STACK) for __initial_sp
    entry2.o(__vectab_stack_and_reset_area) refers to startup_stm32f10x_md.o(STACK) for __initial_sp
    entry2.o(__vectab_stack_and_reset_area) refers to entry.o(.ARM.Collect$$$$00000000) for __main
    entry5.o(.ARM.Collect$$$$00000004) refers to init.o(.text) for __scatterload
    entry9a.o(.ARM.Collect$$$$0000000B) refers to main.o(.text) for main
    entry9b.o(.ARM.Collect$$$$0000000C) refers to main.o(.text) for main
    uldiv.o(.text) refers to llushr.o(.text) for __aeabi_llsr
    uldiv.o(.text) refers to llshl.o(.text) for __aeabi_llsl
    errno.o(i.__aeabi_errno_addr) refers to errno.o(.data) for .data
    errno.o(i.__read_errno) refers to errno.o(.data) for .data
    errno.o(i.__set_errno) refers to errno.o(.data) for .data
    strtol.o(.text) refers to ctype_o.o(.text) for __rt_ctype_table
    strtol.o(.text) refers to _strtoul.o(.text) for _strtoul
    strtol.o(.text) refers to errno.o(i.__aeabi_errno_addr) for __aeabi_errno_addr
    depilogue.o(.text) refers to llshl.o(.text) for __aeabi_llsl
    depilogue.o(.text) refers to llushr.o(.text) for __aeabi_llsr
    dfixul.o(.text) refers to llushr.o(.text) for __aeabi_llsr
    dfixul.o(.text) refers to llshl.o(.text) for __aeabi_llsl
    init.o(.text) refers to entry5.o(.ARM.Collect$$$$00000004) for __main_after_scatterload
    ctype_o.o(.text) refers to ctype_o.o(.constdata) for .constdata
    ctype_o.o(.constdata) refers to ctype_o.o(.constdata) for __ctype_table
    isalnum_o.o(.text) refers to ctype_o.o(.text) for __rt_ctype_table
    isalpha_o.o(.text) refers to ctype_o.o(.text) for __rt_ctype_table
    isblank_o.o(.text) refers to ctype_o.o(.constdata) for __ctype_table
    iscntrl_o.o(.text) refers to ctype_o.o(.text) for __rt_ctype_table
    isdigit_o.o(.text) refers to ctype_o.o(.text) for __rt_ctype_table
    isgraph_o.o(.text) refers to ctype_o.o(.text) for __rt_ctype_table
    islower_o.o(.text) refers to ctype_o.o(.text) for __rt_ctype_table
    isprint_o.o(.text) refers to ctype_o.o(.text) for __rt_ctype_table
    ispunct_o.o(.text) refers to ctype_o.o(.text) for __rt_ctype_table
    isspace_o.o(.text) refers to ctype_o.o(.text) for __rt_ctype_table
    isupper_o.o(.text) refers to ctype_o.o(.text) for __rt_ctype_table
    isxdigit_o.o(.text) refers to ctype_o.o(.text) for __rt_ctype_table
    _strtoul.o(.text) refers to _chval.o(.text) for _chval
    _strtoul.o(.text) refers to errno.o(i.__aeabi_errno_addr) for __aeabi_errno_addr
    lcd.o(i.draw_circle_8) refers to lcd.o(.text) for LCD_draw_Point


==============================================================================

Removing Unused input sections from the image.

    Removing core_cm3.o(.emb_text), (32 bytes).
    Removing startup_stm32f10x_md.o(HEAP), (512 bytes).
    Removing stm32f10x_exti.o(.text), (284 bytes).
    Removing stm32f10x_fsmc.o(.text), (1548 bytes).
    Removing stm32f10x_adc.o(.text), (1102 bytes).
    Removing stm32f10x_bkp.o(.text), (196 bytes).
    Removing stm32f10x_can.o(.text), (2544 bytes).
    Removing stm32f10x_cec.o(.text), (288 bytes).
    Removing stm32f10x_crc.o(.text), (72 bytes).
    Removing stm32f10x_dac.o(.text), (396 bytes).
    Removing stm32f10x_dbgmcu.o(.text), (48 bytes).
    Removing stm32f10x_dma.o(.text), (596 bytes).
    Removing stm32f10x_flash.o(.text), (1468 bytes).
    Removing stm32f10x_i2c.o(.text), (1028 bytes).
    Removing stm32f10x_iwdg.o(.text), (64 bytes).
    Removing stm32f10x_pwr.o(.text), (204 bytes).
    Removing stm32f10x_rtc.o(.text), (328 bytes).
    Removing stm32f10x_sdio.o(.text), (468 bytes).
    Removing stm32f10x_spi.o(.text), (780 bytes).
    Removing stm32f10x_wwdg.o(.text), (136 bytes).
    Removing main.o(.bss), (30 bytes).
    Removing task_manage.o(.text), (1664 bytes).
    Removing task_manage.o(.bss), (20 bytes).
    Removing key.o(.text), (472 bytes).
    Removing ad9854.o(.constdata), (16 bytes).
    Removing dfixul.o(.text), (48 bytes).
    Removing cdrcmple.o(.text), (48 bytes).

27 unused section(s) (total 14392 bytes) removed from the image.

==============================================================================

Image Symbol Table

    Local Symbols

    Symbol Name                              Value     Ov Type        Size  Object(Section)

    ../clib/../cmprslib/zerorunl2.c          0x00000000   Number         0  __dczerorl2.o ABSOLUTE
    ../clib/microlib/ctype/ctype.c           0x00000000   Number         0  islower_o.o ABSOLUTE
    ../clib/microlib/ctype/ctype.c           0x00000000   Number         0  ispunct_o.o ABSOLUTE
    ../clib/microlib/ctype/ctype.c           0x00000000   Number         0  isdigit_o.o ABSOLUTE
    ../clib/microlib/ctype/ctype.c           0x00000000   Number         0  isprint_o.o ABSOLUTE
    ../clib/microlib/ctype/ctype.c           0x00000000   Number         0  iscntrl_o.o ABSOLUTE
    ../clib/microlib/ctype/ctype.c           0x00000000   Number         0  isgraph_o.o ABSOLUTE
    ../clib/microlib/ctype/ctype.c           0x00000000   Number         0  isxdigit_o.o ABSOLUTE
    ../clib/microlib/ctype/ctype.c           0x00000000   Number         0  isupper_o.o ABSOLUTE
    ../clib/microlib/ctype/ctype.c           0x00000000   Number         0  isspace_o.o ABSOLUTE
    ../clib/microlib/ctype/ctype.c           0x00000000   Number         0  isblank_o.o ABSOLUTE
    ../clib/microlib/ctype/ctype.c           0x00000000   Number         0  isalpha_o.o ABSOLUTE
    ../clib/microlib/ctype/ctype.c           0x00000000   Number         0  isalnum_o.o ABSOLUTE
    ../clib/microlib/ctype/ctype.c           0x00000000   Number         0  ctype_o.o ABSOLUTE
    ../clib/microlib/division.c              0x00000000   Number         0  uidiv.o ABSOLUTE
    ../clib/microlib/division.c              0x00000000   Number         0  uldiv.o ABSOLUTE
    ../clib/microlib/errno.c                 0x00000000   Number         0  errno.o ABSOLUTE
    ../clib/microlib/init/entry.s            0x00000000   Number         0  entry11a.o ABSOLUTE
    ../clib/microlib/init/entry.s            0x00000000   Number         0  entry11b.o ABSOLUTE
    ../clib/microlib/init/entry.s            0x00000000   Number         0  entry7a.o ABSOLUTE
    ../clib/microlib/init/entry.s            0x00000000   Number         0  entry7b.o ABSOLUTE
    ../clib/microlib/init/entry.s            0x00000000   Number         0  entry8a.o ABSOLUTE
    ../clib/microlib/init/entry.s            0x00000000   Number         0  entry9a.o ABSOLUTE
    ../clib/microlib/init/entry.s            0x00000000   Number         0  entry8b.o ABSOLUTE
    ../clib/microlib/init/entry.s            0x00000000   Number         0  entry9b.o ABSOLUTE
    ../clib/microlib/init/entry.s            0x00000000   Number         0  entry10a.o ABSOLUTE
    ../clib/microlib/init/entry.s            0x00000000   Number         0  entry.o ABSOLUTE
    ../clib/microlib/init/entry.s            0x00000000   Number         0  entry10b.o ABSOLUTE
    ../clib/microlib/init/entry.s            0x00000000   Number         0  entry2.o ABSOLUTE
    ../clib/microlib/init/entry.s            0x00000000   Number         0  entry5.o ABSOLUTE
    ../clib/microlib/longlong.c              0x00000000   Number         0  llshl.o ABSOLUTE
    ../clib/microlib/longlong.c              0x00000000   Number         0  llsshr.o ABSOLUTE
    ../clib/microlib/longlong.c              0x00000000   Number         0  llushr.o ABSOLUTE
    ../clib/microlib/printf/printf.c         0x00000000   Number         0  printfb.o ABSOLUTE
    ../clib/microlib/printf/printf.c         0x00000000   Number         0  printf0.o ABSOLUTE
    ../clib/microlib/printf/printf.c         0x00000000   Number         0  printf1.o ABSOLUTE
    ../clib/microlib/printf/printf.c         0x00000000   Number         0  printf8.o ABSOLUTE
    ../clib/microlib/printf/printf.c         0x00000000   Number         0  printf2.o ABSOLUTE
    ../clib/microlib/printf/printf.c         0x00000000   Number         0  printfa.o ABSOLUTE
    ../clib/microlib/printf/printf.c         0x00000000   Number         0  printf7.o ABSOLUTE
    ../clib/microlib/printf/printf.c         0x00000000   Number         0  printf6.o ABSOLUTE
    ../clib/microlib/printf/printf.c         0x00000000   Number         0  printf5.o ABSOLUTE
    ../clib/microlib/printf/printf.c         0x00000000   Number         0  printf4.o ABSOLUTE
    ../clib/microlib/printf/printf.c         0x00000000   Number         0  printf3.o ABSOLUTE
    ../clib/microlib/printf/stubs.s          0x00000000   Number         0  stubs.o ABSOLUTE
    ../clib/microlib/string/strlen.c         0x00000000   Number         0  strlen.o ABSOLUTE
    ../clib/microlib/stubs.s                 0x00000000   Number         0  iusefp.o ABSOLUTE
    ../clib/microlib/stubs.s                 0x00000000   Number         0  useno.o ABSOLUTE
    ../clib/scanf.c                          0x00000000   Number         0  _chval.o ABSOLUTE
    ../clib/scanf.c                          0x00000000   Number         0  _strtoul.o ABSOLUTE
    ../clib/scanf.c                          0x00000000   Number         0  strtol.o ABSOLUTE
    ../clib/scanf.c                          0x00000000   Number         0  atol.o ABSOLUTE
    ../fplib/microlib/fpadd.c                0x00000000   Number         0  dadd.o ABSOLUTE
    ../fplib/microlib/fpdiv.c                0x00000000   Number         0  ddiv.o ABSOLUTE
    ../fplib/microlib/fpepilogue.c           0x00000000   Number         0  depilogue.o ABSOLUTE
    ../fplib/microlib/fpfix.c                0x00000000   Number         0  dfixul.o ABSOLUTE
    ../fplib/microlib/fpfix.c                0x00000000   Number         0  dfixi.o ABSOLUTE
    ../fplib/microlib/fpfix.c                0x00000000   Number         0  dfixui.o ABSOLUTE
    ../fplib/microlib/fpflt.c                0x00000000   Number         0  dfltui.o ABSOLUTE
    ../fplib/microlib/fpflt.c                0x00000000   Number         0  dfltul.o ABSOLUTE
    ../fplib/microlib/fpmul.c                0x00000000   Number         0  dmul.o ABSOLUTE
    ..\CMSIS\CM3\CORE\core_cm3.c             0x00000000   Number         0  core_cm3.o ABSOLUTE
    ..\CMSIS\CM3\STARTUP\startup_stm32f10x_md.s 0x00000000   Number         0  startup_stm32f10x_md.o ABSOLUTE
    ..\CMSIS\CM3\stm32f10x_it.c              0x00000000   Number         0  stm32f10x_it.o ABSOLUTE
    ..\CMSIS\CM3\system_stm32f10x.c          0x00000000   Number         0  system_stm32f10x.o ABSOLUTE
    ..\CMSIS\STM32LIB\src\misc.c             0x00000000   Number         0  misc.o ABSOLUTE
    ..\CMSIS\STM32LIB\src\stm32f10x_adc.c    0x00000000   Number         0  stm32f10x_adc.o ABSOLUTE
    ..\CMSIS\STM32LIB\src\stm32f10x_bkp.c    0x00000000   Number         0  stm32f10x_bkp.o ABSOLUTE
    ..\CMSIS\STM32LIB\src\stm32f10x_can.c    0x00000000   Number         0  stm32f10x_can.o ABSOLUTE
    ..\CMSIS\STM32LIB\src\stm32f10x_cec.c    0x00000000   Number         0  stm32f10x_cec.o ABSOLUTE
    ..\CMSIS\STM32LIB\src\stm32f10x_crc.c    0x00000000   Number         0  stm32f10x_crc.o ABSOLUTE
    ..\CMSIS\STM32LIB\src\stm32f10x_dac.c    0x00000000   Number         0  stm32f10x_dac.o ABSOLUTE
    ..\CMSIS\STM32LIB\src\stm32f10x_dbgmcu.c 0x00000000   Number         0  stm32f10x_dbgmcu.o ABSOLUTE
    ..\CMSIS\STM32LIB\src\stm32f10x_dma.c    0x00000000   Number         0  stm32f10x_dma.o ABSOLUTE
    ..\CMSIS\STM32LIB\src\stm32f10x_exti.c   0x00000000   Number         0  stm32f10x_exti.o ABSOLUTE
    ..\CMSIS\STM32LIB\src\stm32f10x_flash.c  0x00000000   Number         0  stm32f10x_flash.o ABSOLUTE
    ..\CMSIS\STM32LIB\src\stm32f10x_fsmc.c   0x00000000   Number         0  stm32f10x_fsmc.o ABSOLUTE
    ..\CMSIS\STM32LIB\src\stm32f10x_gpio.c   0x00000000   Number         0  stm32f10x_gpio.o ABSOLUTE
    ..\CMSIS\STM32LIB\src\stm32f10x_i2c.c    0x00000000   Number         0  stm32f10x_i2c.o ABSOLUTE
    ..\CMSIS\STM32LIB\src\stm32f10x_iwdg.c   0x00000000   Number         0  stm32f10x_iwdg.o ABSOLUTE
    ..\CMSIS\STM32LIB\src\stm32f10x_pwr.c    0x00000000   Number         0  stm32f10x_pwr.o ABSOLUTE
    ..\CMSIS\STM32LIB\src\stm32f10x_rcc.c    0x00000000   Number         0  stm32f10x_rcc.o ABSOLUTE
    ..\CMSIS\STM32LIB\src\stm32f10x_rtc.c    0x00000000   Number         0  stm32f10x_rtc.o ABSOLUTE
    ..\CMSIS\STM32LIB\src\stm32f10x_sdio.c   0x00000000   Number         0  stm32f10x_sdio.o ABSOLUTE
    ..\CMSIS\STM32LIB\src\stm32f10x_spi.c    0x00000000   Number         0  stm32f10x_spi.o ABSOLUTE
    ..\CMSIS\STM32LIB\src\stm32f10x_tim.c    0x00000000   Number         0  stm32f10x_tim.o ABSOLUTE
    ..\CMSIS\STM32LIB\src\stm32f10x_usart.c  0x00000000   Number         0  stm32f10x_usart.o ABSOLUTE
    ..\CMSIS\STM32LIB\src\stm32f10x_wwdg.c   0x00000000   Number         0  stm32f10x_wwdg.o ABSOLUTE
    ..\HARDWARE\AD9854\AD9854.c              0x00000000   Number         0  ad9854.o ABSOLUTE
    ..\HARDWARE\KEY\key.c                    0x00000000   Number         0  key.o ABSOLUTE
    ..\HARDWARE\LCD\lcd.c                    0x00000000   Number         0  lcd.o ABSOLUTE
    ..\HARDWARE\LED\led.c                    0x00000000   Number         0  led.o ABSOLUTE
    ..\HARDWARE\TIMER\timer.c                0x00000000   Number         0  timer.o ABSOLUTE
    ..\SYSTEM\delay\delay.c                  0x00000000   Number         0  delay.o ABSOLUTE
    ..\SYSTEM\sys\sys.c                      0x00000000   Number         0  sys.o ABSOLUTE
    ..\SYSTEM\usart\usart.c                  0x00000000   Number         0  usart.o ABSOLUTE
    ..\Soft\Task\task_manage.c               0x00000000   Number         0  task_manage.o ABSOLUTE
    ..\\CMSIS\\CM3\\CORE\\core_cm3.c         0x00000000   Number         0  core_cm3.o ABSOLUTE
    ..\\SYSTEM\\sys\\sys.c                   0x00000000   Number         0  sys.o ABSOLUTE
    cdrcmple.s                               0x00000000   Number         0  cdrcmple.o ABSOLUTE
    dc.s                                     0x00000000   Number         0  dc.o ABSOLUTE
    handlers.s                               0x00000000   Number         0  handlers.o ABSOLUTE
    init.s                                   0x00000000   Number         0  init.o ABSOLUTE
    main.c                                   0x00000000   Number         0  main.o ABSOLUTE
    RESET                                    0x08000000   Section      236  startup_stm32f10x_md.o(RESET)
    .ARM.Collect$$$$00000000                 0x080000ec   Section        0  entry.o(.ARM.Collect$$$$00000000)
    .ARM.Collect$$$$00000001                 0x080000ec   Section        4  entry2.o(.ARM.Collect$$$$00000001)
    .ARM.Collect$$$$00000004                 0x080000f0   Section        4  entry5.o(.ARM.Collect$$$$00000004)
    .ARM.Collect$$$$00000008                 0x080000f4   Section        0  entry7b.o(.ARM.Collect$$$$00000008)
    .ARM.Collect$$$$0000000A                 0x080000f4   Section        0  entry8b.o(.ARM.Collect$$$$0000000A)
    .ARM.Collect$$$$0000000B                 0x080000f4   Section        8  entry9a.o(.ARM.Collect$$$$0000000B)
    .ARM.Collect$$$$0000000D                 0x080000fc   Section        0  entry10a.o(.ARM.Collect$$$$0000000D)
    .ARM.Collect$$$$0000000F                 0x080000fc   Section        0  entry11a.o(.ARM.Collect$$$$0000000F)
    .ARM.Collect$$$$00002712                 0x080000fc   Section        4  entry2.o(.ARM.Collect$$$$00002712)
    __lit__00000000                          0x080000fc   Data           4  entry2.o(.ARM.Collect$$$$00002712)
    .emb_text                                0x08000100   Section        2  sys.o(.emb_text)
    .text                                    0x08000104   Section        0  stm32f10x_it.o(.text)
    .text                                    0x080001a4   Section        0  system_stm32f10x.o(.text)
    SetSysClockTo72                          0x080001a5   Thumb Code   214  system_stm32f10x.o(.text)
    SetSysClock                              0x0800027b   Thumb Code     8  system_stm32f10x.o(.text)
    .text                                    0x08000384   Section       36  startup_stm32f10x_md.o(.text)
    .text                                    0x080003a8   Section        0  misc.o(.text)
    .text                                    0x08000484   Section        0  stm32f10x_gpio.o(.text)
    .text                                    0x080007e0   Section        0  stm32f10x_rcc.o(.text)
    .text                                    0x08000b84   Section        0  stm32f10x_usart.o(.text)
    .text                                    0x08000f8c   Section        0  stm32f10x_tim.o(.text)
    TI4_Config                               0x08001433   Thumb Code   130  stm32f10x_tim.o(.text)
    TI3_Config                               0x080014c7   Thumb Code   122  stm32f10x_tim.o(.text)
    TI2_Config                               0x0800155b   Thumb Code   130  stm32f10x_tim.o(.text)
    TI1_Config                               0x080015ef   Thumb Code   108  stm32f10x_tim.o(.text)
    .text                                    0x08001da8   Section        0  delay.o(.text)
    .text                                    0x08001e78   Section        0  sys.o(.text)
    .text                                    0x08002194   Section        0  usart.o(.text)
    .text                                    0x08002320   Section        0  main.o(.text)
    .text                                    0x08002428   Section        0  led.o(.text)
    .text                                    0x08002478   Section        0  lcd.o(.text)
    .text                                    0x08002de8   Section        0  ad9854.o(.text)
    .text                                    0x08003504   Section        0  timer.o(.text)
    .text                                    0x08003604   Section        0  dadd.o(.text)
    .text                                    0x08003752   Section        0  dmul.o(.text)
    .text                                    0x08003836   Section        0  ddiv.o(.text)
    .text                                    0x08003914   Section        0  dfltui.o(.text)
    .text                                    0x0800392e   Section        0  dfltul.o(.text)
    .text                                    0x08003946   Section        0  dfixi.o(.text)
    .text                                    0x08003984   Section        0  dfixui.o(.text)
    .text                                    0x080039b6   Section        0  uldiv.o(.text)
    .text                                    0x08003a18   Section        0  llshl.o(.text)
    .text                                    0x08003a36   Section        0  llushr.o(.text)
    .text                                    0x08003a56   Section        0  llsshr.o(.text)
    .text                                    0x08003a7a   Section        0  iusefp.o(.text)
    .text                                    0x08003a7a   Section        0  depilogue.o(.text)
    .text                                    0x08003b34   Section       36  init.o(.text)
    .text                                    0x08003b58   Section        0  __dczerorl2.o(.text)
    i.__0printf$8                            0x08003bb0   Section        0  printf8.o(i.__0printf$8)
    i.__0sprintf$8                           0x08003bd0   Section        0  printf8.o(i.__0sprintf$8)
    i.__scatterload_copy                     0x08003bf8   Section       14  handlers.o(i.__scatterload_copy)
    i.__scatterload_null                     0x08003c06   Section        2  handlers.o(i.__scatterload_null)
    i.__scatterload_zeroinit                 0x08003c08   Section       14  handlers.o(i.__scatterload_zeroinit)
    i._printf_core                           0x08003c18   Section        0  printf8.o(i._printf_core)
    _printf_core                             0x08003c19   Thumb Code   996  printf8.o(i._printf_core)
    i._printf_post_padding                   0x08004028   Section        0  printf8.o(i._printf_post_padding)
    _printf_post_padding                     0x08004029   Thumb Code    36  printf8.o(i._printf_post_padding)
    i._printf_pre_padding                    0x0800404c   Section        0  printf8.o(i._printf_pre_padding)
    _printf_pre_padding                      0x0800404d   Thumb Code    46  printf8.o(i._printf_pre_padding)
    i._sputc                                 0x0800407a   Section        0  printf8.o(i._sputc)
    _sputc                                   0x0800407b   Thumb Code    10  printf8.o(i._sputc)
    i.draw_circle_8                          0x08004084   Section        0  lcd.o(i.draw_circle_8)
    i.swap_int                               0x08004108   Section        0  lcd.o(i.swap_int)
    .constdata                               0x08004122   Section     2660  lcd.o(.constdata)
    .data                                    0x20000000   Section        8  stm32f10x_it.o(.data)
    .data                                    0x20000008   Section       20  system_stm32f10x.o(.data)
    .data                                    0x2000001c   Section       20  stm32f10x_rcc.o(.data)
    APBAHBPrescTable                         0x2000001c   Data          16  stm32f10x_rcc.o(.data)
    ADCPrescTable                            0x2000002c   Data           4  stm32f10x_rcc.o(.data)
    .data                                    0x20000030   Section        4  delay.o(.data)
    fac_us                                   0x20000030   Data           1  delay.o(.data)
    fac_ms                                   0x20000032   Data           2  delay.o(.data)
    .data                                    0x20000034   Section        6  usart.o(.data)
    .data                                    0x20000040   Section       10  main.o(.data)
    .data                                    0x2000004c   Section       32  task_manage.o(.data)
    SinFre                                   0x20000068   Data           4  task_manage.o(.data)
    .data                                    0x2000006c   Section     2316  lcd.o(.data)
    time                                     0x20000974   Data           1  lcd.o(.data)
    set                                      0x20000975   Data           1  lcd.o(.data)
    xbuf                                     0x20000976   Data           1  lcd.o(.data)
    ybuf                                     0x20000977   Data           1  lcd.o(.data)
    .data                                    0x20000978   Section       32  key.o(.data)
    .data                                    0x20000998   Section       16  ad9854.o(.data)
    .data                                    0x200009a8   Section       12  timer.o(.data)
    .bss                                     0x200009b4   Section       63  usart.o(.bss)
    .bss                                     0x200009f3   Section     1024  lcd.o(.bss)
    STACK                                    0x20000df8   Section     1024  startup_stm32f10x_md.o(STACK)

    Global Symbols

    Symbol Name                              Value     Ov Type        Size  Object(Section)

    BuildAttributes$$THM_ISAv4$P$D$K$B$S$PE$A:L22UL41UL21$X:L11$S22US41US21$IEEE1$IW$USESV6$~STKCKD$USESV7$~SHL$OSPACE$ROPI$EBA8$MICROLIB$REQ8$PRES8$EABIv2 0x00000000   Number         0  anon$$obj.o ABSOLUTE
    __ARM_use_no_argv                        0x00000000   Number         0  main.o ABSOLUTE
    __use_no_errno                           0x00000000   Number         0  useno.o ABSOLUTE
    __use_no_exception_handling              0x00000000   Number         0  useno.o ABSOLUTE
    __use_no_fp                              0x00000000   Number         0  useno.o ABSOLUTE
    __use_no_heap                            0x00000000   Number         0  useno.o ABSOLUTE
    __use_no_heap_region                     0x00000000   Number         0  useno.o ABSOLUTE
    __use_no_semihosting                     0x00000000   Number         0  useno.o ABSOLUTE
    __use_no_semihosting_swi                 0x00000000   Number         0  useno.o ABSOLUTE
    __use_no_signal_handling                 0x00000000   Number         0  useno.o ABSOLUTE
    _printf_a                                0x00000000   Number         0  stubs.o ABSOLUTE
    _printf_c                                0x00000000   Number         0  stubs.o ABSOLUTE
    _printf_charcount                        0x00000000   Number         0  stubs.o ABSOLUTE
    _printf_d                                0x00000000   Number         0  stubs.o ABSOLUTE
    _printf_e                                0x00000000   Number         0  stubs.o ABSOLUTE
    _printf_f                                0x00000000   Number         0  stubs.o ABSOLUTE
    _printf_flags                            0x00000000   Number         0  stubs.o ABSOLUTE
    _printf_fp_dec                           0x00000000   Number         0  stubs.o ABSOLUTE
    _printf_fp_hex                           0x00000000   Number         0  stubs.o ABSOLUTE
    _printf_g                                0x00000000   Number         0  stubs.o ABSOLUTE
    _printf_i                                0x00000000   Number         0  stubs.o ABSOLUTE
    _printf_int_dec                          0x00000000   Number         0  stubs.o ABSOLUTE
    _printf_l                                0x00000000   Number         0  stubs.o ABSOLUTE
    _printf_lc                               0x00000000   Number         0  stubs.o ABSOLUTE
    _printf_ll                               0x00000000   Number         0  stubs.o ABSOLUTE
    _printf_lld                              0x00000000   Number         0  stubs.o ABSOLUTE
    _printf_lli                              0x00000000   Number         0  stubs.o ABSOLUTE
    _printf_llo                              0x00000000   Number         0  stubs.o ABSOLUTE
    _printf_llu                              0x00000000   Number         0  stubs.o ABSOLUTE
    _printf_llx                              0x00000000   Number         0  stubs.o ABSOLUTE
    _printf_longlong_dec                     0x00000000   Number         0  stubs.o ABSOLUTE
    _printf_longlong_hex                     0x00000000   Number         0  stubs.o ABSOLUTE
    _printf_longlong_oct                     0x00000000   Number         0  stubs.o ABSOLUTE
    _printf_ls                               0x00000000   Number         0  stubs.o ABSOLUTE
    _printf_mbtowc                           0x00000000   Number         0  stubs.o ABSOLUTE
    _printf_n                                0x00000000   Number         0  stubs.o ABSOLUTE
    _printf_o                                0x00000000   Number         0  stubs.o ABSOLUTE
    _printf_p                                0x00000000   Number         0  stubs.o ABSOLUTE
    _printf_percent                          0x00000000   Number         0  stubs.o ABSOLUTE
    _printf_pre_padding                      0x00000000   Number         0  stubs.o ABSOLUTE
    _printf_return_value                     0x00000000   Number         0  stubs.o ABSOLUTE
    _printf_s                                0x00000000   Number         0  stubs.o ABSOLUTE
    _printf_sizespec                         0x00000000   Number         0  stubs.o ABSOLUTE
    _printf_str                              0x00000000   Number         0  stubs.o ABSOLUTE
    _printf_truncate_signed                  0x00000000   Number         0  stubs.o ABSOLUTE
    _printf_truncate_unsigned                0x00000000   Number         0  stubs.o ABSOLUTE
    _printf_u                                0x00000000   Number         0  stubs.o ABSOLUTE
    _printf_wc                               0x00000000   Number         0  stubs.o ABSOLUTE
    _printf_wctomb                           0x00000000   Number         0  stubs.o ABSOLUTE
    _printf_widthprec                        0x00000000   Number         0  stubs.o ABSOLUTE
    _printf_x                                0x00000000   Number         0  stubs.o ABSOLUTE
    __cpp_initialize__aeabi_                  - Undefined Weak Reference
    __cxa_finalize                            - Undefined Weak Reference
    _clock_init                               - Undefined Weak Reference
    _microlib_exit                            - Undefined Weak Reference
    __Vectors_Size                           0x000000ec   Number         0  startup_stm32f10x_md.o ABSOLUTE
    __Vectors                                0x08000000   Data           4  startup_stm32f10x_md.o(RESET)
    __Vectors_End                            0x080000ec   Data           0  startup_stm32f10x_md.o(RESET)
    __main                                   0x080000ed   Thumb Code     0  entry.o(.ARM.Collect$$$$00000000)
    _main_stk                                0x080000ed   Thumb Code     0  entry2.o(.ARM.Collect$$$$00000001)
    _main_scatterload                        0x080000f1   Thumb Code     0  entry5.o(.ARM.Collect$$$$00000004)
    __main_after_scatterload                 0x080000f5   Thumb Code     0  entry5.o(.ARM.Collect$$$$00000004)
    _main_clock                              0x080000f5   Thumb Code     0  entry7b.o(.ARM.Collect$$$$00000008)
    _main_cpp_init                           0x080000f5   Thumb Code     0  entry8b.o(.ARM.Collect$$$$0000000A)
    _main_init                               0x080000f5   Thumb Code     0  entry9a.o(.ARM.Collect$$$$0000000B)
    __rt_final_cpp                           0x080000fd   Thumb Code     0  entry10a.o(.ARM.Collect$$$$0000000D)
    __rt_final_exit                          0x080000fd   Thumb Code     0  entry11a.o(.ARM.Collect$$$$0000000F)
    WFI_SET                                  0x08000101   Thumb Code     2  sys.o(.emb_text)
    NMI_Handler                              0x08000105   Thumb Code     2  stm32f10x_it.o(.text)
    HardFault_Handler                        0x08000107   Thumb Code    10  stm32f10x_it.o(.text)
    MemManage_Handler                        0x08000111   Thumb Code     2  stm32f10x_it.o(.text)
    BusFault_Handler                         0x08000113   Thumb Code     2  stm32f10x_it.o(.text)
    UsageFault_Handler                       0x08000115   Thumb Code     2  stm32f10x_it.o(.text)
    SVC_Handler                              0x08000117   Thumb Code     2  stm32f10x_it.o(.text)
    DebugMon_Handler                         0x08000119   Thumb Code     2  stm32f10x_it.o(.text)
    PendSV_Handler                           0x0800011b   Thumb Code     2  stm32f10x_it.o(.text)
    SysTick_Handler                          0x0800011d   Thumb Code     2  stm32f10x_it.o(.text)
    TIM3_IRQHandler                          0x0800011f   Thumb Code    80  stm32f10x_it.o(.text)
    SystemInit                               0x08000283   Thumb Code    78  system_stm32f10x.o(.text)
    SystemCoreClockUpdate                    0x080002d1   Thumb Code   142  system_stm32f10x.o(.text)
    Reset_Handler                            0x08000385   Thumb Code     8  startup_stm32f10x_md.o(.text)
    ADC1_2_IRQHandler                        0x0800039f   Thumb Code     0  startup_stm32f10x_md.o(.text)
    CAN1_RX1_IRQHandler                      0x0800039f   Thumb Code     0  startup_stm32f10x_md.o(.text)
    CAN1_SCE_IRQHandler                      0x0800039f   Thumb Code     0  startup_stm32f10x_md.o(.text)
    DMA1_Channel1_IRQHandler                 0x0800039f   Thumb Code     0  startup_stm32f10x_md.o(.text)
    DMA1_Channel2_IRQHandler                 0x0800039f   Thumb Code     0  startup_stm32f10x_md.o(.text)
    DMA1_Channel3_IRQHandler                 0x0800039f   Thumb Code     0  startup_stm32f10x_md.o(.text)
    DMA1_Channel4_IRQHandler                 0x0800039f   Thumb Code     0  startup_stm32f10x_md.o(.text)
    DMA1_Channel5_IRQHandler                 0x0800039f   Thumb Code     0  startup_stm32f10x_md.o(.text)
    DMA1_Channel6_IRQHandler                 0x0800039f   Thumb Code     0  startup_stm32f10x_md.o(.text)
    DMA1_Channel7_IRQHandler                 0x0800039f   Thumb Code     0  startup_stm32f10x_md.o(.text)
    EXTI0_IRQHandler                         0x0800039f   Thumb Code     0  startup_stm32f10x_md.o(.text)
    EXTI15_10_IRQHandler                     0x0800039f   Thumb Code     0  startup_stm32f10x_md.o(.text)
    EXTI1_IRQHandler                         0x0800039f   Thumb Code     0  startup_stm32f10x_md.o(.text)
    EXTI2_IRQHandler                         0x0800039f   Thumb Code     0  startup_stm32f10x_md.o(.text)
    EXTI3_IRQHandler                         0x0800039f   Thumb Code     0  startup_stm32f10x_md.o(.text)
    EXTI4_IRQHandler                         0x0800039f   Thumb Code     0  startup_stm32f10x_md.o(.text)
    EXTI9_5_IRQHandler                       0x0800039f   Thumb Code     0  startup_stm32f10x_md.o(.text)
    FLASH_IRQHandler                         0x0800039f   Thumb Code     0  startup_stm32f10x_md.o(.text)
    I2C1_ER_IRQHandler                       0x0800039f   Thumb Code     0  startup_stm32f10x_md.o(.text)
    I2C1_EV_IRQHandler                       0x0800039f   Thumb Code     0  startup_stm32f10x_md.o(.text)
    I2C2_ER_IRQHandler                       0x0800039f   Thumb Code     0  startup_stm32f10x_md.o(.text)
    I2C2_EV_IRQHandler                       0x0800039f   Thumb Code     0  startup_stm32f10x_md.o(.text)
    PVD_IRQHandler                           0x0800039f   Thumb Code     0  startup_stm32f10x_md.o(.text)
    RCC_IRQHandler                           0x0800039f   Thumb Code     0  startup_stm32f10x_md.o(.text)
    RTCAlarm_IRQHandler                      0x0800039f   Thumb Code     0  startup_stm32f10x_md.o(.text)
    RTC_IRQHandler                           0x0800039f   Thumb Code     0  startup_stm32f10x_md.o(.text)
    SPI1_IRQHandler                          0x0800039f   Thumb Code     0  startup_stm32f10x_md.o(.text)
    SPI2_IRQHandler                          0x0800039f   Thumb Code     0  startup_stm32f10x_md.o(.text)
    TAMPER_IRQHandler                        0x0800039f   Thumb Code     0  startup_stm32f10x_md.o(.text)
    TIM1_BRK_IRQHandler                      0x0800039f   Thumb Code     0  startup_stm32f10x_md.o(.text)
    TIM1_CC_IRQHandler                       0x0800039f   Thumb Code     0  startup_stm32f10x_md.o(.text)
    TIM1_TRG_COM_IRQHandler                  0x0800039f   Thumb Code     0  startup_stm32f10x_md.o(.text)
    TIM1_UP_IRQHandler                       0x0800039f   Thumb Code     0  startup_stm32f10x_md.o(.text)
    TIM2_IRQHandler                          0x0800039f   Thumb Code     0  startup_stm32f10x_md.o(.text)
    USART2_IRQHandler                        0x0800039f   Thumb Code     0  startup_stm32f10x_md.o(.text)
    USART3_IRQHandler                        0x0800039f   Thumb Code     0  startup_stm32f10x_md.o(.text)
    USBWakeUp_IRQHandler                     0x0800039f   Thumb Code     0  startup_stm32f10x_md.o(.text)
    USB_HP_CAN1_TX_IRQHandler                0x0800039f   Thumb Code     0  startup_stm32f10x_md.o(.text)
    USB_LP_CAN1_RX0_IRQHandler               0x0800039f   Thumb Code     0  startup_stm32f10x_md.o(.text)
    WWDG_IRQHandler                          0x0800039f   Thumb Code     0  startup_stm32f10x_md.o(.text)
    NVIC_PriorityGroupConfig                 0x080003a9   Thumb Code    10  misc.o(.text)
    NVIC_Init                                0x080003b3   Thumb Code   100  misc.o(.text)
    NVIC_SetVectorTable                      0x08000417   Thumb Code    14  misc.o(.text)
    NVIC_SystemLPConfig                      0x08000425   Thumb Code    34  misc.o(.text)
    SysTick_CLKSourceConfig                  0x08000447   Thumb Code    40  misc.o(.text)
    GPIO_DeInit                              0x08000485   Thumb Code   172  stm32f10x_gpio.o(.text)
    GPIO_AFIODeInit                          0x08000531   Thumb Code    20  stm32f10x_gpio.o(.text)
    GPIO_Init                                0x08000545   Thumb Code   278  stm32f10x_gpio.o(.text)
    GPIO_StructInit                          0x0800065b   Thumb Code    16  stm32f10x_gpio.o(.text)
    GPIO_ReadInputDataBit                    0x0800066b   Thumb Code    18  stm32f10x_gpio.o(.text)
    GPIO_ReadInputData                       0x0800067d   Thumb Code     8  stm32f10x_gpio.o(.text)
    GPIO_ReadOutputDataBit                   0x08000685   Thumb Code    18  stm32f10x_gpio.o(.text)
    GPIO_ReadOutputData                      0x08000697   Thumb Code     8  stm32f10x_gpio.o(.text)
    GPIO_SetBits                             0x0800069f   Thumb Code     4  stm32f10x_gpio.o(.text)
    GPIO_ResetBits                           0x080006a3   Thumb Code     4  stm32f10x_gpio.o(.text)
    GPIO_WriteBit                            0x080006a7   Thumb Code    10  stm32f10x_gpio.o(.text)
    GPIO_Write                               0x080006b1   Thumb Code     4  stm32f10x_gpio.o(.text)
    GPIO_PinLockConfig                       0x080006b5   Thumb Code    18  stm32f10x_gpio.o(.text)
    GPIO_EventOutputConfig                   0x080006c7   Thumb Code    26  stm32f10x_gpio.o(.text)
    GPIO_EventOutputCmd                      0x080006e1   Thumb Code     6  stm32f10x_gpio.o(.text)
    GPIO_PinRemapConfig                      0x080006e7   Thumb Code   138  stm32f10x_gpio.o(.text)
    GPIO_EXTILineConfig                      0x08000771   Thumb Code    66  stm32f10x_gpio.o(.text)
    GPIO_ETH_MediaInterfaceConfig            0x080007b3   Thumb Code     8  stm32f10x_gpio.o(.text)
    RCC_DeInit                               0x080007e1   Thumb Code    64  stm32f10x_rcc.o(.text)
    RCC_HSEConfig                            0x08000821   Thumb Code    70  stm32f10x_rcc.o(.text)
    RCC_GetFlagStatus                        0x08000867   Thumb Code    56  stm32f10x_rcc.o(.text)
    RCC_WaitForHSEStartUp                    0x0800089f   Thumb Code    56  stm32f10x_rcc.o(.text)
    RCC_AdjustHSICalibrationValue            0x080008d7   Thumb Code    20  stm32f10x_rcc.o(.text)
    RCC_HSICmd                               0x080008eb   Thumb Code     6  stm32f10x_rcc.o(.text)
    RCC_PLLConfig                            0x080008f1   Thumb Code    24  stm32f10x_rcc.o(.text)
    RCC_PLLCmd                               0x08000909   Thumb Code     6  stm32f10x_rcc.o(.text)
    RCC_SYSCLKConfig                         0x0800090f   Thumb Code    18  stm32f10x_rcc.o(.text)
    RCC_GetSYSCLKSource                      0x08000921   Thumb Code    10  stm32f10x_rcc.o(.text)
    RCC_HCLKConfig                           0x0800092b   Thumb Code    18  stm32f10x_rcc.o(.text)
    RCC_PCLK1Config                          0x0800093d   Thumb Code    18  stm32f10x_rcc.o(.text)
    RCC_PCLK2Config                          0x0800094f   Thumb Code    20  stm32f10x_rcc.o(.text)
    RCC_ITConfig                             0x08000963   Thumb Code    26  stm32f10x_rcc.o(.text)
    RCC_USBCLKConfig                         0x0800097d   Thumb Code     8  stm32f10x_rcc.o(.text)
    RCC_ADCCLKConfig                         0x08000985   Thumb Code    18  stm32f10x_rcc.o(.text)
    RCC_LSEConfig                            0x08000997   Thumb Code    50  stm32f10x_rcc.o(.text)
    RCC_LSICmd                               0x080009c9   Thumb Code     6  stm32f10x_rcc.o(.text)
    RCC_RTCCLKConfig                         0x080009cf   Thumb Code    12  stm32f10x_rcc.o(.text)
    RCC_RTCCLKCmd                            0x080009db   Thumb Code     8  stm32f10x_rcc.o(.text)
    RCC_GetClocksFreq                        0x080009e3   Thumb Code   192  stm32f10x_rcc.o(.text)
    RCC_AHBPeriphClockCmd                    0x08000aa3   Thumb Code    26  stm32f10x_rcc.o(.text)
    RCC_APB2PeriphClockCmd                   0x08000abd   Thumb Code    26  stm32f10x_rcc.o(.text)
    RCC_APB1PeriphClockCmd                   0x08000ad7   Thumb Code    26  stm32f10x_rcc.o(.text)
    RCC_APB2PeriphResetCmd                   0x08000af1   Thumb Code    26  stm32f10x_rcc.o(.text)
    RCC_APB1PeriphResetCmd                   0x08000b0b   Thumb Code    26  stm32f10x_rcc.o(.text)
    RCC_BackupResetCmd                       0x08000b25   Thumb Code     8  stm32f10x_rcc.o(.text)
    RCC_ClockSecuritySystemCmd               0x08000b2d   Thumb Code     6  stm32f10x_rcc.o(.text)
    RCC_MCOConfig                            0x08000b33   Thumb Code     6  stm32f10x_rcc.o(.text)
    RCC_ClearFlag                            0x08000b39   Thumb Code    14  stm32f10x_rcc.o(.text)
    RCC_GetITStatus                          0x08000b47   Thumb Code    20  stm32f10x_rcc.o(.text)
    RCC_ClearITPendingBit                    0x08000b5b   Thumb Code     6  stm32f10x_rcc.o(.text)
    USART_DeInit                             0x08000b85   Thumb Code   134  stm32f10x_usart.o(.text)
    USART_Init                               0x08000c0b   Thumb Code   210  stm32f10x_usart.o(.text)
    USART_StructInit                         0x08000cdd   Thumb Code    24  stm32f10x_usart.o(.text)
    USART_ClockInit                          0x08000cf5   Thumb Code    34  stm32f10x_usart.o(.text)
    USART_ClockStructInit                    0x08000d17   Thumb Code    12  stm32f10x_usart.o(.text)
    USART_Cmd                                0x08000d23   Thumb Code    24  stm32f10x_usart.o(.text)
    USART_ITConfig                           0x08000d3b   Thumb Code    74  stm32f10x_usart.o(.text)
    USART_DMACmd                             0x08000d85   Thumb Code    18  stm32f10x_usart.o(.text)
    USART_SetAddress                         0x08000d97   Thumb Code    18  stm32f10x_usart.o(.text)
    USART_WakeUpConfig                       0x08000da9   Thumb Code    18  stm32f10x_usart.o(.text)
    USART_ReceiverWakeUpCmd                  0x08000dbb   Thumb Code    24  stm32f10x_usart.o(.text)
    USART_LINBreakDetectLengthConfig         0x08000dd3   Thumb Code    18  stm32f10x_usart.o(.text)
    USART_LINCmd                             0x08000de5   Thumb Code    24  stm32f10x_usart.o(.text)
    USART_SendData                           0x08000dfd   Thumb Code     8  stm32f10x_usart.o(.text)
    USART_ReceiveData                        0x08000e05   Thumb Code    10  stm32f10x_usart.o(.text)
    USART_SendBreak                          0x08000e0f   Thumb Code    10  stm32f10x_usart.o(.text)
    USART_SetGuardTime                       0x08000e19   Thumb Code    16  stm32f10x_usart.o(.text)
    USART_SetPrescaler                       0x08000e29   Thumb Code    16  stm32f10x_usart.o(.text)
    USART_SmartCardCmd                       0x08000e39   Thumb Code    24  stm32f10x_usart.o(.text)
    USART_SmartCardNACKCmd                   0x08000e51   Thumb Code    24  stm32f10x_usart.o(.text)
    USART_HalfDuplexCmd                      0x08000e69   Thumb Code    24  stm32f10x_usart.o(.text)
    USART_OverSampling8Cmd                   0x08000e81   Thumb Code    22  stm32f10x_usart.o(.text)
    USART_OneBitMethodCmd                    0x08000e97   Thumb Code    24  stm32f10x_usart.o(.text)
    USART_IrDAConfig                         0x08000eaf   Thumb Code    18  stm32f10x_usart.o(.text)
    USART_IrDACmd                            0x08000ec1   Thumb Code    24  stm32f10x_usart.o(.text)
    USART_GetFlagStatus                      0x08000ed9   Thumb Code    26  stm32f10x_usart.o(.text)
    USART_ClearFlag                          0x08000ef3   Thumb Code    18  stm32f10x_usart.o(.text)
    USART_GetITStatus                        0x08000f05   Thumb Code    84  stm32f10x_usart.o(.text)
    USART_ClearITPendingBit                  0x08000f59   Thumb Code    52  stm32f10x_usart.o(.text)
    TIM_DeInit                               0x08000f8d   Thumb Code   424  stm32f10x_tim.o(.text)
    TIM_TimeBaseInit                         0x08001135   Thumb Code   122  stm32f10x_tim.o(.text)
    TIM_OC1Init                              0x080011af   Thumb Code   132  stm32f10x_tim.o(.text)
    TIM_OC2Init                              0x08001233   Thumb Code   154  stm32f10x_tim.o(.text)
    TIM_OC3Init                              0x080012cd   Thumb Code   150  stm32f10x_tim.o(.text)
    TIM_OC4Init                              0x08001363   Thumb Code   182  stm32f10x_tim.o(.text)
    TIM_SetIC4Prescaler                      0x08001419   Thumb Code    26  stm32f10x_tim.o(.text)
    TIM_SetIC3Prescaler                      0x080014b5   Thumb Code    18  stm32f10x_tim.o(.text)
    TIM_SetIC2Prescaler                      0x08001541   Thumb Code    26  stm32f10x_tim.o(.text)
    TIM_SetIC1Prescaler                      0x080015dd   Thumb Code    18  stm32f10x_tim.o(.text)
    TIM_ICInit                               0x0800165b   Thumb Code   150  stm32f10x_tim.o(.text)
    TIM_PWMIConfig                           0x080016f1   Thumb Code   124  stm32f10x_tim.o(.text)
    TIM_BDTRConfig                           0x0800176d   Thumb Code    32  stm32f10x_tim.o(.text)
    TIM_TimeBaseStructInit                   0x0800178d   Thumb Code    18  stm32f10x_tim.o(.text)
    TIM_OCStructInit                         0x0800179f   Thumb Code    20  stm32f10x_tim.o(.text)
    TIM_ICStructInit                         0x080017b3   Thumb Code    18  stm32f10x_tim.o(.text)
    TIM_BDTRStructInit                       0x080017c5   Thumb Code    40  stm32f10x_tim.o(.text)
    TIM_Cmd                                  0x080017ed   Thumb Code    24  stm32f10x_tim.o(.text)
    TIM_CtrlPWMOutputs                       0x08001805   Thumb Code    30  stm32f10x_tim.o(.text)
    TIM_ITConfig                             0x08001823   Thumb Code    18  stm32f10x_tim.o(.text)
    TIM_GenerateEvent                        0x08001835   Thumb Code     4  stm32f10x_tim.o(.text)
    TIM_DMAConfig                            0x08001839   Thumb Code    10  stm32f10x_tim.o(.text)
    TIM_DMACmd                               0x08001843   Thumb Code    18  stm32f10x_tim.o(.text)
    TIM_InternalClockConfig                  0x08001855   Thumb Code    12  stm32f10x_tim.o(.text)
    TIM_SelectInputTrigger                   0x08001861   Thumb Code    18  stm32f10x_tim.o(.text)
    TIM_ITRxExternalClockConfig              0x08001873   Thumb Code    24  stm32f10x_tim.o(.text)
    TIM_TIxExternalClockConfig               0x0800188b   Thumb Code    62  stm32f10x_tim.o(.text)
    TIM_ETRConfig                            0x080018c9   Thumb Code    28  stm32f10x_tim.o(.text)
    TIM_ETRClockMode1Config                  0x080018e5   Thumb Code    54  stm32f10x_tim.o(.text)
    TIM_ETRClockMode2Config                  0x0800191b   Thumb Code    32  stm32f10x_tim.o(.text)
    TIM_PrescalerConfig                      0x0800193b   Thumb Code     6  stm32f10x_tim.o(.text)
    TIM_CounterModeConfig                    0x08001941   Thumb Code    18  stm32f10x_tim.o(.text)
    TIM_EncoderInterfaceConfig               0x08001953   Thumb Code    66  stm32f10x_tim.o(.text)
    TIM_ForcedOC1Config                      0x08001995   Thumb Code    18  stm32f10x_tim.o(.text)
    TIM_ForcedOC2Config                      0x080019a7   Thumb Code    26  stm32f10x_tim.o(.text)
    TIM_ForcedOC3Config                      0x080019c1   Thumb Code    18  stm32f10x_tim.o(.text)
    TIM_ForcedOC4Config                      0x080019d3   Thumb Code    26  stm32f10x_tim.o(.text)
    TIM_ARRPreloadConfig                     0x080019ed   Thumb Code    24  stm32f10x_tim.o(.text)
    TIM_SelectCOM                            0x08001a05   Thumb Code    24  stm32f10x_tim.o(.text)
    TIM_SelectCCDMA                          0x08001a1d   Thumb Code    24  stm32f10x_tim.o(.text)
    TIM_CCPreloadControl                     0x08001a35   Thumb Code    24  stm32f10x_tim.o(.text)
    TIM_OC1PreloadConfig                     0x08001a4d   Thumb Code    18  stm32f10x_tim.o(.text)
    TIM_OC2PreloadConfig                     0x08001a5f   Thumb Code    26  stm32f10x_tim.o(.text)
    TIM_OC3PreloadConfig                     0x08001a79   Thumb Code    18  stm32f10x_tim.o(.text)
    TIM_OC4PreloadConfig                     0x08001a8b   Thumb Code    26  stm32f10x_tim.o(.text)
    TIM_OC1FastConfig                        0x08001aa5   Thumb Code    18  stm32f10x_tim.o(.text)
    TIM_OC2FastConfig                        0x08001ab7   Thumb Code    26  stm32f10x_tim.o(.text)
    TIM_OC3FastConfig                        0x08001ad1   Thumb Code    18  stm32f10x_tim.o(.text)
    TIM_OC4FastConfig                        0x08001ae3   Thumb Code    26  stm32f10x_tim.o(.text)
    TIM_ClearOC1Ref                          0x08001afd   Thumb Code    18  stm32f10x_tim.o(.text)
    TIM_ClearOC2Ref                          0x08001b0f   Thumb Code    24  stm32f10x_tim.o(.text)
    TIM_ClearOC3Ref                          0x08001b27   Thumb Code    18  stm32f10x_tim.o(.text)
    TIM_ClearOC4Ref                          0x08001b39   Thumb Code    24  stm32f10x_tim.o(.text)
    TIM_OC1PolarityConfig                    0x08001b51   Thumb Code    18  stm32f10x_tim.o(.text)
    TIM_OC1NPolarityConfig                   0x08001b63   Thumb Code    18  stm32f10x_tim.o(.text)
    TIM_OC2PolarityConfig                    0x08001b75   Thumb Code    26  stm32f10x_tim.o(.text)
    TIM_OC2NPolarityConfig                   0x08001b8f   Thumb Code    26  stm32f10x_tim.o(.text)
    TIM_OC3PolarityConfig                    0x08001ba9   Thumb Code    26  stm32f10x_tim.o(.text)
    TIM_OC3NPolarityConfig                   0x08001bc3   Thumb Code    26  stm32f10x_tim.o(.text)
    TIM_OC4PolarityConfig                    0x08001bdd   Thumb Code    26  stm32f10x_tim.o(.text)
    TIM_CCxCmd                               0x08001bf7   Thumb Code    30  stm32f10x_tim.o(.text)
    TIM_CCxNCmd                              0x08001c15   Thumb Code    30  stm32f10x_tim.o(.text)
    TIM_SelectOCxM                           0x08001c33   Thumb Code    82  stm32f10x_tim.o(.text)
    TIM_UpdateDisableConfig                  0x08001c85   Thumb Code    24  stm32f10x_tim.o(.text)
    TIM_UpdateRequestConfig                  0x08001c9d   Thumb Code    24  stm32f10x_tim.o(.text)
    TIM_SelectHallSensor                     0x08001cb5   Thumb Code    24  stm32f10x_tim.o(.text)
    TIM_SelectOnePulseMode                   0x08001ccd   Thumb Code    18  stm32f10x_tim.o(.text)
    TIM_SelectOutputTrigger                  0x08001cdf   Thumb Code    18  stm32f10x_tim.o(.text)
    TIM_SelectSlaveMode                      0x08001cf1   Thumb Code    18  stm32f10x_tim.o(.text)
    TIM_SelectMasterSlaveMode                0x08001d03   Thumb Code    18  stm32f10x_tim.o(.text)
    TIM_SetCounter                           0x08001d15   Thumb Code     4  stm32f10x_tim.o(.text)
    TIM_SetAutoreload                        0x08001d19   Thumb Code     4  stm32f10x_tim.o(.text)
    TIM_SetCompare1                          0x08001d1d   Thumb Code     4  stm32f10x_tim.o(.text)
    TIM_SetCompare2                          0x08001d21   Thumb Code     4  stm32f10x_tim.o(.text)
    TIM_SetCompare3                          0x08001d25   Thumb Code     4  stm32f10x_tim.o(.text)
    TIM_SetCompare4                          0x08001d29   Thumb Code     6  stm32f10x_tim.o(.text)
    TIM_SetClockDivision                     0x08001d2f   Thumb Code    18  stm32f10x_tim.o(.text)
    TIM_GetCapture1                          0x08001d41   Thumb Code     6  stm32f10x_tim.o(.text)
    TIM_GetCapture2                          0x08001d47   Thumb Code     6  stm32f10x_tim.o(.text)
    TIM_GetCapture3                          0x08001d4d   Thumb Code     6  stm32f10x_tim.o(.text)
    TIM_GetCapture4                          0x08001d53   Thumb Code     8  stm32f10x_tim.o(.text)
    TIM_GetCounter                           0x08001d5b   Thumb Code     6  stm32f10x_tim.o(.text)
    TIM_GetPrescaler                         0x08001d61   Thumb Code     6  stm32f10x_tim.o(.text)
    TIM_GetFlagStatus                        0x08001d67   Thumb Code    18  stm32f10x_tim.o(.text)
    TIM_ClearFlag                            0x08001d79   Thumb Code     6  stm32f10x_tim.o(.text)
    TIM_GetITStatus                          0x08001d7f   Thumb Code    34  stm32f10x_tim.o(.text)
    TIM_ClearITPendingBit                    0x08001da1   Thumb Code     6  stm32f10x_tim.o(.text)
    delay_init                               0x08001da9   Thumb Code    56  delay.o(.text)
    delay_us                                 0x08001de1   Thumb Code    72  delay.o(.text)
    delay_ms                                 0x08001e29   Thumb Code    72  delay.o(.text)
    STM32_Flash_Capacity                     0x08001e79   Thumb Code   154  sys.o(.text)
    STM32_CPUID                              0x08001f13   Thumb Code    20  sys.o(.text)
    MY_NVIC_SetVectorTable                   0x08001f27   Thumb Code    14  sys.o(.text)
    MY_NVIC_PriorityGroup_Config             0x08001f35   Thumb Code    12  sys.o(.text)
    MY_NVIC_Init                             0x08001f41   Thumb Code    42  sys.o(.text)
    MY_RCC_DeInit                            0x08001f6b   Thumb Code    90  sys.o(.text)
    SYS_Standby                              0x08001fc5   Thumb Code    68  sys.o(.text)
    SYS_SoftReset                            0x08002009   Thumb Code    10  sys.o(.text)
    STM_JTAG_Set                             0x08002013   Thumb Code    36  sys.o(.text)
    STM_Clock_Init                           0x08002037   Thumb Code   134  sys.o(.text)
    BCD_to_HEX                               0x080020bd   Thumb Code    26  sys.o(.text)
    HEX_to_BCD                               0x080020d7   Thumb Code    20  sys.o(.text)
    DX_to_HX                                 0x080020eb   Thumb Code    70  sys.o(.text)
    HX_to_DX                                 0x08002131   Thumb Code    48  sys.o(.text)
    _sys_exit                                0x08002195   Thumb Code     6  usart.o(.text)
    fputc                                    0x0800219b   Thumb Code    24  usart.o(.text)
    USARTx_Init                              0x080021b3   Thumb Code   170  usart.o(.text)
    USART1_IRQHandler                        0x0800225d   Thumb Code   180  usart.o(.text)
    main                                     0x08002321   Thumb Code   226  main.o(.text)
    LED_Init                                 0x08002429   Thumb Code    72  led.o(.text)
    LCD_GPIO_Init                            0x08002479   Thumb Code    72  lcd.o(.text)
    transfer_command                         0x080024c1   Thumb Code    68  lcd.o(.text)
    transfer_data                            0x08002505   Thumb Code    70  lcd.o(.text)
    initial_lcd                              0x0800254b   Thumb Code   144  lcd.o(.text)
    lcd_address                              0x080025db   Thumb Code    44  lcd.o(.text)
    LCD_Refresh_Gram                         0x08002607   Thumb Code    60  lcd.o(.text)
    LCD_Clear                                0x08002643   Thumb Code    54  lcd.o(.text)
    LCD_draw_Point                           0x08002679   Thumb Code   104  lcd.o(.text)
    LCD_Fill                                 0x080026e1   Thumb Code    54  lcd.o(.text)
    LCD_draw_Square                          0x08002717   Thumb Code    76  lcd.o(.text)
    LCD_Move_DrawPoint                       0x08002763   Thumb Code   100  lcd.o(.text)
    Set_Point                                0x080027c7   Thumb Code   146  lcd.o(.text)
    LCD_ShowChar                             0x08002859   Thumb Code   198  lcd.o(.text)
    LCD_Show_chineseChar                     0x0800291f   Thumb Code   130  lcd.o(.text)
    WriteA_Chinese                           0x080029a1   Thumb Code   106  lcd.o(.text)
    LCD_ShowString                           0x08002a0b   Thumb Code    68  lcd.o(.text)
    LCD_ShowString_12                        0x08002a4f   Thumb Code    68  lcd.o(.text)
    LCD_ShowAllString                        0x08002a93   Thumb Code    84  lcd.o(.text)
    Write_Chinese_String                     0x08002ae7   Thumb Code   124  lcd.o(.text)
    LCD_Show_CEStr                           0x08002b63   Thumb Code    24  lcd.o(.text)
    LCD_Show_ModeCEStr                       0x08002b7b   Thumb Code    26  lcd.o(.text)
    OLED_ShowString                          0x08002b95   Thumb Code    90  lcd.o(.text)
    LCD_DrawLine                             0x08002bef   Thumb Code   280  lcd.o(.text)
    LCD_DrawRectangle                        0x08002d07   Thumb Code    74  lcd.o(.text)
    LCD_Drawcircle                           0x08002d51   Thumb Code   150  lcd.o(.text)
    AD9854_IO_Init                           0x08002de9   Thumb Code    72  ad9854.o(.text)
    AD9854_WR_Byte                           0x08002e31   Thumb Code    52  ad9854.o(.text)
    Freq_convert                             0x08002e65   Thumb Code    88  ad9854.o(.text)
    Freq_double_convert                      0x08002ebd   Thumb Code   122  ad9854.o(.text)
    AD9854_InitSingle                        0x08002f37   Thumb Code    80  ad9854.o(.text)
    AD9854_SetSine                           0x08002f87   Thumb Code    92  ad9854.o(.text)
    AD9854_SetSine_double                    0x08002fe3   Thumb Code   106  ad9854.o(.text)
    AD9854_InitFSK                           0x0800304d   Thumb Code    80  ad9854.o(.text)
    AD9854_SetFSK                            0x0800309d   Thumb Code   142  ad9854.o(.text)
    AD9854_InitRFSK                          0x0800312b   Thumb Code   100  ad9854.o(.text)
    AD9854_SetRFSK                           0x0800318f   Thumb Code   266  ad9854.o(.text)
    AD9854_InitChirp                         0x08003299   Thumb Code    78  ad9854.o(.text)
    AD9854_SetChirp                          0x080032e7   Thumb Code   172  ad9854.o(.text)
    AD9854_InitBPSK                          0x08003393   Thumb Code    78  ad9854.o(.text)
    AD9854_SetBPSK                           0x080033e1   Thumb Code   134  ad9854.o(.text)
    AD9854_InitOSK                           0x08003467   Thumb Code    78  ad9854.o(.text)
    AD9854_SetOSK                            0x080034b5   Thumb Code    66  ad9854.o(.text)
    Timerx_Init                              0x08003505   Thumb Code    90  timer.o(.text)
    TIM4_IRQHandler                          0x0800355f   Thumb Code   128  timer.o(.text)
    __aeabi_dadd                             0x08003605   Thumb Code   322  dadd.o(.text)
    __aeabi_dsub                             0x08003747   Thumb Code     6  dadd.o(.text)
    __aeabi_drsub                            0x0800374d   Thumb Code     6  dadd.o(.text)
    __aeabi_dmul                             0x08003753   Thumb Code   228  dmul.o(.text)
    __aeabi_ddiv                             0x08003837   Thumb Code   222  ddiv.o(.text)
    __aeabi_ui2d                             0x08003915   Thumb Code    26  dfltui.o(.text)
    __aeabi_ul2d                             0x0800392f   Thumb Code    24  dfltul.o(.text)
    __aeabi_d2iz                             0x08003947   Thumb Code    62  dfixi.o(.text)
    __aeabi_d2uiz                            0x08003985   Thumb Code    50  dfixui.o(.text)
    __aeabi_uldivmod                         0x080039b7   Thumb Code    98  uldiv.o(.text)
    __aeabi_llsl                             0x08003a19   Thumb Code    30  llshl.o(.text)
    _ll_shift_l                              0x08003a19   Thumb Code     0  llshl.o(.text)
    __aeabi_llsr                             0x08003a37   Thumb Code    32  llushr.o(.text)
    _ll_ushift_r                             0x08003a37   Thumb Code     0  llushr.o(.text)
    __aeabi_lasr                             0x08003a57   Thumb Code    36  llsshr.o(.text)
    _ll_sshift_r                             0x08003a57   Thumb Code     0  llsshr.o(.text)
    __I$use$fp                               0x08003a7b   Thumb Code     0  iusefp.o(.text)
    _double_round                            0x08003a7b   Thumb Code    30  depilogue.o(.text)
    _double_epilogue                         0x08003a99   Thumb Code   156  depilogue.o(.text)
    __scatterload                            0x08003b35   Thumb Code    28  init.o(.text)
    __scatterload_rt2                        0x08003b35   Thumb Code     0  init.o(.text)
    __decompress                             0x08003b59   Thumb Code     0  __dczerorl2.o(.text)
    __decompress1                            0x08003b59   Thumb Code    86  __dczerorl2.o(.text)
    __0printf$8                              0x08003bb1   Thumb Code    22  printf8.o(i.__0printf$8)
    __1printf$8                              0x08003bb1   Thumb Code     0  printf8.o(i.__0printf$8)
    __2printf                                0x08003bb1   Thumb Code     0  printf8.o(i.__0printf$8)
    __0sprintf$8                             0x08003bd1   Thumb Code    34  printf8.o(i.__0sprintf$8)
    __1sprintf$8                             0x08003bd1   Thumb Code     0  printf8.o(i.__0sprintf$8)
    __2sprintf                               0x08003bd1   Thumb Code     0  printf8.o(i.__0sprintf$8)
    __scatterload_copy                       0x08003bf9   Thumb Code    14  handlers.o(i.__scatterload_copy)
    __scatterload_null                       0x08003c07   Thumb Code     2  handlers.o(i.__scatterload_null)
    __scatterload_zeroinit                   0x08003c09   Thumb Code    14  handlers.o(i.__scatterload_zeroinit)
    draw_circle_8                            0x08004085   Thumb Code   132  lcd.o(i.draw_circle_8)
    swap_int                                 0x08004109   Thumb Code    26  lcd.o(i.swap_int)
    asc2_1206                                0x08004122   Data        1140  lcd.o(.constdata)
    asc2_1608                                0x08004596   Data        1520  lcd.o(.constdata)
    Region$$Table$$Base                      0x08004b88   Number         0  anon$$obj.o(Region$$Table)
    Region$$Table$$Limit                     0x08004ba8   Number         0  anon$$obj.o(Region$$Table)
    sysbufer                                 0x20000000   Data           2  stm32f10x_it.o(.data)
    SysTimer                                 0x20000004   Data           4  stm32f10x_it.o(.data)
    SystemCoreClock                          0x20000008   Data           4  system_stm32f10x.o(.data)
    AHBPrescTable                            0x2000000c   Data          16  system_stm32f10x.o(.data)
    __stdout                                 0x20000034   Data           4  usart.o(.data)
    USART_RX_STA                             0x20000038   Data           2  usart.o(.data)
    frequence                                0x20000040   Data           8  main.o(.data)
    amplitude                                0x20000048   Data           2  main.o(.data)
    Task_Index                               0x2000004c   Data           1  task_manage.o(.data)
    Param_Mode                               0x2000004d   Data           1  task_manage.o(.data)
    P_Index                                  0x2000004e   Data           1  task_manage.o(.data)
    Task_First                               0x2000004f   Data           1  task_manage.o(.data)
    _return                                  0x20000050   Data           1  task_manage.o(.data)
    SweepMinFre                              0x20000054   Data           4  task_manage.o(.data)
    SweepMaxFre                              0x20000058   Data           4  task_manage.o(.data)
    SweepStepFre                             0x2000005c   Data           4  task_manage.o(.data)
    SweepTime                                0x20000060   Data           4  task_manage.o(.data)
    SweepFlag                                0x20000064   Data           1  task_manage.o(.data)
    GB_16                                    0x2000006c   Data        2108  lcd.o(.data)
    num                                      0x200008a8   Data         204  lcd.o(.data)
    KEY_Sys_Timer                            0x20000978   Data           4  key.o(.data)
    Keycode                                  0x2000097c   Data           4  key.o(.data)
    SystemTime                               0x20000980   Data           4  key.o(.data)
    KEY_Time                                 0x20000984   Data           4  key.o(.data)
    key_Trgtime                              0x20000988   Data           4  key.o(.data)
    KEY_Trg                                  0x2000098c   Data           4  key.o(.data)
    KEY_Cont                                 0x20000990   Data           4  key.o(.data)
    Trg_state                                0x20000994   Data           4  key.o(.data)
    FreqWord                                 0x20000998   Data           6  ad9854.o(.data)
    dat1                                     0x200009a0   Data           4  ad9854.o(.data)
    dat2                                     0x200009a4   Data           4  ad9854.o(.data)
    count                                    0x200009a8   Data           4  timer.o(.data)
    count1                                   0x200009ac   Data           4  timer.o(.data)
    NowFre                                   0x200009b0   Data           4  timer.o(.data)
    USART_RX_BUF                             0x200009b4   Data          63  usart.o(.bss)
    LCD_GRAM                                 0x200009f3   Data        1024  lcd.o(.bss)
    __initial_sp                             0x200011f8   Data           0  startup_stm32f10x_md.o(STACK)



==============================================================================

Memory Map of the image

  Image Entry point : 0x080000ed

  Load Region LR_IROM1 (Base: 0x08000000, Size: 0x0000555c, Max: 0x00010000, ABSOLUTE, COMPRESSED[0x000053a4])

    Execution Region ER_IROM1 (Exec base: 0x08000000, Load base: 0x08000000, Size: 0x00004ba8, Max: 0x00010000, ABSOLUTE)

    Exec Addr    Load Addr    Size         Type   Attr      Idx    E Section Name        Object

    0x08000000   0x08000000   0x000000ec   Data   RO          149    RESET               startup_stm32f10x_md.o
    0x080000ec   0x080000ec   0x00000000   Code   RO          663  * .ARM.Collect$$$$00000000  mc_w.l(entry.o)
    0x080000ec   0x080000ec   0x00000004   Code   RO          945    .ARM.Collect$$$$00000001  mc_w.l(entry2.o)
    0x080000f0   0x080000f0   0x00000004   Code   RO          948    .ARM.Collect$$$$00000004  mc_w.l(entry5.o)
    0x080000f4   0x080000f4   0x00000000   Code   RO          950    .ARM.Collect$$$$00000008  mc_w.l(entry7b.o)
    0x080000f4   0x080000f4   0x00000000   Code   RO          952    .ARM.Collect$$$$0000000A  mc_w.l(entry8b.o)
    0x080000f4   0x080000f4   0x00000008   Code   RO          953    .ARM.Collect$$$$0000000B  mc_w.l(entry9a.o)
    0x080000fc   0x080000fc   0x00000000   Code   RO          955    .ARM.Collect$$$$0000000D  mc_w.l(entry10a.o)
    0x080000fc   0x080000fc   0x00000000   Code   RO          957    .ARM.Collect$$$$0000000F  mc_w.l(entry11a.o)
    0x080000fc   0x080000fc   0x00000004   Code   RO          946    .ARM.Collect$$$$00002712  mc_w.l(entry2.o)
    0x08000100   0x08000100   0x00000002   Code   RO          455    .emb_text           sys.o
    0x08000102   0x08000102   0x00000002   PAD
    0x08000104   0x08000104   0x000000a0   Code   RO           17    .text               stm32f10x_it.o
    0x080001a4   0x080001a4   0x000001e0   Code   RO          129    .text               system_stm32f10x.o
    0x08000384   0x08000384   0x00000024   Code   RO          150    .text               startup_stm32f10x_md.o
    0x080003a8   0x080003a8   0x000000dc   Code   RO          154    .text               misc.o
    0x08000484   0x08000484   0x0000035c   Code   RO          193    .text               stm32f10x_gpio.o
    0x080007e0   0x080007e0   0x000003a4   Code   RO          205    .text               stm32f10x_rcc.o
    0x08000b84   0x08000b84   0x00000408   Code   RO          219    .text               stm32f10x_usart.o
    0x08000f8c   0x08000f8c   0x00000e1a   Code   RO          417    .text               stm32f10x_tim.o
    0x08001da6   0x08001da6   0x00000002   PAD
    0x08001da8   0x08001da8   0x000000d0   Code   RO          441    .text               delay.o
    0x08001e78   0x08001e78   0x0000031c   Code   RO          456    .text               sys.o
    0x08002194   0x08002194   0x0000018c   Code   RO          471    .text               usart.o
    0x08002320   0x08002320   0x00000108   Code   RO          497    .text               main.o
    0x08002428   0x08002428   0x00000050   Code   RO          561    .text               led.o
    0x08002478   0x08002478   0x0000096e   Code   RO          573    .text               lcd.o
    0x08002de6   0x08002de6   0x00000002   PAD
    0x08002de8   0x08002de8   0x0000071c   Code   RO          631    .text               ad9854.o
    0x08003504   0x08003504   0x00000100   Code   RO          647    .text               timer.o
    0x08003604   0x08003604   0x0000014e   Code   RO          931    .text               mf_w.l(dadd.o)
    0x08003752   0x08003752   0x000000e4   Code   RO          933    .text               mf_w.l(dmul.o)
    0x08003836   0x08003836   0x000000de   Code   RO          935    .text               mf_w.l(ddiv.o)
    0x08003914   0x08003914   0x0000001a   Code   RO          937    .text               mf_w.l(dfltui.o)
    0x0800392e   0x0800392e   0x00000018   Code   RO          939    .text               mf_w.l(dfltul.o)
    0x08003946   0x08003946   0x0000003e   Code   RO          941    .text               mf_w.l(dfixi.o)
    0x08003984   0x08003984   0x00000032   Code   RO          943    .text               mf_w.l(dfixui.o)
    0x080039b6   0x080039b6   0x00000062   Code   RO          961    .text               mc_w.l(uldiv.o)
    0x08003a18   0x08003a18   0x0000001e   Code   RO          963    .text               mc_w.l(llshl.o)
    0x08003a36   0x08003a36   0x00000020   Code   RO          965    .text               mc_w.l(llushr.o)
    0x08003a56   0x08003a56   0x00000024   Code   RO          967    .text               mc_w.l(llsshr.o)
    0x08003a7a   0x08003a7a   0x00000000   Code   RO          978    .text               mc_w.l(iusefp.o)
    0x08003a7a   0x08003a7a   0x000000ba   Code   RO          979    .text               mf_w.l(depilogue.o)
    0x08003b34   0x08003b34   0x00000024   Code   RO          985    .text               mc_w.l(init.o)
    0x08003b58   0x08003b58   0x00000056   Code   RO         1027    .text               mc_w.l(__dczerorl2.o)
    0x08003bae   0x08003bae   0x00000002   PAD
    0x08003bb0   0x08003bb0   0x00000020   Code   RO          875    i.__0printf$8       mc_w.l(printf8.o)
    0x08003bd0   0x08003bd0   0x00000028   Code   RO          877    i.__0sprintf$8      mc_w.l(printf8.o)
    0x08003bf8   0x08003bf8   0x0000000e   Code   RO         1021    i.__scatterload_copy  mc_w.l(handlers.o)
    0x08003c06   0x08003c06   0x00000002   Code   RO         1022    i.__scatterload_null  mc_w.l(handlers.o)
    0x08003c08   0x08003c08   0x0000000e   Code   RO         1023    i.__scatterload_zeroinit  mc_w.l(handlers.o)
    0x08003c16   0x08003c16   0x00000002   PAD
    0x08003c18   0x08003c18   0x00000410   Code   RO          882    i._printf_core      mc_w.l(printf8.o)
    0x08004028   0x08004028   0x00000024   Code   RO          883    i._printf_post_padding  mc_w.l(printf8.o)
    0x0800404c   0x0800404c   0x0000002e   Code   RO          884    i._printf_pre_padding  mc_w.l(printf8.o)
    0x0800407a   0x0800407a   0x0000000a   Code   RO          886    i._sputc            mc_w.l(printf8.o)
    0x08004084   0x08004084   0x00000084   Code   RO          593    i.draw_circle_8     lcd.o
    0x08004108   0x08004108   0x0000001a   Code   RO          587    i.swap_int          lcd.o
    0x08004122   0x08004122   0x00000a64   Data   RO          575    .constdata          lcd.o
    0x08004b86   0x08004b86   0x00000002   PAD
    0x08004b88   0x08004b88   0x00000020   Data   RO         1019    Region$$Table       anon$$obj.o


    Execution Region RW_IRAM1 (Exec base: 0x20000000, Load base: 0x08004ba8, Size: 0x000011f8, Max: 0x00005000, ABSOLUTE, COMPRESSED[0x000007fc])

    Exec Addr    Load Addr    Size         Type   Attr      Idx    E Section Name        Object

    0x20000000   COMPRESSED   0x00000008   Data   RW           18    .data               stm32f10x_it.o
    0x20000008   COMPRESSED   0x00000014   Data   RW          130    .data               system_stm32f10x.o
    0x2000001c   COMPRESSED   0x00000014   Data   RW          206    .data               stm32f10x_rcc.o
    0x20000030   COMPRESSED   0x00000004   Data   RW          442    .data               delay.o
    0x20000034   COMPRESSED   0x00000006   Data   RW          473    .data               usart.o
    0x2000003a   COMPRESSED   0x00000006   PAD
    0x20000040   COMPRESSED   0x0000000a   Data   RW          499    .data               main.o
    0x2000004a   COMPRESSED   0x00000002   PAD
    0x2000004c   COMPRESSED   0x00000020   Data   RW          540    .data               task_manage.o
    0x2000006c   COMPRESSED   0x0000090c   Data   RW          576    .data               lcd.o
    0x20000978   COMPRESSED   0x00000020   Data   RW          610    .data               key.o
    0x20000998   COMPRESSED   0x00000010   Data   RW          633    .data               ad9854.o
    0x200009a8   COMPRESSED   0x0000000c   Data   RW          648    .data               timer.o
    0x200009b4        -       0x0000003f   Zero   RW          472    .bss                usart.o
    0x200009f3        -       0x00000400   Zero   RW          574    .bss                lcd.o
    0x20000df3   COMPRESSED   0x00000005   PAD
    0x20000df8        -       0x00000400   Zero   RW          147    STACK               startup_stm32f10x_md.o


==============================================================================

Image component sizes


      Code (inc. data)   RO Data    RW Data    ZI Data      Debug   Object Name

      1820         62          0         16          0       5591   ad9854.o
         0          0          0          0          0       4544   core_cm3.o
       208          8          0          4          0        955   delay.o
         0          0          0         32          0        451   key.o
      2572         50       2660       2316       1024      10920   lcd.o
        80          8          0          0          0        459   led.o
       264         38          0         10          0       1255   main.o
       220         22          0          0          0       1725   misc.o
        36          8        236          0       1024        784   startup_stm32f10x_md.o
       860         38          0          0          0       5565   stm32f10x_gpio.o
       160         54          0          8          0     248326   stm32f10x_it.o
       932         36          0         20          0       8700   stm32f10x_rcc.o
      3610         88          0          0          0      22056   stm32f10x_tim.o
      1032         22          0          0          0       8296   stm32f10x_usart.o
       798         52          0          0          0       3512   sys.o
       480         38          0         20          0       1707   system_stm32f10x.o
         0          0          0         32          0       3494   task_manage.o
       256         38          0         12          0       1028   timer.o
       396         16          0          6         63       3040   usart.o

    ----------------------------------------------------------------------
     13730        578       2930       2484       2116     332408   Object Totals
         0          0         32          0          0          0   (incl. Generated)
         6          0          2          8          5          0   (incl. Padding)

    ----------------------------------------------------------------------

      Code (inc. data)   RO Data    RW Data    ZI Data      Debug   Library Member Name

        86          0          0          0          0          0   __dczerorl2.o
         0          0          0          0          0          0   entry.o
         0          0          0          0          0          0   entry10a.o
         0          0          0          0          0          0   entry11a.o
         8          4          0          0          0          0   entry2.o
         4          0          0          0          0          0   entry5.o
         0          0          0          0          0          0   entry7b.o
         0          0          0          0          0          0   entry8b.o
         8          4          0          0          0          0   entry9a.o
        30          0          0          0          0          0   handlers.o
        36          8          0          0          0         68   init.o
         0          0          0          0          0          0   iusefp.o
        30          0          0          0          0         68   llshl.o
        36          0          0          0          0         68   llsshr.o
        32          0          0          0          0         68   llushr.o
      1204         60          0          0          0        504   printf8.o
        98          0          0          0          0         92   uldiv.o
       334          0          0          0          0        148   dadd.o
       222          0          0          0          0        100   ddiv.o
       186          0          0          0          0        176   depilogue.o
        62          0          0          0          0         80   dfixi.o
        50          0          0          0          0         76   dfixui.o
        26          0          0          0          0         76   dfltui.o
        24          0          0          0          0         76   dfltul.o
       228          0          0          0          0         96   dmul.o

    ----------------------------------------------------------------------
      2708         76          0          0          0       1696   Library Totals
         4          0          0          0          0          0   (incl. Padding)

    ----------------------------------------------------------------------

      Code (inc. data)   RO Data    RW Data    ZI Data      Debug   Library Name

      1572         76          0          0          0        868   mc_w.l
      1132          0          0          0          0        828   mf_w.l

    ----------------------------------------------------------------------
      2708         76          0          0          0       1696   Library Totals

    ----------------------------------------------------------------------

==============================================================================


      Code (inc. data)   RO Data    RW Data    ZI Data      Debug   

     16438        654       2930       2484       2116     331996   Grand Totals
     16438        654       2930       2044       2116     331996   ELF Image Totals (compressed)
     16438        654       2930       2044          0          0   ROM Totals

==============================================================================

    Total RO  Size (Code + RO Data)                19368 (  18.91kB)
    Total RW  Size (RW Data + ZI Data)              4600 (   4.49kB)
    Total ROM Size (Code + RO Data + RW Data)      21412 (  20.91kB)

==============================================================================

