Component: ARM Compiler 5.06 update 5 (build 528) Tool: armlink [4d35e2]

==============================================================================

Section Cross References

    main.o(.text) refers to stm32f4xx_rcc.o(.text) for RCC_APB2PeriphClockCmd
    main.o(.text) refers to stm32f4xx_syscfg.o(.text) for SYSCFG_EXTILineConfig
    main.o(.text) refers to stm32f4xx_exti.o(.text) for EXTI_Init
    main.o(.text) refers to misc.o(.text) for NVIC_Init
    main.o(.text) refers to os_core.o(.text) for OSIntEnter
    main.o(.text) refers to os_sem.o(.text) for OSSemPost
    main.o(.text) refers to cpu_core.o(.text) for CPU_Init
    main.o(.text) refers to os_stat.o(.text) for OSStatTaskCPUUsageInit
    main.o(.text) refers to os_app_hooks.o(.text) for App_OS_SetAllHooks
    main.o(.text) refers to cpu_a.o(.text) for CPU_SR_Save
    main.o(.text) refers to lcd.o(.text) for LCD_ShowIntNum
    main.o(.text) refers to delay.o(.text) for delay_init
    main.o(.text) refers to led.o(.text) for LED_Init
    main.o(.text) refers to stm32f4xx_dbgmcu.o(.text) for DBGMCU_Config
    main.o(.text) refers to lcd_init.o(.text) for LCD_Init
    main.o(.text) refers to os_task.o(.text) for OSTaskCreate
    main.o(.text) refers to main.o(.bss) for KeySem
    main.o(.text) refers to os_var.o(.data) for OSSchedLockNestingCtr
    system_stm32f4xx.o(.text) refers to system_stm32f4xx.o(.data) for SystemCoreClock
    led.o(.text) refers to stm32f4xx_rcc.o(.text) for RCC_AHB1PeriphClockCmd
    led.o(.text) refers to stm32f4xx_gpio.o(.text) for GPIO_Init
    lcd.o(.text) refers to lcd_init.o(.text) for LCD_Address_Set
    lcd.o(.text) refers to lcd.o(.constdata) for tfont32
    lcd_init.o(.text) refers to stm32f4xx_rcc.o(.text) for RCC_AHB1PeriphClockCmd
    lcd_init.o(.text) refers to stm32f4xx_gpio.o(.text) for GPIO_Init
    lcd_init.o(.text) refers to delay.o(.text) for delay_ms
    startup_stm32f40_41xxx.o(STACK) refers (Special) to heapauxi.o(.text) for __use_two_region_memory
    startup_stm32f40_41xxx.o(HEAP) refers (Special) to heapauxi.o(.text) for __use_two_region_memory
    startup_stm32f40_41xxx.o(RESET) refers (Special) to heapauxi.o(.text) for __use_two_region_memory
    startup_stm32f40_41xxx.o(RESET) refers to startup_stm32f40_41xxx.o(STACK) for __initial_sp
    startup_stm32f40_41xxx.o(RESET) refers to startup_stm32f40_41xxx.o(.text) for Reset_Handler
    startup_stm32f40_41xxx.o(RESET) refers to stm32f4xx_it.o(.text) for NMI_Handler
    startup_stm32f40_41xxx.o(RESET) refers to os_cpu_a.o(CODE) for PendSV_Handler
    startup_stm32f40_41xxx.o(RESET) refers to delay.o(.text) for SysTick_Handler
    startup_stm32f40_41xxx.o(RESET) refers to main.o(.text) for EXTI0_IRQHandler
    startup_stm32f40_41xxx.o(RESET) refers to usart.o(.text) for USART1_IRQHandler
    startup_stm32f40_41xxx.o(.text) refers (Special) to heapauxi.o(.text) for __use_two_region_memory
    startup_stm32f40_41xxx.o(.text) refers to system_stm32f4xx.o(.text) for SystemInit
    startup_stm32f40_41xxx.o(.text) refers to __main.o(!!!main) for __main
    startup_stm32f40_41xxx.o(.text) refers to startup_stm32f40_41xxx.o(HEAP) for Heap_Mem
    startup_stm32f40_41xxx.o(.text) refers to startup_stm32f40_41xxx.o(STACK) for Stack_Mem
    stm32f4xx_gpio.o(.text) refers to stm32f4xx_rcc.o(.text) for RCC_AHB1PeriphResetCmd
    stm32f4xx_rcc.o(.text) refers to stm32f4xx_rcc.o(.data) for APBAHBPrescTable
    stm32f4xx_syscfg.o(.text) refers to stm32f4xx_rcc.o(.text) for RCC_APB2PeriphResetCmd
    stm32f4xx_usart.o(.text) refers to stm32f4xx_rcc.o(.text) for RCC_APB2PeriphResetCmd
    stm32f4xx_adc.o(.text) refers to stm32f4xx_rcc.o(.text) for RCC_APB2PeriphResetCmd
    stm32f4xx_can.o(.text) refers to stm32f4xx_rcc.o(.text) for RCC_APB1PeriphResetCmd
    stm32f4xx_cryp.o(.text) refers to stm32f4xx_rcc.o(.text) for RCC_AHB2PeriphResetCmd
    stm32f4xx_cryp_aes.o(.text) refers to stm32f4xx_cryp.o(.text) for CRYP_KeyStructInit
    stm32f4xx_cryp_des.o(.text) refers to stm32f4xx_cryp.o(.text) for CRYP_KeyStructInit
    stm32f4xx_cryp_tdes.o(.text) refers to stm32f4xx_cryp.o(.text) for CRYP_KeyStructInit
    stm32f4xx_dac.o(.text) refers to stm32f4xx_rcc.o(.text) for RCC_APB1PeriphResetCmd
    stm32f4xx_dma2d.o(.text) refers to stm32f4xx_rcc.o(.text) for RCC_AHB1PeriphResetCmd
    stm32f4xx_fsmc.o(.text) refers to stm32f4xx_fsmc.o(.constdata) for FSMC_DefaultTimingStruct
    stm32f4xx_hash.o(.text) refers to stm32f4xx_rcc.o(.text) for RCC_AHB2PeriphResetCmd
    stm32f4xx_hash_md5.o(.text) refers to stm32f4xx_hash.o(.text) for HASH_DeInit
    stm32f4xx_hash_sha1.o(.text) refers to stm32f4xx_hash.o(.text) for HASH_DeInit
    stm32f4xx_i2c.o(.text) refers to stm32f4xx_rcc.o(.text) for RCC_APB1PeriphResetCmd
    stm32f4xx_ltdc.o(.text) refers to stm32f4xx_rcc.o(.text) for RCC_APB2PeriphResetCmd
    stm32f4xx_pwr.o(.text) refers to stm32f4xx_rcc.o(.text) for RCC_APB1PeriphResetCmd
    stm32f4xx_rng.o(.text) refers to stm32f4xx_rcc.o(.text) for RCC_AHB2PeriphResetCmd
[...]
    __rt_entry_postsh_1                      0x0800020f   Thumb Code     0  __rtentry2.o(.ARM.Collect$$rtentry$$00000009)
    __rt_entry_main                          0x08000213   Thumb Code     0  __rtentry2.o(.ARM.Collect$$rtentry$$0000000D)
    __rt_entry_postli_1                      0x08000213   Thumb Code     0  __rtentry2.o(.ARM.Collect$$rtentry$$0000000C)
    __rt_exit                                0x0800021b   Thumb Code     0  rtexit.o(.ARM.Collect$$rtexit$$00000000)
    __rt_exit_ls                             0x0800021d   Thumb Code     0  rtexit2.o(.ARM.Collect$$rtexit$$00000003)
    __rt_exit_prels_1                        0x0800021d   Thumb Code     0  rtexit2.o(.ARM.Collect$$rtexit$$00000002)
    __rt_exit_exit                           0x08000221   Thumb Code     0  rtexit2.o(.ARM.Collect$$rtexit$$00000004)
    EXTIX_Init                               0x08000229   Thumb Code    78  main.o(.text)
    EXTI0_IRQHandler                         0x08000277   Thumb Code    36  main.o(.text)
    start_task                               0x0800029b   Thumb Code   206  main.o(.text)
    main                                     0x08000369   Thumb Code   262  main.o(.text)
    NMI_Handler                              0x080004a1   Thumb Code     2  stm32f4xx_it.o(.text)
    HardFault_Handler                        0x080004a3   Thumb Code     4  stm32f4xx_it.o(.text)
    MemManage_Handler                        0x080004a7   Thumb Code     4  stm32f4xx_it.o(.text)
    BusFault_Handler                         0x080004ab   Thumb Code     4  stm32f4xx_it.o(.text)
    UsageFault_Handler                       0x080004af   Thumb Code     4  stm32f4xx_it.o(.text)
    SVC_Handler                              0x080004b3   Thumb Code     2  stm32f4xx_it.o(.text)
    DebugMon_Handler                         0x080004b5   Thumb Code     2  stm32f4xx_it.o(.text)
    SystemInit                               0x08000595   Thumb Code    88  system_stm32f4xx.o(.text)
    SystemCoreClockUpdate                    0x080005ed   Thumb Code   174  system_stm32f4xx.o(.text)
    LED_Init                                 0x080006c9   Thumb Code    58  led.o(.text)
    LCD_Fill                                 0x08000709   Thumb Code    74  lcd.o(.text)
    LCD_DrawPoint                            0x08000753   Thumb Code    28  lcd.o(.text)
    LCD_DrawLine                             0x0800076f   Thumb Code   172  lcd.o(.text)
    LCD_DrawRectangle                        0x0800081b   Thumb Code    74  lcd.o(.text)
    Draw_Circle                              0x08000865   Thumb Code   158  lcd.o(.text)
    LCD_ShowChinese32x32                     0x08000903   Thumb Code   306  lcd.o(.text)
    LCD_ShowChinese24x24                     0x08000a35   Thumb Code   322  lcd.o(.text)
    LCD_ShowChinese16x16                     0x08000b77   Thumb Code   306  lcd.o(.text)
    LCD_ShowChinese12x12                     0x08000ca9   Thumb Code   340  lcd.o(.text)
    LCD_ShowChinese                          0x08000dfd   Thumb Code   140  lcd.o(.text)
    LCD_ShowChar                             0x08000e89   Thumb Code   328  lcd.o(.text)
    LCD_ShowString                           0x08000fd1   Thumb Code    66  lcd.o(.text)
    mypow                                    0x08001013   Thumb Code    22  lcd.o(.text)
    LCD_ShowIntNum                           0x08001029   Thumb Code   150  lcd.o(.text)
    LCD_ShowFloatNum1                        0x080010bf   Thumb Code   200  lcd.o(.text)
    LCD_ShowPicture                          0x08001187   Thumb Code   102  lcd.o(.text)
    LCD_GPIO_Init                            0x080011ed   Thumb Code   156  lcd_init.o(.text)
    LCD_Writ_Bus                             0x08001289   Thumb Code    82  lcd_init.o(.text)
    LCD_WR_DATA8                             0x080012db   Thumb Code    12  lcd_init.o(.text)
    LCD_WR_DATA                              0x080012e7   Thumb Code    18  lcd_init.o(.text)
    LCD_WR_REG                               0x080012f9   Thumb Code    32  lcd_init.o(.text)
    LCD_Address_Set                          0x08001319   Thumb Code    66  lcd_init.o(.text)
    LCD_Init                                 0x0800135b   Thumb Code   502  lcd_init.o(.text)
    Reset_Handler                            0x0800155d   Thumb Code     8  startup_stm32f40_41xxx.o(.text)
    ADC_IRQHandler                           0x08001577   Thumb Code     0  startup_stm32f40_41xxx.o(.text)
    CAN1_RX0_IRQHandler                      0x08001577   Thumb Code     0  startup_stm32f40_41xxx.o(.text)
    CAN1_RX1_IRQHandler                      0x08001577   Thumb Code     0  startup_stm32f40_41xxx.o(.text)
    CAN1_SCE_IRQHandler                      0x08001577   Thumb Code     0  startup_stm32f40_41xxx.o(.text)
    CAN1_TX_IRQHandler                       0x08001577   Thumb Code     0  startup_stm32f40_41xxx.o(.text)
    CAN2_RX0_IRQHandler                      0x08001577   Thumb Code     0  startup_stm32f40_41xxx.o(.text)
    CAN2_RX1_IRQHandler                      0x08001577   Thumb Code     0  startup_stm32f40_41xxx.o(.text)
    CAN2_SCE_IRQHandler                      0x08001577   Thumb Code     0  startup_stm32f40_41xxx.o(.text)
    CAN2_TX_IRQHandler                       0x08001577   Thumb Code     0  startup_stm32f40_41xxx.o(.text)
    CRYP_IRQHandler                          0x08001577   Thumb Code     0  startup_stm32f40_41xxx.o(.text)
    DCMI_IRQHandler                          0x08001577   Thumb Code     0  startup_stm32f40_41xxx.o(.text)
    DMA1_Stream0_IRQHandler                  0x08001577   Thumb Code     0  startup_stm32f40_41xxx.o(.text)
    DMA1_Stream1_IRQHandler                  0x08001577   Thumb Code     0  startup_stm32f40_41xxx.o(.text)
    DMA1_Stream2_IRQHandler                  0x08001577   Thumb Code     0  startup_stm32f40_41xxx.o(.text)
    DMA1_Stream3_IRQHandler                  0x08001577   Thumb Code     0  startup_stm32f40_41xxx.o(.text)
    DMA1_Stream4_IRQHandler                  0x08001577   Thumb Code     0  startup_stm32f40_41xxx.o(.text)
    DMA1_Stream5_IRQHandler                  0x08001577   Thumb Code     0  startup_stm32f40_41xxx.o(.text)
    DMA1_Stream6_IRQHandler                  0x08001577   Thumb Code     0  startup_stm32f40_41xxx.o(.text)
    DMA1_Stream7_IRQHandler                  0x08001577   Thumb Code     0  startup_stm32f40_41xxx.o(.text)
    DMA2_Stream0_IRQHandler                  0x08001577   Thumb Code     0  startup_stm32f40_41xxx.o(.text)
    DMA2_Stream1_IRQHandler                  0x08001577   Thumb Code     0  startup_stm32f40_41xxx.o(.text)
    DMA2_Stream2_IRQHandler                  0x08001577   Thumb Code     0  startup_stm32f40_41xxx.o(.text)
    DMA2_Stream3_IRQHandler                  0x08001577   Thumb Code     0  startup_stm32f40_41xxx.o(.text)
    DMA2_Stream4_IRQHandler                  0x08001577   Thumb Code     0  startup_stm32f40_41xxx.o(.text)
    DMA2_Stream5_IRQHandler                  0x08001577   Thumb Code     0  startup_stm32f40_41xxx.o(.text)
    DMA2_Stream6_IRQHandler                  0x08001577   Thumb Code     0  startup_stm32f40_41xxx.o(.text)
    DMA2_Stream7_IRQHandler                  0x08001577   Thumb Code     0  startup_stm32f40_41xxx.o(.text)
    ETH_IRQHandler                           0x08001577   Thumb Code     0  startup_stm32f40_41xxx.o(.text)
    ETH_WKUP_IRQHandler                      0x08001577   Thumb Code     0  startup_stm32f40_41xxx.o(.text)
    EXTI15_10_IRQHandler                     0x08001577   Thumb Code     0  startup_stm32f40_41xxx.o(.text)
    EXTI1_IRQHandler                         0x08001577   Thumb Code     0  startup_stm32f40_41xxx.o(.text)
    EXTI2_IRQHandler                         0x08001577   Thumb Code     0  startup_stm32f40_41xxx.o(.text)
    EXTI3_IRQHandler                         0x08001577   Thumb Code     0  startup_stm32f40_41xxx.o(.text)
    EXTI4_IRQHandler                         0x08001577   Thumb Code     0  startup_stm32f40_41xxx.o(.text)
    EXTI9_5_IRQHandler                       0x08001577   Thumb Code     0  startup_stm32f40_41xxx.o(.text)
    FLASH_IRQHandler                         0x08001577   Thumb Code     0  startup_stm32f40_41xxx.o(.text)
    FPU_IRQHandler                           0x08001577   Thumb Code     0  startup_stm32f40_41xxx.o(.text)
    FSMC_IRQHandler                          0x08001577   Thumb Code     0  startup_stm32f40_41xxx.o(.text)
    HASH_RNG_IRQHandler                      0x08001577   Thumb Code     0  startup_stm32f40_41xxx.o(.text)
    I2C1_ER_IRQHandler                       0x08001577   Thumb Code     0  startup_stm32f40_41xxx.o(.text)
    I2C1_EV_IRQHandler                       0x08001577   Thumb Code     0  startup_stm32f40_41xxx.o(.text)
    I2C2_ER_IRQHandler                       0x08001577   Thumb Code     0  startup_stm32f40_41xxx.o(.text)
    I2C2_EV_IRQHandler                       0x08001577   Thumb Code     0  startup_stm32f40_41xxx.o(.text)
    I2C3_ER_IRQHandler                       0x08001577   Thumb Code     0  startup_stm32f40_41xxx.o(.text)
    I2C3_EV_IRQHandler                       0x08001577   Thumb Code     0  startup_stm32f40_41xxx.o(.text)
    OTG_FS_IRQHandler                        0x08001577   Thumb Code     0  startup_stm32f40_41xxx.o(.text)
    OTG_FS_WKUP_IRQHandler                   0x08001577   Thumb Code     0  startup_stm32f40_41xxx.o(.text)
    OTG_HS_EP1_IN_IRQHandler                 0x08001577   Thumb Code     0  startup_stm32f40_41xxx.o(.text)
    OTG_HS_EP1_OUT_IRQHandler                0x08001577   Thumb Code     0  startup_stm32f40_41xxx.o(.text)
    OTG_HS_IRQHandler                        0x08001577   Thumb Code     0  startup_stm32f40_41xxx.o(.text)
    OTG_HS_WKUP_IRQHandler                   0x08001577   Thumb Code     0  startup_stm32f40_41xxx.o(.text)
    PVD_IRQHandler                           0x08001577   Thumb Code     0  startup_stm32f40_41xxx.o(.text)
    RCC_IRQHandler                           0x08001577   Thumb Code     0  startup_stm32f40_41xxx.o(.text)
    RTC_Alarm_IRQHandler                     0x08001577   Thumb Code     0  startup_stm32f40_41xxx.o(.text)
    RTC_WKUP_IRQHandler                      0x08001577   Thumb Code     0  startup_stm32f40_41xxx.o(.text)
    SDIO_IRQHandler                          0x08001577   Thumb Code     0  startup_stm32f40_41xxx.o(.text)
    SPI1_IRQHandler                          0x08001577   Thumb Code     0  startup_stm32f40_41xxx.o(.text)
    SPI2_IRQHandler                          0x08001577   Thumb Code     0  startup_stm32f40_41xxx.o(.text)
    SPI3_IRQHandler                          0x08001577   Thumb Code     0  startup_stm32f40_41xxx.o(.text)
    TAMP_STAMP_IRQHandler                    0x08001577   Thumb Code     0  startup_stm32f40_41xxx.o(.text)
    TIM1_BRK_TIM9_IRQHandler                 0x08001577   Thumb Code     0  startup_stm32f40_41xxx.o(.text)
    TIM1_CC_IRQHandler                       0x08001577   Thumb Code     0  startup_stm32f40_41xxx.o(.text)
    TIM1_TRG_COM_TIM11_IRQHandler            0x08001577   Thumb Code     0  startup_stm32f40_41xxx.o(.text)
    TIM1_UP_TIM10_IRQHandler                 0x08001577   Thumb Code     0  startup_stm32f40_41xxx.o(.text)
    TIM2_IRQHandler                          0x08001577   Thumb Code     0  startup_stm32f40_41xxx.o(.text)
    TIM3_IRQHandler                          0x08001577   Thumb Code     0  startup_stm32f40_41xxx.o(.text)
    TIM4_IRQHandler                          0x08001577   Thumb Code     0  startup_stm32f40_41xxx.o(.text)
    TIM5_IRQHandler                          0x08001577   Thumb Code     0  startup_stm32f40_41xxx.o(.text)
    TIM6_DAC_IRQHandler                      0x08001577   Thumb Code     0  startup_stm32f40_41xxx.o(.text)
    TIM7_IRQHandler                          0x08001577   Thumb Code     0  startup_stm32f40_41xxx.o(.text)
    TIM8_BRK_TIM12_IRQHandler                0x08001577   Thumb Code     0  startup_stm32f40_41xxx.o(.text)
    TIM8_CC_IRQHandler                       0x08001577   Thumb Code     0  startup_stm32f40_41xxx.o(.text)
    TIM8_TRG_COM_TIM14_IRQHandler            0x08001577   Thumb Code     0  startup_stm32f40_41xxx.o(.text)
    TIM8_UP_TIM13_IRQHandler                 0x08001577   Thumb Code     0  startup_stm32f40_41xxx.o(.text)
    UART4_IRQHandler                         0x08001577   Thumb Code     0  startup_stm32f40_41xxx.o(.text)
    UART5_IRQHandler                         0x08001577   Thumb Code     0  startup_stm32f40_41xxx.o(.text)
    USART2_IRQHandler                        0x08001577   Thumb Code     0  startup_stm32f40_41xxx.o(.text)
    USART3_IRQHandler                        0x08001577   Thumb Code     0  startup_stm32f40_41xxx.o(.text)
    USART6_IRQHandler                        0x08001577   Thumb Code     0  startup_stm32f40_41xxx.o(.text)
    WWDG_IRQHandler                          0x08001577   Thumb Code     0  startup_stm32f40_41xxx.o(.text)
    __user_initial_stackheap                 0x08001579   Thumb Code     0  startup_stm32f40_41xxx.o(.text)
    NVIC_PriorityGroupConfig                 0x0800159d   Thumb Code    10  misc.o(.text)
    NVIC_Init                                0x080015a7   Thumb Code   106  misc.o(.text)
    NVIC_SetVectorTable                      0x08001611   Thumb Code    14  misc.o(.text)
    NVIC_SystemLPConfig                      0x0800161f   Thumb Code    34  misc.o(.text)
    SysTick_CLKSourceConfig                  0x08001641   Thumb Code    40  misc.o(.text)
    GPIO_DeInit                              0x0800167d   Thumb Code   268  stm32f4xx_gpio.o(.text)
    GPIO_Init                                0x08001789   Thumb Code   144  stm32f4xx_gpio.o(.text)
    GPIO_StructInit                          0x08001819   Thumb Code    18  stm32f4xx_gpio.o(.text)
    GPIO_PinLockConfig                       0x0800182b   Thumb Code    34  stm32f4xx_gpio.o(.text)
    GPIO_ReadInputDataBit                    0x0800184d   Thumb Code    18  stm32f4xx_gpio.o(.text)
    GPIO_ReadInputData                       0x0800185f   Thumb Code     8  stm32f4xx_gpio.o(.text)
    GPIO_ReadOutputDataBit                   0x08001867   Thumb Code    18  stm32f4xx_gpio.o(.text)
    GPIO_ReadOutputData                      0x08001879   Thumb Code     8  stm32f4xx_gpio.o(.text)
    GPIO_SetBits                             0x08001881   Thumb Code     4  stm32f4xx_gpio.o(.text)
    GPIO_ResetBits                           0x08001885   Thumb Code     4  stm32f4xx_gpio.o(.text)
    GPIO_WriteBit                            0x08001889   Thumb Code    10  stm32f4xx_gpio.o(.text)
    GPIO_Write                               0x08001893   Thumb Code     4  stm32f4xx_gpio.o(.text)
    GPIO_ToggleBits                          0x08001897   Thumb Code     8  stm32f4xx_gpio.o(.text)
    GPIO_PinAFConfig                         0x0800189f   Thumb Code    70  stm32f4xx_gpio.o(.text)
    RCC_DeInit                               0x08001911   Thumb Code    82  stm32f4xx_rcc.o(.text)
    RCC_HSEConfig                            0x08001963   Thumb Code    14  stm32f4xx_rcc.o(.text)
    RCC_GetFlagStatus                        0x08001971   Thumb Code    60  stm32f4xx_rcc.o(.text)
    RCC_WaitForHSEStartUp                    0x080019ad   Thumb Code    56  stm32f4xx_rcc.o(.text)
    RCC_AdjustHSICalibrationValue            0x080019e5   Thumb Code    20  stm32f4xx_rcc.o(.text)
    RCC_HSICmd                               0x080019f9   Thumb Code     6  stm32f4xx_rcc.o(.text)
    RCC_LSEConfig                            0x080019ff   Thumb Code    46  stm32f4xx_rcc.o(.text)
    RCC_LSICmd                               0x08001a2d   Thumb Code     6  stm32f4xx_rcc.o(.text)
    RCC_PLLConfig                            0x08001a33   Thumb Code    32  stm32f4xx_rcc.o(.text)
    RCC_PLLCmd                               0x08001a53   Thumb Code     6  stm32f4xx_rcc.o(.text)
    RCC_PLLI2SConfig                         0x08001a59   Thumb Code    14  stm32f4xx_rcc.o(.text)
    RCC_PLLI2SCmd                            0x08001a67   Thumb Code     6  stm32f4xx_rcc.o(.text)
    RCC_PLLSAIConfig                         0x08001a6d   Thumb Code    20  stm32f4xx_rcc.o(.text)
    RCC_PLLSAICmd                            0x08001a81   Thumb Code     6  stm32f4xx_rcc.o(.text)
    RCC_ClockSecuritySystemCmd               0x08001a87   Thumb Code     6  stm32f4xx_rcc.o(.text)
    RCC_MCO1Config                           0x08001a8d   Thumb Code    28  stm32f4xx_rcc.o(.text)
    RCC_MCO2Config                           0x08001aa9   Thumb Code    28  stm32f4xx_rcc.o(.text)
    RCC_SYSCLKConfig                         0x08001ac5   Thumb Code    20  stm32f4xx_rcc.o(.text)
    RCC_GetSYSCLKSource                      0x08001ad9   Thumb Code    12  stm32f4xx_rcc.o(.text)
    RCC_HCLKConfig                           0x08001ae5   Thumb Code    20  stm32f4xx_rcc.o(.text)
    RCC_PCLK1Config                          0x08001af9   Thumb Code    20  stm32f4xx_rcc.o(.text)
    RCC_PCLK2Config                          0x08001b0d   Thumb Code    22  stm32f4xx_rcc.o(.text)
    RCC_GetClocksFreq                        0x08001b23   Thumb Code   222  stm32f4xx_rcc.o(.text)
    RCC_RTCCLKConfig                         0x08001c01   Thumb Code    54  stm32f4xx_rcc.o(.text)
    RCC_RTCCLKCmd                            0x08001c37   Thumb Code     8  stm32f4xx_rcc.o(.text)
    RCC_BackupResetCmd                       0x08001c3f   Thumb Code     8  stm32f4xx_rcc.o(.text)
    RCC_I2SCLKConfig                         0x08001c47   Thumb Code     6  stm32f4xx_rcc.o(.text)
    RCC_SAIPLLI2SClkDivConfig                0x08001c4d   Thumb Code    26  stm32f4xx_rcc.o(.text)
    RCC_SAIPLLSAIClkDivConfig                0x08001c67   Thumb Code    28  stm32f4xx_rcc.o(.text)
    RCC_SAIBlockACLKConfig                   0x08001c83   Thumb Code    20  stm32f4xx_rcc.o(.text)
    RCC_SAIBlockBCLKConfig                   0x08001c97   Thumb Code    20  stm32f4xx_rcc.o(.text)
    RCC_LTDCCLKDivConfig                     0x08001cab   Thumb Code    20  stm32f4xx_rcc.o(.text)
    RCC_TIMCLKPresConfig                     0x08001cbf   Thumb Code     6  stm32f4xx_rcc.o(.text)
    RCC_AHB1PeriphClockCmd                   0x08001cc5   Thumb Code    34  stm32f4xx_rcc.o(.text)
    RCC_AHB2PeriphClockCmd                   0x08001ce7   Thumb Code    78  stm32f4xx_rcc.o(.text)
    RCC_AHB3PeriphClockCmd                   0x08001d35   Thumb Code    34  stm32f4xx_rcc.o(.text)
    RCC_APB1PeriphClockCmd                   0x08001d57   Thumb Code    34  stm32f4xx_rcc.o(.text)
    RCC_APB2PeriphClockCmd                   0x08001d79   Thumb Code    34  stm32f4xx_rcc.o(.text)
    RCC_AHB1PeriphResetCmd                   0x08001d9b   Thumb Code    34  stm32f4xx_rcc.o(.text)
    RCC_AHB2PeriphResetCmd                   0x08001dbd   Thumb Code    34  stm32f4xx_rcc.o(.text)
    RCC_AHB3PeriphResetCmd                   0x08001ddf   Thumb Code    34  stm32f4xx_rcc.o(.text)
    RCC_APB1PeriphResetCmd                   0x08001e01   Thumb Code    34  stm32f4xx_rcc.o(.text)
    RCC_APB2PeriphResetCmd                   0x08001e23   Thumb Code    34  stm32f4xx_rcc.o(.text)
    RCC_AHB1PeriphClockLPModeCmd             0x08001e45   Thumb Code    34  stm32f4xx_rcc.o(.text)
    RCC_AHB2PeriphClockLPModeCmd             0x08001e67   Thumb Code    34  stm32f4xx_rcc.o(.text)
    RCC_AHB3PeriphClockLPModeCmd             0x08001e89   Thumb Code    34  stm32f4xx_rcc.o(.text)
    RCC_APB1PeriphClockLPModeCmd             0x08001eab   Thumb Code    34  stm32f4xx_rcc.o(.text)
    RCC_APB2PeriphClockLPModeCmd             0x08001ecd   Thumb Code    34  stm32f4xx_rcc.o(.text)
    RCC_LSEModeConfig                        0x08001eef   Thumb Code    40  stm32f4xx_rcc.o(.text)
    RCC_ITConfig                             0x08001f17   Thumb Code    34  stm32f4xx_rcc.o(.text)
    RCC_ClearFlag                            0x08001f39   Thumb Code    18  stm32f4xx_rcc.o(.text)
    RCC_GetITStatus                          0x08001f4b   Thumb Code    22  stm32f4xx_rcc.o(.text)
    RCC_ClearITPendingBit                    0x08001f61   Thumb Code     8  stm32f4xx_rcc.o(.text)
    SYSCFG_DeInit                            0x08001f6d   Thumb Code    22  stm32f4xx_syscfg.o(.text)
    SYSCFG_MemoryRemapConfig                 0x08001f83   Thumb Code     6  stm32f4xx_syscfg.o(.text)
    SYSCFG_MemorySwappingBank                0x08001f89   Thumb Code     6  stm32f4xx_syscfg.o(.text)
    SYSCFG_EXTILineConfig                    0x08001f8f   Thumb Code    66  stm32f4xx_syscfg.o(.text)
    SYSCFG_ETH_MediaInterfaceConfig          0x08001fd1   Thumb Code     8  stm32f4xx_syscfg.o(.text)
    SYSCFG_CompensationCellCmd               0x08001fd9   Thumb Code     6  stm32f4xx_syscfg.o(.text)
    SYSCFG_GetCompensationCellStatus         0x08001fdf   Thumb Code    22  stm32f4xx_syscfg.o(.text)
    USART_DeInit                             0x08002001   Thumb Code   206  stm32f4xx_usart.o(.text)
    USART_Init                               0x080020cf   Thumb Code   204  stm32f4xx_usart.o(.text)
    USART_StructInit                         0x0800219b   Thumb Code    24  stm32f4xx_usart.o(.text)
    USART_ClockInit                          0x080021b3   Thumb Code    32  stm32f4xx_usart.o(.text)
    USART_ClockStructInit                    0x080021d3   Thumb Code    12  stm32f4xx_usart.o(.text)
    USART_Cmd                                0x080021df   Thumb Code    24  stm32f4xx_usart.o(.text)
    USART_SetPrescaler                       0x080021f7   Thumb Code    16  stm32f4xx_usart.o(.text)
    USART_OverSampling8Cmd                   0x08002207   Thumb Code    22  stm32f4xx_usart.o(.text)
    USART_OneBitMethodCmd                    0x0800221d   Thumb Code    24  stm32f4xx_usart.o(.text)
    USART_SendData                           0x08002235   Thumb Code     8  stm32f4xx_usart.o(.text)
    USART_ReceiveData                        0x0800223d   Thumb Code    10  stm32f4xx_usart.o(.text)
    USART_SetAddress                         0x08002247   Thumb Code    18  stm32f4xx_usart.o(.text)
    USART_ReceiverWakeUpCmd                  0x08002259   Thumb Code    24  stm32f4xx_usart.o(.text)
    USART_WakeUpConfig                       0x08002271   Thumb Code    18  stm32f4xx_usart.o(.text)
    USART_LINBreakDetectLengthConfig         0x08002283   Thumb Code    18  stm32f4xx_usart.o(.text)
    USART_LINCmd                             0x08002295   Thumb Code    24  stm32f4xx_usart.o(.text)
    USART_SendBreak                          0x080022ad   Thumb Code    10  stm32f4xx_usart.o(.text)
    USART_HalfDuplexCmd                      0x080022b7   Thumb Code    24  stm32f4xx_usart.o(.text)
    USART_SetGuardTime                       0x080022cf   Thumb Code    16  stm32f4xx_usart.o(.text)
    USART_SmartCardCmd                       0x080022df   Thumb Code    24  stm32f4xx_usart.o(.text)
    USART_SmartCardNACKCmd                   0x080022f7   Thumb Code    24  stm32f4xx_usart.o(.text)
    USART_IrDAConfig                         0x0800230f   Thumb Code    18  stm32f4xx_usart.o(.text)
    USART_IrDACmd                            0x08002321   Thumb Code    24  stm32f4xx_usart.o(.text)
    USART_DMACmd                             0x08002339   Thumb Code    18  stm32f4xx_usart.o(.text)
    USART_ITConfig                           0x0800234b   Thumb Code    74  stm32f4xx_usart.o(.text)
    USART_GetFlagStatus                      0x08002395   Thumb Code    26  stm32f4xx_usart.o(.text)
    USART_ClearFlag                          0x080023af   Thumb Code    18  stm32f4xx_usart.o(.text)
    USART_GetITStatus                        0x080023c1   Thumb Code   118  stm32f4xx_usart.o(.text)
    USART_ClearITPendingBit                  0x08002437   Thumb Code    30  stm32f4xx_usart.o(.text)
    DBGMCU_GetREVID                          0x08002455   Thumb Code     8  stm32f4xx_dbgmcu.o(.text)
    DBGMCU_GetDEVID                          0x0800245d   Thumb Code    10  stm32f4xx_dbgmcu.o(.text)
    DBGMCU_Config                            0x08002467   Thumb Code    26  stm32f4xx_dbgmcu.o(.text)
    DBGMCU_APB1PeriphConfig                  0x08002481   Thumb Code    26  stm32f4xx_dbgmcu.o(.text)
    DBGMCU_APB2PeriphConfig                  0x0800249b   Thumb Code    26  stm32f4xx_dbgmcu.o(.text)
    EXTI_DeInit                              0x080024b9   Thumb Code    28  stm32f4xx_exti.o(.text)
    EXTI_Init                                0x080024d5   Thumb Code   142  stm32f4xx_exti.o(.text)
    EXTI_StructInit                          0x08002563   Thumb Code    16  stm32f4xx_exti.o(.text)
    EXTI_GenerateSWInterrupt                 0x08002573   Thumb Code    16  stm32f4xx_exti.o(.text)
    EXTI_GetFlagStatus                       0x08002583   Thumb Code    22  stm32f4xx_exti.o(.text)
    EXTI_ClearFlag                           0x08002599   Thumb Code     8  stm32f4xx_exti.o(.text)
    EXTI_GetITStatus                         0x080025a1   Thumb Code    22  stm32f4xx_exti.o(.text)
    EXTI_ClearITPendingBit                   0x080025b7   Thumb Code     8  stm32f4xx_exti.o(.text)
    delay_osschedlock                        0x080025c9   Thumb Code    10  delay.o(.text)
    delay_osschedunlock                      0x080025d3   Thumb Code    10  delay.o(.text)
    delay_ostimedly                          0x080025dd   Thumb Code    16  delay.o(.text)
    SysTick_Handler                          0x080025ed   Thumb Code    24  delay.o(.text)
    delay_init                               0x08002605   Thumb Code    94  delay.o(.text)
    delay_us                                 0x08002663   Thumb Code    84  delay.o(.text)
    delay_ms                                 0x080026b7   Thumb Code    66  delay.o(.text)
    _sys_exit                                0x08002711   Thumb Code     4  usart.o(.text)
    fputc                                    0x08002715   Thumb Code    22  usart.o(.text)
    uart_init                                0x0800272b   Thumb Code   172  usart.o(.text)
    USART1_IRQHandler                        0x080027d7   Thumb Code   130  usart.o(.text)
    BSP_CPU_ClkFreq                          0x08002869   Thumb Code    14  bsp.o(.text)
    CPU_TS_TmrInit                           0x08002877   Thumb Code    44  bsp.o(.text)
    CPU_TS_TmrRd                             0x080028a3   Thumb Code     6  bsp.o(.text)
    CPU_TS32_to_uSec                         0x080028a9   Thumb Code    54  bsp.o(.text)
    CPU_NameClr                              0x080028ed   Thumb Code    42  cpu_core.o(.text)
    CPU_Init                                 0x0800292d   Thumb Code    12  cpu_core.o(.text)
    CPU_SW_Exception                         0x08002939   Thumb Code     4  cpu_core.o(.text)
    CPU_NameGet                              0x0800293d   Thumb Code    70  cpu_core.o(.text)
    CPU_NameSet                              0x08002983   Thumb Code    96  cpu_core.o(.text)
    CPU_TS_Get32                             0x080029e3   Thumb Code    12  cpu_core.o(.text)
    CPU_TS_Update                            0x080029ef   Thumb Code     2  cpu_core.o(.text)
    CPU_TS_TmrFreqGet                        0x080029f1   Thumb Code    30  cpu_core.o(.text)
    CPU_TS_TmrFreqSet                        0x08002a0f   Thumb Code     6  cpu_core.o(.text)
    CPU_CntLeadZeros08                       0x08002a15   Thumb Code    18  cpu_core.o(.text)
    CPU_CntLeadZeros16                       0x08002a27   Thumb Code    18  cpu_core.o(.text)
    CPU_CntLeadZeros32                       0x08002a39   Thumb Code    18  cpu_core.o(.text)
    CPU_CntLeadZeros64                       0x08002a4b   Thumb Code   188  cpu_core.o(.text)
    CPU_CntTrailZeros08                      0x08002b07   Thumb Code    22  cpu_core.o(.text)
    CPU_CntTrailZeros16                      0x08002b1d   Thumb Code    22  cpu_core.o(.text)
    CPU_CntTrailZeros32                      0x08002b33   Thumb Code    22  cpu_core.o(.text)
    CPU_CntTrailZeros64                      0x08002b49   Thumb Code    62  cpu_core.o(.text)
    CPU_IntDis                               0x08002b95   Thumb Code     0  cpu_a.o(.text)
    CPU_IntEn                                0x08002b99   Thumb Code     0  cpu_a.o(.text)
    CPU_SR_Save                              0x08002b9d   Thumb Code     0  cpu_a.o(.text)
    CPU_SR_Restore                           0x08002ba5   Thumb Code     0  cpu_a.o(.text)
    CPU_WaitForInt                           0x08002bab   Thumb Code     0  cpu_a.o(.text)
    CPU_WaitForExcept                        0x08002baf   Thumb Code     0  cpu_a.o(.text)
    CPU_CntLeadZeros                         0x08002bb3   Thumb Code     0  cpu_a.o(.text)
    CPU_CntTrailZeros                        0x08002bb9   Thumb Code     0  cpu_a.o(.text)
    CPU_RevBits                              0x08002bc3   Thumb Code     0  cpu_a.o(.text)
    ASCII_IsAlpha                            0x08002bc9   Thumb Code    48  lib_ascii.o(.text)
    ASCII_IsAlphaNum                         0x08002bf9   Thumb Code    76  lib_ascii.o(.text)
    ASCII_IsLower                            0x08002c45   Thumb Code    20  lib_ascii.o(.text)
    ASCII_IsUpper                            0x08002c59   Thumb Code    20  lib_ascii.o(.text)
    ASCII_IsDig                              0x08002c6d   Thumb Code    20  lib_ascii.o(.text)
    ASCII_IsDigOct                           0x08002c81   Thumb Code    20  lib_ascii.o(.text)
    ASCII_IsDigHex                           0x08002c95   Thumb Code    36  lib_ascii.o(.text)
    ASCII_IsBlank                            0x08002cb9   Thumb Code    20  lib_ascii.o(.text)
    ASCII_IsSpace                            0x08002ccd   Thumb Code    36  lib_ascii.o(.text)
    ASCII_IsPrint                            0x08002cf1   Thumb Code    20  lib_ascii.o(.text)
    ASCII_IsGraph                            0x08002d05   Thumb Code    20  lib_ascii.o(.text)
    ASCII_IsPunct                            0x08002d19   Thumb Code   134  lib_ascii.o(.text)
    ASCII_IsCtrl                             0x08002d9f   Thumb Code    26  lib_ascii.o(.text)
    ASCII_ToLower                            0x08002db9   Thumb Code    32  lib_ascii.o(.text)
    ASCII_ToUpper                            0x08002dd9   Thumb Code    32  lib_ascii.o(.text)
    ASCII_Cmp                                0x08002df9   Thumb Code    38  lib_ascii.o(.text)
    Mem_Init                                 0x08002e21   Thumb Code    54  lib_mem.o(.text)
    Mem_Set                                  0x08002e57   Thumb Code    84  lib_mem.o(.text)
    Mem_Clr                                  0x08002eab   Thumb Code    18  lib_mem.o(.text)
    Mem_Move                                 0x08002ebd   Thumb Code   186  lib_mem.o(.text)
    Mem_Cmp                                  0x08002f77   Thumb Code   192  lib_mem.o(.text)
    Mem_HeapAlloc                            0x080030af   Thumb Code   168  lib_mem.o(.text)
    Mem_SegGetSizeRem                        0x08003157   Thumb Code   108  lib_mem.o(.text)
    Mem_HeapGetSizeRem                       0x080031c3   Thumb Code    22  lib_mem.o(.text)
    Mem_PoolClr                              0x080031d9   Thumb Code    80  lib_mem.o(.text)
    Mem_PoolCreate                           0x08003229   Thumb Code   838  lib_mem.o(.text)
    Mem_PoolBlkGetNbrAvail                   0x0800356f   Thumb Code    52  lib_mem.o(.text)
    Mem_PoolBlkGet                           0x080035a3   Thumb Code   126  lib_mem.o(.text)
    Mem_PoolBlkGetUsedAtIx                   0x08003621   Thumb Code   140  lib_mem.o(.text)
    Mem_PoolBlkFree                          0x080036ad   Thumb Code   152  lib_mem.o(.text)
    Mem_PoolBlkIxGet                         0x08003745   Thumb Code   162  lib_mem.o(.text)
    Str_Len_N                                0x080037e9   Thumb Code    28  lib_str.o(.text)
    Str_Len                                  0x08003805   Thumb Code    20  lib_str.o(.text)
    Str_Copy_N                               0x08003819   Thumb Code    70  lib_str.o(.text)
    Str_Copy                                 0x0800385f   Thumb Code    24  lib_str.o(.text)
    Str_Cat_N                                0x08003877   Thumb Code    90  lib_str.o(.text)
    Str_Cat                                  0x080038d1   Thumb Code    24  lib_str.o(.text)
    Str_Cmp_N                                0x080038e9   Thumb Code   156  lib_str.o(.text)
    Str_Cmp                                  0x08003985   Thumb Code    24  lib_str.o(.text)
    Str_CmpIgnoreCase_N                      0x0800399d   Thumb Code   264  lib_str.o(.text)
    Str_CmpIgnoreCase                        0x08003aa5   Thumb Code    24  lib_str.o(.text)
    Str_Char_N                               0x08003abd   Thumb Code    74  lib_str.o(.text)
    Str_Char                                 0x08003b07   Thumb Code    24  lib_str.o(.text)
    Str_Char_Last_N                          0x08003b1f   Thumb Code    76  lib_str.o(.text)
    Str_Char_Last                            0x08003b6b   Thumb Code    24  lib_str.o(.text)
    Str_Char_Replace_N                       0x08003b83   Thumb Code    52  lib_str.o(.text)
    Str_Char_Replace                         0x08003bb7   Thumb Code    28  lib_str.o(.text)
    Str_Str_N                                0x08003bd3   Thumb Code   182  lib_str.o(.text)
    Str_Str                                  0x08003c89   Thumb Code    24  lib_str.o(.text)
    Str_FmtNbr_Int32U                        0x08003e7d   Thumb Code    46  lib_str.o(.text)
    Str_FmtNbr_Int32S                        0x08003eab   Thumb Code    62  lib_str.o(.text)
    Str_ParseNbr_Int32U                      0x080040a7   Thumb Code    30  lib_str.o(.text)
    Str_ParseNbr_Int32S                      0x080040c5   Thumb Code    74  lib_str.o(.text)
    Mem_Copy                                 0x08004115   Thumb Code     0  lib_mem_a.o(.text)
    OSCfg_Init                               0x08004335   Thumb Code    86  os_cfg_app.o(.text)
    OS_IdleTask                              0x08004431   Thumb Code    60  os_core.o(.text)
    OS_IdleTaskInit                          0x0800446d   Thumb Code    68  os_core.o(.text)
    OS_RdyListInit                           0x080044b1   Thumb Code    32  os_core.o(.text)
    OSInit                                   0x080044d1   Thumb Code   300  os_core.o(.text)
    OSIntEnter                               0x080045fd   Thumb Code    34  os_core.o(.text)
    OSIntExit                                0x0800461f   Thumb Code   188  os_core.o(.text)
    OSSched                                  0x080046db   Thumb Code   130  os_core.o(.text)
    OS_SchedLockTimeMeasStart                0x0800475d   Thumb Code    20  os_core.o(.text)
    OSSchedLock                              0x08004771   Thumb Code   104  os_core.o(.text)
    OS_SchedLockTimeMeasStop                 0x080047d9   Thumb Code    44  os_core.o(.text)
    OSSchedUnlock                            0x08004805   Thumb Code   286  os_core.o(.text)
    OSSchedRoundRobinCfg                     0x08004923   Thumb Code    88  os_core.o(.text)
    OS_RdyListMoveHeadToTail                 0x0800497b   Thumb Code    68  os_core.o(.text)
    OSSchedRoundRobinYield                   0x080049bf   Thumb Code   164  os_core.o(.text)
    OSStart                                  0x08004a63   Thumb Code    78  os_core.o(.text)
    OSVersion                                0x08004ab1   Thumb Code    12  os_core.o(.text)
    OS_PendDbgNameAdd                        0x08004abd   Thumb Code    66  os_core.o(.text)
    OS_PendListInsertPrio                    0x08004aff   Thumb Code   102  os_core.o(.text)
    OS_PendDataInit                          0x08004b65   Thumb Code    38  os_core.o(.text)
    OS_RdyListRemove                         0x08004b8b   Thumb Code    86  os_core.o(.text)
    OS_TaskBlock                             0x08004be1   Thumb Code    56  os_core.o(.text)
    OS_Pend                                  0x08004c19   Thumb Code    98  os_core.o(.text)
    OS_PendListRemove1                       0x08004c7b   Thumb Code   136  os_core.o(.text)
    OS_PendListRemove                        0x08004d03   Thumb Code    48  os_core.o(.text)
    OS_PendAbort1                            0x08004d33   Thumb Code    36  os_core.o(.text)
    OS_RdyListInsertHead                     0x08004d57   Thumb Code    58  os_core.o(.text)
    OS_RdyListInsertTail                     0x08004d91   Thumb Code    56  os_core.o(.text)
    OS_RdyListInsert                         0x08004dc9   Thumb Code    40  os_core.o(.text)
    OS_TaskRdy                               0x08004df1   Thumb Code    28  os_core.o(.text)
    OS_PendAbort                             0x08004e0d   Thumb Code   166  os_core.o(.text)
    OS_PendDbgNameRemove                     0x08004eb3   Thumb Code    34  os_core.o(.text)
    OS_PendListChangePrio                    0x08004ed5   Thumb Code    70  os_core.o(.text)
    OS_PendListInit                          0x08004f1b   Thumb Code    10  os_core.o(.text)
    OS_PendListInsertHead                    0x08004f25   Thumb Code    32  os_core.o(.text)
    OS_PendObjDel1                           0x08004f45   Thumb Code    36  os_core.o(.text)
    OS_PendObjDel                            0x08004f69   Thumb Code   162  os_core.o(.text)
    OS_Post1                                 0x0800500b   Thumb Code    42  os_core.o(.text)
    OS_Post                                  0x08005035   Thumb Code   192  os_core.o(.text)
    OS_Sched0                                0x080050f5   Thumb Code    68  os_core.o(.text)
    OS_SchedRoundRobin                       0x08005139   Thumb Code   218  os_core.o(.text)
    OS_Dbg_Init                              0x08005221   Thumb Code   146  os_dbg.o(.text)
    OS_FlagDbgListAdd                        0x080053d1   Thumb Code    38  os_flag.o(.text)
    OSFlagCreate                             0x080053f7   Thumb Code   172  os_flag.o(.text)
    OS_FlagClr                               0x080054a3   Thumb Code    28  os_flag.o(.text)
    OS_FlagDbgListRemove                     0x080054bf   Thumb Code    44  os_flag.o(.text)
    OSFlagDel                                0x080054eb   Thumb Code   594  os_flag.o(.text)
    OS_FlagBlock                             0x0800573d   Thumb Code    58  os_flag.o(.text)
    OSFlagPend                               0x08005777   Thumb Code  1488  os_flag.o(.text)
    OSFlagPendAbort                          0x08005d47   Thumb Code   292  os_flag.o(.text)
    OSFlagPendGetFlagsRdy                    0x08005e6b   Thumb Code    68  os_flag.o(.text)
    OS_FlagTaskRdy                           0x08005eaf   Thumb Code    86  os_flag.o(.text)
    OS_FlagPost                              0x08005f05   Thumb Code   570  os_flag.o(.text)
    OSFlagPost                               0x0800613f   Thumb Code   146  os_flag.o(.text)
    OS_FlagInit                              0x080061d1   Thumb Code    14  os_flag.o(.text)
    OS_IntQPost                              0x080061f9   Thumb Code   216  os_int.o(.text)
    OS_IntQRePost                            0x080062d1   Thumb Code   360  os_int.o(.text)
    OS_IntQTask                              0x08006439   Thumb Code   162  os_int.o(.text)
    OS_IntQTaskInit                          0x080064db   Thumb Code   208  os_int.o(.text)
    OS_MemDbgListAdd                         0x0800663d   Thumb Code    34  os_mem.o(.text)
    OSMemCreate                              0x0800665f   Thumb Code   288  os_mem.o(.text)
    OSMemGet                                 0x0800677f   Thumb Code   100  os_mem.o(.text)
    OSMemPut                                 0x080067e3   Thumb Code   112  os_mem.o(.text)
    OS_MemInit                               0x08006853   Thumb Code    14  os_mem.o(.text)
    OS_MsgPoolCreate                         0x08006875   Thumb Code    54  os_msg.o(.text)
    OS_MsgPoolInit                           0x080068ab   Thumb Code    70  os_msg.o(.text)
    OS_MsgQFreeAll                           0x080068f1   Thumb Code    62  os_msg.o(.text)
    OS_MsgQInit                              0x0800692f   Thumb Code    14  os_msg.o(.text)
    OS_MsgQGet                               0x0800693d   Thumb Code    98  os_msg.o(.text)
    OS_MsgQPut                               0x0800699f   Thumb Code   246  os_msg.o(.text)
    OS_MutexDbgListAdd                       0x08006aa1   Thumb Code    38  os_mutex.o(.text)
    OSMutexCreate                            0x08006ac7   Thumb Code   178  os_mutex.o(.text)
    OS_MutexClr                              0x08006b79   Thumb Code    38  os_mutex.o(.text)
    OS_MutexDbgListRemove                    0x08006b9f   Thumb Code    44  os_mutex.o(.text)
    OSMutexDel                               0x08006bcb   Thumb Code   842  os_mutex.o(.text)
    OSMutexPend                              0x08006f15   Thumb Code   706  os_mutex.o(.text)
    OSMutexPendAbort                         0x080071d7   Thumb Code   314  os_mutex.o(.text)
    OSMutexPost                              0x08007311   Thumb Code   564  os_mutex.o(.text)
    OS_MutexInit                             0x08007545   Thumb Code    14  os_mutex.o(.text)
    OS_PrioInit                              0x08007575   Thumb Code    20  os_prio.o(.text)
    OS_PrioGetHighest                        0x08007589   Thumb Code    36  os_prio.o(.text)
    OS_PrioInsert                            0x080075ad   Thumb Code    32  os_prio.o(.text)
    OS_PrioRemove                            0x080075cd   Thumb Code    32  os_prio.o(.text)
    OS_QDbgListAdd                           0x080075f1   Thumb Code    38  os_q.o(.text)
    OSQCreate                                0x08007617   Thumb Code   186  os_q.o(.text)
    OS_QClr                                  0x080076d1   Thumb Code    40  os_q.o(.text)
    OS_QDbgListRemove                        0x080076f9   Thumb Code    44  os_q.o(.text)
    OSQDel                                   0x08007725   Thumb Code   362  os_q.o(.text)
    OSQFlush                                 0x0800788f   Thumb Code   210  os_q.o(.text)
    OSQPend                                  0x08007961   Thumb Code   538  os_q.o(.text)
    OSQPendAbort                             0x08007b7b   Thumb Code   292  os_q.o(.text)
    OS_QPost                                 0x08007c9f   Thumb Code   324  os_q.o(.text)
    OSQPost                                  0x08007de3   Thumb Code   198  os_q.o(.text)
    OS_QInit                                 0x08007ea9   Thumb Code    14  os_q.o(.text)
    OS_SemDbgListAdd                         0x08007ec9   Thumb Code    38  os_sem.o(.text)
    OSSemCreate                              0x08007eef   Thumb Code   172  os_sem.o(.text)
    OS_SemClr                                0x08007f9b   Thumb Code    28  os_sem.o(.text)
    OS_SemDbgListRemove                      0x08007fb7   Thumb Code    44  os_sem.o(.text)
    OSSemDel                                 0x08007fe3   Thumb Code   362  os_sem.o(.text)
    OSSemPend                                0x0800814d   Thumb Code   504  os_sem.o(.text)
    OSSemPendAbort                           0x08008345   Thumb Code   292  os_sem.o(.text)
    OS_SemPost                               0x08008469   Thumb Code   350  os_sem.o(.text)
    OSSemPost                                0x080085c7   Thumb Code   144  os_sem.o(.text)
    OSSemSet                                 0x08008657   Thumb Code   138  os_sem.o(.text)
    OS_SemInit                               0x080086e1   Thumb Code    14  os_sem.o(.text)
    OSStatReset                              0x080086f9   Thumb Code   270  os_stat.o(.text)
    OSStatTaskCPUUsageInit                   0x08008807   Thumb Code   212  os_stat.o(.text)
    OS_StatTask                              0x080088db   Thumb Code   888  os_stat.o(.text)
    OS_StatTaskInit                          0x08008c53   Thumb Code   138  os_stat.o(.text)
    OSTaskChangePrio                         0x08008d31   Thumb Code   416  os_task.o(.text)
    OS_TaskDbgListAdd                        0x08008ed1   Thumb Code    42  os_task.o(.text)
    OS_TaskInitTCB                           0x08008efb   Thumb Code   186  os_task.o(.text)
    OSTaskCreate                             0x08008fb5   Thumb Code   616  os_task.o(.text)
    OS_TaskDbgListRemove                     0x0800921d   Thumb Code    64  os_task.o(.text)
    OSTaskDel                                0x0800925d   Thumb Code   424  os_task.o(.text)
    OSTaskQFlush                             0x08009405   Thumb Code   214  os_task.o(.text)
    OSTaskQPend                              0x080094db   Thumb Code   554  os_task.o(.text)
    OSTaskQPendAbort                         0x08009705   Thumb Code   242  os_task.o(.text)
    OS_TaskQPost                             0x080097f7   Thumb Code   526  os_task.o(.text)
    OSTaskQPost                              0x08009a05   Thumb Code   114  os_task.o(.text)
    OSTaskRegGet                             0x08009a77   Thumb Code    78  os_task.o(.text)
    OSTaskRegGetID                           0x08009ac5   Thumb Code    84  os_task.o(.text)
    OSTaskRegSet                             0x08009b19   Thumb Code    78  os_task.o(.text)
    OS_TaskResume                            0x08009b67   Thumb Code   314  os_task.o(.text)
    OSTaskResume                             0x08009ca1   Thumb Code   112  os_task.o(.text)
    OSTaskSemPend                            0x08009d11   Thumb Code   550  os_task.o(.text)
    OSTaskSemPendAbort                       0x08009f37   Thumb Code   270  os_task.o(.text)
    OS_TaskSemPost                           0x0800a045   Thumb Code  1224  os_task.o(.text)
    OSTaskSemPost                            0x0800a50d   Thumb Code    98  os_task.o(.text)
    OSTaskSemSet                             0x0800a56f   Thumb Code    80  os_task.o(.text)
    OSTaskStkChk                             0x0800a5bf   Thumb Code   224  os_task.o(.text)
    OS_TaskSuspend                           0x0800a69f   Thumb Code   328  os_task.o(.text)
    OSTaskSuspend                            0x0800a7e7   Thumb Code    78  os_task.o(.text)
    OSTaskTimeQuantaSet                      0x0800a835   Thumb Code    96  os_task.o(.text)
    OS_TaskInit                              0x0800a895   Thumb Code    18  os_task.o(.text)
    OS_TaskReturn                            0x0800a8a7   Thumb Code    20  os_task.o(.text)
    OS_TickListRemove                        0x0800a8e5   Thumb Code    56  os_tick.o(.text)
    OS_TickListUpdate                        0x0800a91d   Thumb Code   480  os_tick.o(.text)
    OS_TickTask                              0x0800aafd   Thumb Code    38  os_tick.o(.text)
    OS_TickListInit                          0x0800ab23   Thumb Code    32  os_tick.o(.text)
    OS_TickTaskInit                          0x0800ab43   Thumb Code   130  os_tick.o(.text)
    OS_TickListInsert                        0x0800abc5   Thumb Code   502  os_tick.o(.text)
    OS_TickListResetPeak                     0x0800adbb   Thumb Code    28  os_tick.o(.text)
    OSTimeDly                                0x0800ade1   Thumb Code   266  os_time.o(.text)
    OSTimeDlyHMSM                            0x0800aeeb   Thumb Code   480  os_time.o(.text)
    OSTimeDlyResume                          0x0800b0cb   Thumb Code   466  os_time.o(.text)
    OSTimeGet                                0x0800b29d   Thumb Code    46  os_time.o(.text)
    OSTimeSet                                0x0800b2cb   Thumb Code    46  os_time.o(.text)
    OSTimeTick                               0x0800b2f9   Thumb Code    54  os_time.o(.text)
    OS_TmrDbgListAdd                         0x0800b345   Thumb Code    34  os_tmr.o(.text)
    OSTmrCreate                              0x0800b367   Thumb Code   248  os_tmr.o(.text)
    OS_TmrClr                                0x0800b45f   Thumb Code    36  os_tmr.o(.text)
    OS_TmrUnlink                             0x0800b483   Thumb Code    72  os_tmr.o(.text)
    OS_TmrDbgListRemove                      0x0800b4cb   Thumb Code    44  os_tmr.o(.text)
    OSTmrDel                                 0x0800b4f7   Thumb Code   176  os_tmr.o(.text)
    OSTmrRemainGet                           0x0800b5a7   Thumb Code   184  os_tmr.o(.text)
    OS_TmrLink                               0x0800b65f   Thumb Code   196  os_tmr.o(.text)
    OSTmrStart                               0x0800b723   Thumb Code   210  os_tmr.o(.text)
    OSTmrStateGet                            0x0800b7f5   Thumb Code   134  os_tmr.o(.text)
    OSTmrStop                                0x0800b87b   Thumb Code   232  os_tmr.o(.text)
    OS_TmrTask                               0x0800b963   Thumb Code   176  os_tmr.o(.text)
    OS_TmrInit                               0x0800ba13   Thumb Code   208  os_tmr.o(.text)
    OS_TmrResetPeak                          0x0800bae3   Thumb Code    28  os_tmr.o(.text)
    OSIdleTaskHook                           0x0800bb5d   Thumb Code    16  os_cpu_c.o(.text)
    OSInitHook                               0x0800bb6d   Thumb Code    28  os_cpu_c.o(.text)
    OSStatTaskHook                           0x0800bb89   Thumb Code    16  os_cpu_c.o(.text)
    OSTaskCreateHook                         0x0800bb99   Thumb Code    20  os_cpu_c.o(.text)
    OSTaskDelHook                            0x0800bbad   Thumb Code    20  os_cpu_c.o(.text)
    OSTaskReturnHook                         0x0800bbc1   Thumb Code    20  os_cpu_c.o(.text)
    OSTaskStkInit                            0x0800bbd5   Thumb Code   600  os_cpu_c.o(.text)
    OSTaskSwHook                             0x0800be2d   Thumb Code   120  os_cpu_c.o(.text)
    OSTimeTickHook                           0x0800bea5   Thumb Code    16  os_cpu_c.o(.text)
    OS_CPU_SysTickHandler                    0x0800beb5   Thumb Code    52  os_cpu_c.o(.text)
    OS_CPU_SysTickInit                       0x0800bee9   Thumb Code    44  os_cpu_c.o(.text)
    App_OS_TimeTickHook                      0x0800bf55   Thumb Code     2  os_app_hooks.o(.text)
    App_OS_TaskSwHook                        0x0800bf57   Thumb Code     2  os_app_hooks.o(.text)
    App_OS_StatTaskHook                      0x0800bf59   Thumb Code     2  os_app_hooks.o(.text)
    App_OS_IdleTaskHook                      0x0800bf5b   Thumb Code     2  os_app_hooks.o(.text)
    App_OS_TaskReturnHook                    0x0800bf5d   Thumb Code     2  os_app_hooks.o(.text)
    App_OS_TaskDelHook                       0x0800bf5f   Thumb Code     2  os_app_hooks.o(.text)
    App_OS_TaskCreateHook                    0x0800bf61   Thumb Code     2  os_app_hooks.o(.text)
    App_OS_SetAllHooks                       0x0800bf63   Thumb Code    90  os_app_hooks.o(.text)
    App_OS_ClrAllHooks                       0x0800bfbd   Thumb Code    64  os_app_hooks.o(.text)
    App_OS_InitHook                          0x0800bffd   Thumb Code     2  os_app_hooks.o(.text)
    __use_no_semihosting                     0x0800c01d   Thumb Code     2  use_no_semi_2.o(.text)
    __aeabi_uldivmod                         0x0800c01f   Thumb Code     0  lludivv7m.o(.text)
    _ll_udiv                                 0x0800c01f   Thumb Code   238  lludivv7m.o(.text)
    __use_two_region_memory                  0x0800c10d   Thumb Code     2  heapauxi.o(.text)
    __rt_heap_escrow$2region                 0x0800c10f   Thumb Code     2  heapauxi.o(.text)
    __rt_heap_expand$2region                 0x0800c111   Thumb Code     2  heapauxi.o(.text)
    __I$use$semihosting                      0x0800c113   Thumb Code     0  use_no_semi.o(.text)
    __use_no_semihosting_swi                 0x0800c113   Thumb Code     2  use_no_semi.o(.text)
    __user_setup_stackheap                   0x0800c115   Thumb Code    74  sys_stackheap_outer.o(.text)
    exit                                     0x0800c15f   Thumb Code    18  exit.o(.text)
    __user_libspace                          0x0800c171   Thumb Code     8  libspace.o(.text)
    __user_perproc_libspace                  0x0800c171   Thumb Code     0  libspace.o(.text)
    __user_perthread_libspace                0x0800c171   Thumb Code     0  libspace.o(.text)
    OSStartHighRdy                           0x0800c179   Thumb Code     0  os_cpu_a.o(CODE)
    OSCtxSw                                  0x0800c19b   Thumb Code     0  os_cpu_a.o(CODE)
    OSIntCtxSw                               0x0800c1a5   Thumb Code     0  os_cpu_a.o(CODE)
    PendSV_Handler                           0x0800c1af   Thumb Code     0  os_cpu_a.o(CODE)
    _fp_init                                 0x0800c225   Thumb Code    10  fpinit.o(x$fpl$fpinit)
    __fplib_config_fpu_vfp                   0x0800c22d   Thumb Code     0  fpinit.o(x$fpl$fpinit)
    __fplib_config_pureend_doubles           0x0800c22d   Thumb Code     0  fpinit.o(x$fpl$fpinit)
    ascii_1206                               0x0800c22e   Data        1140  lcd.o(.constdata)
    ascii_1608                               0x0800c6a2   Data        1520  lcd.o(.constdata)
    ascii_2412                               0x0800cc92   Data        4560  lcd.o(.constdata)
    ascii_3216                               0x0800de62   Data        6080  lcd.o(.constdata)
    tfont12                                  0x0800f622   Data         130  lcd.o(.constdata)
    tfont16                                  0x0800f6a4   Data         170  lcd.o(.constdata)
    tfont24                                  0x0800f74e   Data         370  lcd.o(.constdata)
    tfont32                                  0x0800f8c0   Data         650  lcd.o(.constdata)
    CPU_EndiannessTest                       0x0800fc4c   Data           4  cpu_core.o(.constdata)
    OSCfg_IdleTaskStkBasePtr                 0x0800fce4   Data           4  os_cfg_app.o(.constdata)
    OSCfg_IdleTaskStkLimit                   0x0800fce8   Data           4  os_cfg_app.o(.constdata)
    OSCfg_IdleTaskStkSize                    0x0800fcec   Data           4  os_cfg_app.o(.constdata)
    OSCfg_IdleTaskStkSizeRAM                 0x0800fcf0   Data           4  os_cfg_app.o(.constdata)
    OSCfg_IntQBasePtr                        0x0800fcf4   Data           4  os_cfg_app.o(.constdata)
    OSCfg_IntQSize                           0x0800fcf8   Data           2  os_cfg_app.o(.constdata)
    OSCfg_IntQSizeRAM                        0x0800fcfc   Data           4  os_cfg_app.o(.constdata)
    OSCfg_IntQTaskStkBasePtr                 0x0800fd00   Data           4  os_cfg_app.o(.constdata)
    OSCfg_IntQTaskStkLimit                   0x0800fd04   Data           4  os_cfg_app.o(.constdata)
    OSCfg_IntQTaskStkSize                    0x0800fd08   Data           4  os_cfg_app.o(.constdata)
    OSCfg_IntQTaskStkSizeRAM                 0x0800fd0c   Data           4  os_cfg_app.o(.constdata)
    OSCfg_ISRStkBasePtr                      0x0800fd10   Data           4  os_cfg_app.o(.constdata)
    OSCfg_ISRStkSize                         0x0800fd14   Data           4  os_cfg_app.o(.constdata)
    OSCfg_ISRStkSizeRAM                      0x0800fd18   Data           4  os_cfg_app.o(.constdata)
    OSCfg_MsgPoolSize                        0x0800fd1c   Data           2  os_cfg_app.o(.constdata)
    OSCfg_MsgPoolSizeRAM                     0x0800fd20   Data           4  os_cfg_app.o(.constdata)
    OSCfg_MsgPoolBasePtr                     0x0800fd24   Data           4  os_cfg_app.o(.constdata)
    OSCfg_StatTaskPrio                       0x0800fd28   Data           1  os_cfg_app.o(.constdata)
    OSCfg_StatTaskRate_Hz                    0x0800fd2c   Data           4  os_cfg_app.o(.constdata)
    OSCfg_StatTaskStkBasePtr                 0x0800fd30   Data           4  os_cfg_app.o(.constdata)
    OSCfg_StatTaskStkLimit                   0x0800fd34   Data           4  os_cfg_app.o(.constdata)
    OSCfg_StatTaskStkSize                    0x0800fd38   Data           4  os_cfg_app.o(.constdata)
    OSCfg_StatTaskStkSizeRAM                 0x0800fd3c   Data           4  os_cfg_app.o(.constdata)
    OSCfg_StkSizeMin                         0x0800fd40   Data           4  os_cfg_app.o(.constdata)
    OSCfg_TickRate_Hz                        0x0800fd44   Data           4  os_cfg_app.o(.constdata)
    OSCfg_TickTaskPrio                       0x0800fd48   Data           1  os_cfg_app.o(.constdata)
    OSCfg_TickTaskStkBasePtr                 0x0800fd4c   Data           4  os_cfg_app.o(.constdata)
    OSCfg_TickTaskStkLimit                   0x0800fd50   Data           4  os_cfg_app.o(.constdata)
    OSCfg_TickTaskStkSize                    0x0800fd54   Data           4  os_cfg_app.o(.constdata)
    OSCfg_TickTaskStkSizeRAM                 0x0800fd58   Data           4  os_cfg_app.o(.constdata)
    OSCfg_TickWheelSize                      0x0800fd5c   Data           2  os_cfg_app.o(.constdata)
    OSCfg_TickWheelSizeRAM                   0x0800fd60   Data           4  os_cfg_app.o(.constdata)
    OSCfg_TmrTaskPrio                        0x0800fd64   Data           1  os_cfg_app.o(.constdata)
    OSCfg_TmrTaskRate_Hz                     0x0800fd68   Data           4  os_cfg_app.o(.constdata)
    OSCfg_TmrTaskStkBasePtr                  0x0800fd6c   Data           4  os_cfg_app.o(.constdata)
    OSCfg_TmrTaskStkLimit                    0x0800fd70   Data           4  os_cfg_app.o(.constdata)
    OSCfg_TmrTaskStkSize                     0x0800fd74   Data           4  os_cfg_app.o(.constdata)
    OSCfg_TmrTaskStkSizeRAM                  0x0800fd78   Data           4  os_cfg_app.o(.constdata)
    OSCfg_TmrWheelSize                       0x0800fd7c   Data           2  os_cfg_app.o(.constdata)
    OSCfg_TmrWheelSizeRAM                    0x0800fd80   Data           4  os_cfg_app.o(.constdata)
    OSCfg_DataSizeRAM                        0x0800fd84   Data           4  os_cfg_app.o(.constdata)
    OSDbg_DbgEn                              0x0800fd88   Data           2  os_dbg.o(.constdata)
    OSDbg_ArgChkEn                           0x0800fd8a   Data           1  os_dbg.o(.constdata)
    OSDbg_AppHooksEn                         0x0800fd8b   Data           1  os_dbg.o(.constdata)
    OSDbg_EndiannessTest                     0x0800fd8c   Data           4  os_dbg.o(.constdata)
    OSDbg_CalledFromISRChkEn                 0x0800fd90   Data           1  os_dbg.o(.constdata)
    OSDbg_FlagEn                             0x0800fd91   Data           1  os_dbg.o(.constdata)
    OSDbg_FlagGrp                            0x0800fd94   Data          40  os_dbg.o(.constdata)
    OSDbg_FlagDelEn                          0x0800fdbc   Data           1  os_dbg.o(.constdata)
    OSDbg_FlagModeClrEn                      0x0800fdbd   Data           1  os_dbg.o(.constdata)
    OSDbg_FlagPendAbortEn                    0x0800fdbe   Data           1  os_dbg.o(.constdata)
    OSDbg_FlagGrpSize                        0x0800fdc0   Data           2  os_dbg.o(.constdata)
    OSDbg_FlagWidth                          0x0800fdc2   Data           2  os_dbg.o(.constdata)
    OSDbg_IntQ                               0x0800fdc4   Data           2  os_dbg.o(.constdata)
    OSDbg_ISRPostDeferredEn                  0x0800fdc6   Data           1  os_dbg.o(.constdata)
    OSDbg_Mem                                0x0800fdc8   Data          32  os_dbg.o(.constdata)
    OSDbg_MemEn                              0x0800fde8   Data           1  os_dbg.o(.constdata)
    OSDbg_MemSize                            0x0800fdea   Data           2  os_dbg.o(.constdata)
    OSDbg_MsgEn                              0x0800fdec   Data           1  os_dbg.o(.constdata)
    OSDbg_MsgSize                            0x0800fdee   Data           2  os_dbg.o(.constdata)
    OSDbg_MsgPoolSize                        0x0800fdf0   Data           2  os_dbg.o(.constdata)
    OSDbg_MsgQSize                           0x0800fdf2   Data           2  os_dbg.o(.constdata)
    OSDbg_Mutex                              0x0800fdf4   Data          44  os_dbg.o(.constdata)
    OSDbg_MutexEn                            0x0800fe20   Data           1  os_dbg.o(.constdata)
    OSDbg_MutexDelEn                         0x0800fe21   Data           1  os_dbg.o(.constdata)
    OSDbg_MutexPendAbortEn                   0x0800fe22   Data           1  os_dbg.o(.constdata)
    OSDbg_MutexSize                          0x0800fe24   Data           2  os_dbg.o(.constdata)
    OSDbg_ObjTypeChkEn                       0x0800fe26   Data           1  os_dbg.o(.constdata)
    OSDbg_PendMultiEn                        0x0800fe27   Data           1  os_dbg.o(.constdata)
    OSDbg_PendDataSize                       0x0800fe28   Data           2  os_dbg.o(.constdata)
    OSDbg_PendListSize                       0x0800fe2a   Data           2  os_dbg.o(.constdata)
    OSDbg_PendObjSize                        0x0800fe2c   Data           2  os_dbg.o(.constdata)
    OSDbg_PrioMax                            0x0800fe2e   Data           2  os_dbg.o(.constdata)
    OSDbg_PrioTblSize                        0x0800fe30   Data           2  os_dbg.o(.constdata)
    OSDbg_PtrSize                            0x0800fe32   Data           2  os_dbg.o(.constdata)
    OSDbg_Q                                  0x0800fe34   Data          48  os_dbg.o(.constdata)
    OSDbg_QEn                                0x0800fe64   Data           1  os_dbg.o(.constdata)
    OSDbg_QDelEn                             0x0800fe65   Data           1  os_dbg.o(.constdata)
    OSDbg_QFlushEn                           0x0800fe66   Data           1  os_dbg.o(.constdata)
    OSDbg_QPendAbortEn                       0x0800fe67   Data           1  os_dbg.o(.constdata)
    OSDbg_QSize                              0x0800fe68   Data           2  os_dbg.o(.constdata)
    OSDbg_SchedRoundRobinEn                  0x0800fe6a   Data           1  os_dbg.o(.constdata)
    OSDbg_Sem                                0x0800fe6c   Data          40  os_dbg.o(.constdata)
    OSDbg_SemEn                              0x0800fe94   Data           1  os_dbg.o(.constdata)
    OSDbg_SemDelEn                           0x0800fe95   Data           1  os_dbg.o(.constdata)
    OSDbg_SemPendAbortEn                     0x0800fe96   Data           1  os_dbg.o(.constdata)
    OSDbg_SemSetEn                           0x0800fe97   Data           1  os_dbg.o(.constdata)
    OSDbg_SemSize                            0x0800fe98   Data           2  os_dbg.o(.constdata)
    OSDbg_RdyList                            0x0800fe9a   Data           2  os_dbg.o(.constdata)
    OSDbg_RdyListSize                        0x0800fe9c   Data           4  os_dbg.o(.constdata)
    OSDbg_StkWidth                           0x0800fea0   Data           1  os_dbg.o(.constdata)
    OSDbg_StatTaskEn                         0x0800fea1   Data           1  os_dbg.o(.constdata)
    OSDbg_StatTaskStkChkEn                   0x0800fea2   Data           1  os_dbg.o(.constdata)
    OSDbg_TaskChangePrioEn                   0x0800fea3   Data           1  os_dbg.o(.constdata)
    OSDbg_TaskDelEn                          0x0800fea4   Data           1  os_dbg.o(.constdata)
    OSDbg_TaskQEn                            0x0800fea5   Data           1  os_dbg.o(.constdata)
    OSDbg_TaskQPendAbortEn                   0x0800fea6   Data           1  os_dbg.o(.constdata)
    OSDbg_TaskProfileEn                      0x0800fea7   Data           1  os_dbg.o(.constdata)
    OSDbg_TaskRegTblSize                     0x0800fea8   Data           2  os_dbg.o(.constdata)
    OSDbg_TaskSemPendAbortEn                 0x0800feaa   Data           1  os_dbg.o(.constdata)
    OSDbg_TaskSuspendEn                      0x0800feab   Data           1  os_dbg.o(.constdata)
    OSDbg_TCBSize                            0x0800feac   Data           2  os_dbg.o(.constdata)
    OSDbg_TickSpokeSize                      0x0800feae   Data           2  os_dbg.o(.constdata)
    OSDbg_TimeDlyHMSMEn                      0x0800feb0   Data           1  os_dbg.o(.constdata)
    OSDbg_TimeDlyResumeEn                    0x0800feb1   Data           1  os_dbg.o(.constdata)
    OSDbg_TLS_TblSize                        0x0800feb2   Data           2  os_dbg.o(.constdata)
    OSDbg_Tmr                                0x0800feb4   Data          52  os_dbg.o(.constdata)
    OSDbg_TmrEn                              0x0800fee8   Data           1  os_dbg.o(.constdata)
    OSDbg_TmrDelEn                           0x0800fee9   Data           1  os_dbg.o(.constdata)
    OSDbg_TmrSize                            0x0800feea   Data           2  os_dbg.o(.constdata)
    OSDbg_TmrSpokeSize                       0x0800feec   Data           2  os_dbg.o(.constdata)
    OSDbg_VersionNbr                         0x0800feee   Data           2  os_dbg.o(.constdata)
    OSDbg_DataSize                           0x0800fef0   Data           4  os_dbg.o(.constdata)
    Region$$Table$$Base                      0x0800fef4   Number         0  anon$$obj.o(Region$$Table)
    Region$$Table$$Limit                     0x0800ff14   Number         0  anon$$obj.o(Region$$Table)
    SystemCoreClock                          0x20000000   Data           4  system_stm32f4xx.o(.data)
    AHBPrescTable                            0x20000004   Data          16  system_stm32f4xx.o(.data)
    __stdout                                 0x20000028   Data           4  usart.o(.data)
    USART_RX_STA                             0x2000002c   Data           2  usart.o(.data)
    CPU_TS_TmrFreq_Hz                        0x20000030   Data           4  cpu_core.o(.data)
    Mem_PoolTbl                              0x20000034   Data           4  lib_mem.o(.data)
    OSPrioTbl                                0x20000038   Data           8  os_prio.o(.data)
    OS_AppTaskCreateHookPtr                  0x20000040   Data           4  os_var.o(.data)
    OS_AppTaskDelHookPtr                     0x20000044   Data           4  os_var.o(.data)
    OS_AppTaskReturnHookPtr                  0x20000048   Data           4  os_var.o(.data)
    OS_AppIdleTaskHookPtr                    0x2000004c   Data           4  os_var.o(.data)
    OS_AppStatTaskHookPtr                    0x20000050   Data           4  os_var.o(.data)
    OS_AppTaskSwHookPtr                      0x20000054   Data           4  os_var.o(.data)
    OS_AppTimeTickHookPtr                    0x20000058   Data           4  os_var.o(.data)
    OSIdleTaskCtr                            0x2000005c   Data           4  os_var.o(.data)
    OSIntNestingCtr                          0x20000060   Data           1  os_var.o(.data)
    OSRunning                                0x20000061   Data           1  os_var.o(.data)
    OSIntQInPtr                              0x20000064   Data           4  os_var.o(.data)
    OSIntQOutPtr                             0x20000068   Data           4  os_var.o(.data)
    OSIntQNbrEntries                         0x2000006c   Data           2  os_var.o(.data)
    OSIntQNbrEntriesMax                      0x2000006e   Data           2  os_var.o(.data)
    OSIntQOvfCtr                             0x20000070   Data           2  os_var.o(.data)
    OSIntQTaskTimeMax                        0x20000074   Data           4  os_var.o(.data)
    OSFlagDbgListPtr                         0x20000078   Data           4  os_var.o(.data)
    OSFlagQty                                0x2000007c   Data           2  os_var.o(.data)
    OSMemDbgListPtr                          0x20000080   Data           4  os_var.o(.data)
    OSMemQty                                 0x20000084   Data           2  os_var.o(.data)
    OSMutexDbgListPtr                        0x20000088   Data           4  os_var.o(.data)
    OSMutexQty                               0x2000008c   Data           2  os_var.o(.data)
    OSPrioCur                                0x2000008e   Data           1  os_var.o(.data)
    OSPrioHighRdy                            0x2000008f   Data           1  os_var.o(.data)
    OSPrioSaved                              0x20000090   Data           1  os_var.o(.data)
    OSQDbgListPtr                            0x20000094   Data           4  os_var.o(.data)
    OSQQty                                   0x20000098   Data           2  os_var.o(.data)
    OSSchedLockTimeBegin                     0x2000009c   Data           4  os_var.o(.data)
    OSSchedLockTimeMax                       0x200000a0   Data           4  os_var.o(.data)
    OSSchedLockTimeMaxCur                    0x200000a4   Data           4  os_var.o(.data)
    OSSchedLockNestingCtr                    0x200000a8   Data           1  os_var.o(.data)
    OSSchedRoundRobinDfltTimeQuanta          0x200000ac   Data           4  os_var.o(.data)
    OSSchedRoundRobinEn                      0x200000b0   Data           1  os_var.o(.data)
    OSSemDbgListPtr                          0x200000b4   Data           4  os_var.o(.data)
    OSSemQty                                 0x200000b8   Data           2  os_var.o(.data)
    OSStatResetFlag                          0x200000ba   Data           1  os_var.o(.data)
    OSStatTaskCPUUsage                       0x200000bc   Data           2  os_var.o(.data)
    OSStatTaskCPUUsageMax                    0x200000be   Data           2  os_var.o(.data)
    OSStatTaskCtr                            0x200000c0   Data           4  os_var.o(.data)
    OSStatTaskCtrMax                         0x200000c4   Data           4  os_var.o(.data)
    OSStatTaskCtrRun                         0x200000c8   Data           4  os_var.o(.data)
    OSStatTaskRdy                            0x200000cc   Data           1  os_var.o(.data)
    OSStatTaskTimeMax                        0x200000d0   Data           4  os_var.o(.data)
    OSTaskCtxSwCtr                           0x200000d4   Data           4  os_var.o(.data)
    OSTaskDbgListPtr                         0x200000d8   Data           4  os_var.o(.data)
    OSTaskQty                                0x200000dc   Data           2  os_var.o(.data)
    OSTaskRegNextAvailID                     0x200000de   Data           1  os_var.o(.data)
    OSTickCtr                                0x200000e0   Data           4  os_var.o(.data)
    OSTickTaskTimeMax                        0x200000e4   Data           4  os_var.o(.data)
    OSTmrDbgListPtr                          0x200000e8   Data           4  os_var.o(.data)
    OSTmrQty                                 0x200000ec   Data           2  os_var.o(.data)
    OSTmrTaskTimeMax                         0x200000f0   Data           4  os_var.o(.data)
    OSTmrTickCtr                             0x200000f4   Data           4  os_var.o(.data)
    OSTmrUpdateCnt                           0x200000f8   Data           4  os_var.o(.data)
    OSTmrUpdateCtr                           0x200000fc   Data           4  os_var.o(.data)
    OSTCBCurPtr                              0x20000100   Data           4  os_var.o(.data)
    OSTCBHighRdyPtr                          0x20000104   Data           4  os_var.o(.data)
    OS_CPU_ExceptStkBase                     0x20000108   Data           4  os_cpu_c.o(.data)
    StartTaskTCB                             0x2000010c   Data         196  main.o(.bss)
    START_TASK_STK                           0x200001d0   Data        2048  main.o(.bss)
    KeySem                                   0x200009d0   Data          40  main.o(.bss)
    USART_RX_BUF                             0x200009f8   Data         200  usart.o(.bss)
    CPU_Name                                 0x20000ac0   Data          16  cpu_core.o(.bss)
    Mem_PoolHeap                             0x20000ad0   Data          72  lib_mem.o(.bss)
    Mem_Heap                                 0x20000b18   Data        1024  lib_mem.o(.bss)
    OSCfg_IdleTaskStk                        0x20000f18   Data         512  os_cfg_app.o(.bss)
    OSCfg_IntQ                               0x20001118   Data         320  os_cfg_app.o(.bss)
    OSCfg_IntQTaskStk                        0x20001258   Data         512  os_cfg_app.o(.bss)
    OSCfg_ISRStk                             0x20001458   Data         512  os_cfg_app.o(.bss)
    OSCfg_MsgPool                            0x20001658   Data        1600  os_cfg_app.o(.bss)
    OSCfg_StatTaskStk                        0x20001c98   Data         512  os_cfg_app.o(.bss)
    OSCfg_TickTaskStk                        0x20001e98   Data         512  os_cfg_app.o(.bss)
    OSCfg_TickWheel                          0x20002098   Data         136  os_cfg_app.o(.bss)
    OSCfg_TmrTaskStk                         0x20002120   Data         512  os_cfg_app.o(.bss)
    OSCfg_TmrWheel                           0x20002320   Data         136  os_cfg_app.o(.bss)
    OSIdleTaskTCB                            0x200023a8   Data         196  os_var.o(.bss)
    OSIntQTaskTCB                            0x2000246c   Data         196  os_var.o(.bss)
    OSMsgPool                                0x20002530   Data          12  os_var.o(.bss)
    OSRdyList                                0x2000253c   Data         768  os_var.o(.bss)
    OSStatTaskTCB                            0x2000283c   Data         196  os_var.o(.bss)
    OSTickTaskTCB                            0x20002900   Data         196  os_var.o(.bss)
    OSTmrTaskTCB                             0x200029c4   Data         196  os_var.o(.bss)
    __libspace_start                         0x20002a88   Data          96  libspace.o(.bss)
    __temporary_stack_top$libspace           0x20002ae8   Data           0  libspace.o(.bss)



==============================================================================

Memory Map of the image

  Image Entry point : 0x08000189

  Load Region LR_IROM1 (Base: 0x08000000, Size: 0x00010020, Max: 0x00100000, ABSOLUTE)

    Execution Region ER_IROM1 (Exec base: 0x08000000, Load base: 0x08000000, Size: 0x0000ff14, Max: 0x00100000, ABSOLUTE)

    Exec Addr    Load Addr    Size         Type   Attr      Idx    E Section Name        Object

    0x08000000   0x08000000   0x00000188   Data   RO          376    RESET               startup_stm32f40_41xxx.o
    0x08000188   0x08000188   0x00000008   Code   RO         1600  * !!!main             c_w.l(__main.o)
    0x08000190   0x08000190   0x00000034   Code   RO         1765    !!!scatter          c_w.l(__scatter.o)
    0x080001c4   0x080001c4   0x0000001a   Code   RO         1767    !!handler_copy      c_w.l(__scatter_copy.o)
    0x080001de   0x080001de   0x00000002   PAD
    0x080001e0   0x080001e0   0x0000001c   Code   RO         1769    !!handler_zi        c_w.l(__scatter_zi.o)
    0x080001fc   0x080001fc   0x00000002   Code   RO         1639    .ARM.Collect$$libinit$$00000000  c_w.l(libinit.o)
    0x080001fe   0x080001fe   0x00000004   Code   RO         1651    .ARM.Collect$$libinit$$00000001  c_w.l(libinit2.o)
    0x08000202   0x08000202   0x00000000   Code   RO         1654    .ARM.Collect$$libinit$$00000004  c_w.l(libinit2.o)
    0x08000202   0x08000202   0x00000000   Code   RO         1657    .ARM.Collect$$libinit$$0000000A  c_w.l(libinit2.o)
    0x08000202   0x08000202   0x00000000   Code   RO         1659    .ARM.Collect$$libinit$$0000000C  c_w.l(libinit2.o)
    0x08000202   0x08000202   0x00000000   Code   RO         1661    .ARM.Collect$$libinit$$0000000E  c_w.l(libinit2.o)
    0x08000202   0x08000202   0x00000000   Code   RO         1664    .ARM.Collect$$libinit$$00000011  c_w.l(libinit2.o)
    0x08000202   0x08000202   0x00000000   Code   RO         1666    .ARM.Collect$$libinit$$00000013  c_w.l(libinit2.o)
    0x08000202   0x08000202   0x00000000   Code   RO         1668    .ARM.Collect$$libinit$$00000015  c_w.l(libinit2.o)
    0x08000202   0x08000202   0x00000000   Code   RO         1670    .ARM.Collect$$libinit$$00000017  c_w.l(libinit2.o)
    0x08000202   0x08000202   0x00000000   Code   RO         1672    .ARM.Collect$$libinit$$00000019  c_w.l(libinit2.o)
    0x08000202   0x08000202   0x00000000   Code   RO         1674    .ARM.Collect$$libinit$$0000001B  c_w.l(libinit2.o)
    0x08000202   0x08000202   0x00000000   Code   RO         1676    .ARM.Collect$$libinit$$0000001D  c_w.l(libinit2.o)
    0x08000202   0x08000202   0x00000000   Code   RO         1678    .ARM.Collect$$libinit$$0000001F  c_w.l(libinit2.o)
    0x08000202   0x08000202   0x00000000   Code   RO         1680    .ARM.Collect$$libinit$$00000021  c_w.l(libinit2.o)
    0x08000202   0x08000202   0x00000000   Code   RO         1682    .ARM.Collect$$libinit$$00000023  c_w.l(libinit2.o)
    0x08000202   0x08000202   0x00000000   Code   RO         1684    .ARM.Collect$$libinit$$00000025  c_w.l(libinit2.o)
    0x08000202   0x08000202   0x00000000   Code   RO         1688    .ARM.Collect$$libinit$$0000002C  c_w.l(libinit2.o)
    0x08000202   0x08000202   0x00000000   Code   RO         1690    .ARM.Collect$$libinit$$0000002E  c_w.l(libinit2.o)
    0x08000202   0x08000202   0x00000000   Code   RO         1692    .ARM.Collect$$libinit$$00000030  c_w.l(libinit2.o)
    0x08000202   0x08000202   0x00000000   Code   RO         1694    .ARM.Collect$$libinit$$00000032  c_w.l(libinit2.o)
    0x08000202   0x08000202   0x00000002   Code   RO         1695    .ARM.Collect$$libinit$$00000033  c_w.l(libinit2.o)
    0x08000204   0x08000204   0x00000002   Code   RO         1721    .ARM.Collect$$libshutdown$$00000000  c_w.l(libshutdown.o)
    0x08000206   0x08000206   0x00000000   Code   RO         1748    .ARM.Collect$$libshutdown$$00000002  c_w.l(libshutdown2.o)
    0x08000206   0x08000206   0x00000000   Code   RO         1750    .ARM.Collect$$libshutdown$$00000004  c_w.l(libshutdown2.o)
    0x08000206   0x08000206   0x00000000   Code   RO         1753    .ARM.Collect$$libshutdown$$00000007  c_w.l(libshutdown2.o)
    0x08000206   0x08000206   0x00000000   Code   RO         1756    .ARM.Collect$$libshutdown$$0000000A  c_w.l(libshutdown2.o)
    0x08000206   0x08000206   0x00000000   Code   RO         1758    .ARM.Collect$$libshutdown$$0000000C  c_w.l(libshutdown2.o)
    0x08000206   0x08000206   0x00000000   Code   RO         1761    .ARM.Collect$$libshutdown$$0000000F  c_w.l(libshutdown2.o)
    0x08000206   0x08000206   0x00000002   Code   RO         1762    .ARM.Collect$$libshutdown$$00000010  c_w.l(libshutdown2.o)
    0x08000208   0x08000208   0x00000000   Code   RO         1604    .ARM.Collect$$rtentry$$00000000  c_w.l(__rtentry.o)
    0x08000208   0x08000208   0x00000000   Code   RO         1610    .ARM.Collect$$rtentry$$00000002  c_w.l(__rtentry2.o)
    0x08000208   0x08000208   0x00000006   Code   RO         1622    .ARM.Collect$$rtentry$$00000004  c_w.l(__rtentry4.o)
    0x0800020e   0x0800020e   0x00000000   Code   RO         1612    .ARM.Collect$$rtentry$$00000009  c_w.l(__rtentry2.o)
    0x0800020e   0x0800020e   0x00000004   Code   RO         1613    .ARM.Collect$$rtentry$$0000000A  c_w.l(__rtentry2.o)
    0x08000212   0x08000212   0x00000000   Code   RO         1615    .ARM.Collect$$rtentry$$0000000C  c_w.l(__rtentry2.o)
    0x08000212   0x08000212   0x00000008   Code   RO         1616    .ARM.Collect$$rtentry$$0000000D  c_w.l(__rtentry2.o)
    0x0800021a   0x0800021a   0x00000002   Code   RO         1643    .ARM.Collect$$rtexit$$00000000  c_w.l(rtexit.o)
    0x0800021c   0x0800021c   0x00000000   Code   RO         1697    .ARM.Collect$$rtexit$$00000002  c_w.l(rtexit2.o)
    0x0800021c   0x0800021c   0x00000004   Code   RO         1698    .ARM.Collect$$rtexit$$00000003  c_w.l(rtexit2.o)
    0x08000220   0x08000220   0x00000006   Code   RO         1699    .ARM.Collect$$rtexit$$00000004  c_w.l(rtexit2.o)
    0x08000226   0x08000226   0x00000002   PAD
    0x08000228   0x08000228   0x00000278   Code   RO            3    .text               main.o
    0x080004a0   0x080004a0   0x00000016   Code   RO          235    .text               stm32f4xx_it.o
    0x080004b6   0x080004b6   0x00000002   PAD
    0x080004b8   0x080004b8   0x00000210   Code   RO          284    .text               system_stm32f4xx.o
    0x080006c8   0x080006c8   0x00000040   Code   RO          310    .text               led.o
    0x08000708   0x08000708   0x00000ae4   Code   RO          330    .text               lcd.o
    0x080011ec   0x080011ec   0x00000370   Code   RO          356    .text               lcd_init.o
    0x0800155c   0x0800155c   0x00000040   Code   RO          377    .text               startup_stm32f40_41xxx.o
    0x0800159c   0x0800159c   0x000000e0   Code   RO          383    .text               misc.o
    0x0800167c   0x0800167c   0x00000294   Code   RO          403    .text               stm32f4xx_gpio.o
    0x08001910   0x08001910   0x0000065c   Code   RO          423    .text               stm32f4xx_rcc.o
    0x08001f6c   0x08001f6c   0x00000094   Code   RO          445    .text               stm32f4xx_syscfg.o
    0x08002000   0x08002000   0x00000454   Code   RO          465    .text               stm32f4xx_usart.o
    0x08002454   0x08002454   0x00000064   Code   RO          645    .text               stm32f4xx_dbgmcu.o
    0x080024b8   0x080024b8   0x00000110   Code   RO         1080    .text               stm32f4xx_exti.o
    0x080025c8   0x080025c8   0x00000148   Code   RO         1100    .text               delay.o
    0x08002710   0x08002710   0x00000158   Code   RO         1140    .text               usart.o
    0x08002868   0x08002868   0x00000084   Code   RO         1171    .text               bsp.o
    0x080028ec   0x080028ec   0x000002a8   Code   RO         1204    .text               cpu_core.o
    0x08002b94   0x08002b94   0x00000034   Code   RO         1230    .text               cpu_a.o
    0x08002bc8   0x08002bc8   0x00000256   Code   RO         1233    .text               lib_ascii.o
    0x08002e1e   0x08002e1e   0x00000002   PAD
    0x08002e20   0x08002e20   0x000009c6   Code   RO         1266    .text               lib_mem.o
    0x080037e6   0x080037e6   0x00000002   PAD
    0x080037e8   0x080037e8   0x0000092c   Code   RO         1285    .text               lib_str.o
    0x08004114   0x08004114   0x00000220   Code   RO         1302    .text               lib_mem_a.o
    0x08004334   0x08004334   0x000000fc   Code   RO         1305    .text               os_cfg_app.o
    0x08004430   0x08004430   0x00000df0   Code   RO         1328    .text               os_core.o
    0x08005220   0x08005220   0x000001b0   Code   RO         1340    .text               os_dbg.o
    0x080053d0   0x080053d0   0x00000e28   Code   RO         1355    .text               os_flag.o
    0x080061f8   0x080061f8   0x00000444   Code   RO         1367    .text               os_int.o
    0x0800663c   0x0800663c   0x00000238   Code   RO         1379    .text               os_mem.o
    0x08006874   0x08006874   0x0000022c   Code   RO         1391    .text               os_msg.o
    0x08006aa0   0x08006aa0   0x00000ad4   Code   RO         1403    .text               os_mutex.o
    0x08007574   0x08007574   0x0000007c   Code   RO         1421    .text               os_prio.o
    0x080075f0   0x080075f0   0x000008d8   Code   RO         1440    .text               os_q.o
    0x08007ec8   0x08007ec8   0x00000830   Code   RO         1452    .text               os_sem.o
    0x080086f8   0x080086f8   0x00000638   Code   RO         1464    .text               os_stat.o
    0x08008d30   0x08008d30   0x00001bb4   Code   RO         1476    .text               os_task.o
    0x0800a8e4   0x0800a8e4   0x000004fc   Code   RO         1488    .text               os_tick.o
    0x0800ade0   0x0800ade0   0x00000564   Code   RO         1500    .text               os_time.o
    0x0800b344   0x0800b344   0x00000818   Code   RO         1512    .text               os_tmr.o
    0x0800bb5c   0x0800bb5c   0x000003f8   Code   RO         1540    .text               os_cpu_c.o
    0x0800bf54   0x0800bf54   0x000000c8   Code   RO         1569    .text               os_app_hooks.o
    0x0800c01c   0x0800c01c   0x00000002   Code   RO         1594    .text               c_w.l(use_no_semi_2.o)
    0x0800c01e   0x0800c01e   0x000000ee   Code   RO         1596    .text               c_w.l(lludivv7m.o)
    0x0800c10c   0x0800c10c   0x00000006   Code   RO         1598    .text               c_w.l(heapauxi.o)
    0x0800c112   0x0800c112   0x00000002   Code   RO         1602    .text               c_w.l(use_no_semi.o)
    0x0800c114   0x0800c114   0x0000004a   Code   RO         1626    .text               c_w.l(sys_stackheap_outer.o)
    0x0800c15e   0x0800c15e   0x00000012   Code   RO         1628    .text               c_w.l(exit.o)
    0x0800c170   0x0800c170   0x00000008   Code   RO         1640    .text               c_w.l(libspace.o)
    0x0800c178   0x0800c178   0x000000ac   Code   RO         1564    CODE                os_cpu_a.o
    0x0800c224   0x0800c224   0x0000000a   Code   RO         1709    x$fpl$fpinit        fz_wm.l(fpinit.o)
    0x0800c22e   0x0800c22e   0x0000391c   Data   RO          331    .constdata          lcd.o
    0x0800fb4a   0x0800fb4a   0x00000002   PAD
    0x0800fb4c   0x0800fb4c   0x00000104   Data   RO         1206    .constdata          cpu_core.o
    0x0800fc50   0x0800fc50   0x00000094   Data   RO         1286    .constdata          lib_str.o
    0x0800fce4   0x0800fce4   0x000000a4   Data   RO         1307    .constdata          os_cfg_app.o
    0x0800fd88   0x0800fd88   0x0000016c   Data   RO         1341    .constdata          os_dbg.o
    0x0800fef4   0x0800fef4   0x00000020   Data   RO         1763    Region$$Table       anon$$obj.o


    Execution Region RW_IRAM1 (Exec base: 0x20000000, Load base: 0x0800ff14, Size: 0x000030e8, Max: 0x00020000, ABSOLUTE)

    Exec Addr    Load Addr    Size         Type   Attr      Idx    E Section Name        Object

    0x20000000   0x0800ff14   0x00000014   Data   RW          285    .data               system_stm32f4xx.o
    0x20000014   0x0800ff28   0x00000010   Data   RW          424    .data               stm32f4xx_rcc.o
    0x20000024   0x0800ff38   0x00000004   Data   RW         1101    .data               delay.o
    0x20000028   0x0800ff3c   0x00000006   Data   RW         1142    .data               usart.o
    0x2000002e   0x0800ff42   0x00000002   PAD
    0x20000030   0x0800ff44   0x00000004   Data   RW         1207    .data               cpu_core.o
    0x20000034   0x0800ff48   0x00000004   Data   RW         1268    .data               lib_mem.o
    0x20000038   0x0800ff4c   0x00000008   Data   RW         1422    .data               os_prio.o
    0x20000040   0x0800ff54   0x000000c8   Data   RW         1525    .data               os_var.o
    0x20000108   0x0801001c   0x00000004   Data   RW         1541    .data               os_cpu_c.o
    0x2000010c        -       0x000008ec   Zero   RW            4    .bss                main.o
    0x200009f8        -       0x000000c8   Zero   RW         1141    .bss                usart.o
    0x20000ac0        -       0x00000010   Zero   RW         1205    .bss                cpu_core.o
    0x20000ad0        -       0x00000448   Zero   RW         1267    .bss                lib_mem.o
    0x20000f18        -       0x00001490   Zero   RW         1306    .bss                os_cfg_app.o
    0x200023a8        -       0x000006e0   Zero   RW         1524    .bss                os_var.o
    0x20002a88        -       0x00000060   Zero   RW         1641    .bss                c_w.l(libspace.o)
    0x20002ae8        -       0x00000200   Zero   RW          375    HEAP                startup_stm32f40_41xxx.o
    0x20002ce8        -       0x00000400   Zero   RW          374    STACK               startup_stm32f40_41xxx.o


==============================================================================

Image component sizes


      Code (inc. data)   RO Data    RW Data    ZI Data      Debug   Object Name

       132         14          0          0          0       1235   bsp.o
        52          0          0          0          0        340   cpu_a.o
       680         14        260          4         16      14819   cpu_core.o
       328         24          0          4          0       1925   delay.o
      2788         40      14620          0          0      10697   lcd.o
       880         12          0          0          0       2142   lcd_init.o
        64          6          0          0          0        543   led.o
       598          0          0          0          0       3984   lib_ascii.o
      2502         32          0          4       1096      22440   lib_mem.o
       544          0          0          0          0        484   lib_mem_a.o
      2348          6        148          0          0      13950   lib_str.o
       632         50          0          0       2284     307146   main.o
       224         20          0          0          0       1993   misc.o
       200         30          0          0          0       1905   os_app_hooks.o
       252        166        164          0       5264      20970   os_cfg_app.o
      3568        284          0          0          0      12661   os_core.o
       172         32          0          0          0        408   os_cpu_a.o
      1016         64          0          4          0       4145   os_cpu_c.o
       432        286        364          0          0       4817   os_dbg.o
      3624        110          0          0          0       8295   os_flag.o
      1092        146          0          0          0       2400   os_int.o
       568         20          0          0          0       2920   os_mem.o
       556         12          0          0          0       2911   os_msg.o
      2772        114          0          0          0       5830   os_mutex.o
       124          4          0          8          0       1960   os_prio.o
      2264         76          0          0          0       6596   os_q.o
      2096         70          0          0          0       6612   os_sem.o
      1592        180          0          0          0       2881   os_stat.o
      7092        270          0          0          0      14438   os_task.o
      1276         90          0          0          0       3501   os_tick.o
      1380         46          0          0          0       3353   os_time.o
      2072        140          0          0          0       6734   os_tmr.o
         0          0          0        200       1760      19369   os_var.o
        64         26        392          0       1536        848   startup_stm32f40_41xxx.o
       100          4          0          0          0       1404   stm32f4xx_dbgmcu.o
       272         10          0          0          0       2459   stm32f4xx_exti.o
       660         44          0          0          0       4329   stm32f4xx_gpio.o
        22          0          0          0          0       1051   stm32f4xx_it.o
      1628         52          0         16          0      13252   stm32f4xx_rcc.o
       148         12          0          0          0       1917   stm32f4xx_syscfg.o
      1108         34          0          0          0       8056   stm32f4xx_usart.o
       528         46          0         20          0       1831   system_stm32f4xx.o
       344         16          0          6        200       3386   usart.o

    ----------------------------------------------------------------------
     48800       2602      15982        268      12156     552937   Object Totals
         0          0         32          0          0          0   (incl. Generated)
         6          0          2          2          0          0   (incl. Padding)

    ----------------------------------------------------------------------

      Code (inc. data)   RO Data    RW Data    ZI Data      Debug   Library Member Name

         8          0          0          0          0         68   __main.o
         0          0          0          0          0          0   __rtentry.o
        12          0          0          0          0          0   __rtentry2.o
         6          0          0          0          0          0   __rtentry4.o
        52          8          0          0          0          0   __scatter.o
        26          0          0          0          0          0   __scatter_copy.o
        28          0          0          0          0          0   __scatter_zi.o
        18          0          0          0          0         80   exit.o
         6          0          0          0          0        152   heapauxi.o
         2          0          0          0          0          0   libinit.o
         6          0          0          0          0          0   libinit2.o
         2          0          0          0          0          0   libshutdown.o
         2          0          0          0          0          0   libshutdown2.o
         8          4          0          0         96         68   libspace.o
       238          0          0          0          0        100   lludivv7m.o
         2          0          0          0          0          0   rtexit.o
        10          0          0          0          0          0   rtexit2.o
        74          0          0          0          0         80   sys_stackheap_outer.o
         2          0          0          0          0         68   use_no_semi.o
         2          0          0          0          0         68   use_no_semi_2.o
        10          0          0          0          0        116   fpinit.o

    ----------------------------------------------------------------------
       518         12          0          0         96        800   Library Totals
         4          0          0          0          0          0   (incl. Padding)

    ----------------------------------------------------------------------

      Code (inc. data)   RO Data    RW Data    ZI Data      Debug   Library Name

       504         12          0          0         96        684   c_w.l
        10          0          0          0          0        116   fz_wm.l

    ----------------------------------------------------------------------
       518         12          0          0         96        800   Library Totals

    ----------------------------------------------------------------------

==============================================================================


      Code (inc. data)   RO Data    RW Data    ZI Data      Debug   

     49318       2614      15982        268      12252     544429   Grand Totals
     49318       2614      15982        268      12252     544429   ELF Image Totals
     49318       2614      15982        268          0          0   ROM Totals

==============================================================================

    Total RO  Size (Code + RO Data)                65300 (  63.77kB)
    Total RW  Size (RW Data + ZI Data)             12520 (  12.23kB)
    Total ROM Size (Code + RO Data + RW Data)      65568 (  64.03kB)

==============================================================================

