<!doctype html public "-//w3c//dtd html 4.0 transitional//en">
<html><head>
<title>Static Call Graph - [.\Objects\Project.axf]</title></head>
<body><HR>
<H1>Static Call Graph for image .\Objects\Project.axf</H1><HR>
<BR><P>#&#060CALLGRAPH&#062# ARM Linker, 5050106: Last Updated: Sat Mar 23 08:11:34 2024
<BR><P>
<H3>Maximum Stack Usage =        268 bytes + Unknown(Functions without stacksize, Cycles, Untraceable Function Pointers)</H3><H3>
Call chain for Maximum Stack Depth:</H3>
OLED_RaderPicShow &rArr; OLED_WinDrawRaderPic &rArr; OLED_WinDrawLine &rArr; OLED_WinWriteByte &rArr; OLED_BuffWriteByte
<P>
<H3>
Functions with no stack information
</H3><UL>
 <LI><a href="#[78]">__user_initial_stackheap</a>
</UL>
</UL>
<P>
<H3>
Mutually Recursive functions
</H3> <LI><a href="#[20]">ADC1_2_IRQHandler</a>&nbsp;&nbsp;&nbsp;&rArr;&nbsp;&nbsp;&nbsp;<a href="#[20]">ADC1_2_IRQHandler</a><BR>
</UL>
<P>
<H3>
Function Pointers
</H3><UL>
 <LI><a href="#[20]">ADC1_2_IRQHandler</a> from startup_stm32f10x_md.o(.text) referenced from startup_stm32f10x_md.o(RESET)
 <LI><a href="#[50]">About_CallBack</a> from testui.o(i.About_CallBack) referenced from testui.o(i.TestUI_Init)
 <LI><a href="#[4f]">Alarm12_CallBack</a> from testui.o(i.Alarm12_CallBack) referenced from testui.o(i.TestUI_Init)
 <LI><a href="#[8]">BusFault_Handler</a> from stm32f10x_it.o(i.BusFault_Handler) referenced from startup_stm32f10x_md.o(RESET)
 <LI><a href="#[23]">CAN1_RX1_IRQHandler</a> from startup_stm32f10x_md.o(.text) referenced from startup_stm32f10x_md.o(RESET)
 <LI><a href="#[24]">CAN1_SCE_IRQHandler</a> from startup_stm32f10x_md.o(.text) referenced from startup_stm32f10x_md.o(RESET)
 <LI><a href="#[4d]">CalendarPage_CallBack</a> from testui.o(i.CalendarPage_CallBack) referenced from testui.o(i.TestUI_Init)
 <LI><a href="#[4e]">ClockPage_CallBack</a> from testui.o(i.ClockPage_CallBack) referenced from testui.o(i.TestUI_Init)
 <LI><a href="#[19]">DMA1_Channel1_IRQHandler</a> from startup_stm32f10x_md.o(.text) referenced from startup_stm32f10x_md.o(RESET)
 <LI><a href="#[1a]">DMA1_Channel2_IRQHandler</a> from startup_stm32f10x_md.o(.text) referenced from startup_stm32f10x_md.o(RESET)
 <LI><a href="#[1b]">DMA1_Channel3_IRQHandler</a> from startup_stm32f10x_md.o(.text) referenced from startup_stm32f10x_md.o(RESET)
 <LI><a href="#[1c]">DMA1_Channel4_IRQHandler</a> from startup_stm32f10x_md.o(.text) referenced from startup_stm32f10x_md.o(RESET)
 <LI><a href="#[1d]">DMA1_Channel5_IRQHandler</a> from startup_stm32f10x_md.o(.text) referenced from startup_stm32f10x_md.o(RESET)
 <LI><a href="#[1e]">DMA1_Channel6_IRQHandler</a> from startup_stm32f10x_md.o(.text) referenced from startup_stm32f10x_md.o(RESET)
 <LI><a href="#[1f]">DMA1_Channel7_IRQHandler</a> from startup_stm32f10x_md.o(.text) referenced from startup_stm32f10x_md.o(RESET)
 <LI><a href="#[b]">DebugMon_Handler</a> from stm32f10x_it.o(i.DebugMon_Handler) referenced from startup_stm32f10x_md.o(RESET)
 <LI><a href="#[14]">EXTI0_IRQHandler</a> from startup_stm32f10x_md.o(.text) referenced from startup_stm32f10x_md.o(RESET)
 <LI><a href="#[36]">EXTI15_10_IRQHandler</a> from startup_stm32f10x_md.o(.text) referenced from startup_stm32f10x_md.o(RESET)
 <LI><a href="#[15]">EXTI1_IRQHandler</a> from startup_stm32f10x_md.o(.text) referenced from startup_stm32f10x_md.o(RESET)
 <LI><a href="#[16]">EXTI2_IRQHandler</a> from startup_stm32f10x_md.o(.text) referenced from startup_stm32f10x_md.o(RESET)
 <LI><a href="#[17]">EXTI3_IRQHandler</a> from startup_stm32f10x_md.o(.text) referenced from startup_stm32f10x_md.o(RESET)
 <LI><a href="#[18]">EXTI4_IRQHandler</a> from startup_stm32f10x_md.o(.text) referenced from startup_stm32f10x_md.o(RESET)
 <LI><a href="#[25]">EXTI9_5_IRQHandler</a> from startup_stm32f10x_md.o(.text) referenced from startup_stm32f10x_md.o(RESET)
 <LI><a href="#[12]">FLASH_IRQHandler</a> from startup_stm32f10x_md.o(.text) referenced from startup_stm32f10x_md.o(RESET)
 <LI><a href="#[6]">HardFault_Handler</a> from stm32f10x_it.o(i.HardFault_Handler) referenced from startup_stm32f10x_md.o(RESET)
 <LI><a href="#[2e]">I2C1_ER_IRQHandler</a> from startup_stm32f10x_md.o(.text) referenced from startup_stm32f10x_md.o(RESET)
 <LI><a href="#[2d]">I2C1_EV_IRQHandler</a> from startup_stm32f10x_md.o(.text) referenced from startup_stm32f10x_md.o(RESET)
 <LI><a href="#[30]">I2C2_ER_IRQHandler</a> from startup_stm32f10x_md.o(.text) referenced from startup_stm32f10x_md.o(RESET)
 <LI><a href="#[2f]">I2C2_EV_IRQHandler</a> from startup_stm32f10x_md.o(.text) referenced from startup_stm32f10x_md.o(RESET)
 <LI><a href="#[4c]">MainPage_CallBack</a> from testui.o(i.MainPage_CallBack) referenced from testui.o(i.TestUI_Init)
 <LI><a href="#[7]">MemManage_Handler</a> from stm32f10x_it.o(i.MemManage_Handler) referenced from startup_stm32f10x_md.o(RESET)
 <LI><a href="#[5]">NMI_Handler</a> from stm32f10x_it.o(i.NMI_Handler) referenced from startup_stm32f10x_md.o(RESET)
 <LI><a href="#[49]">OLED_ConWinAnimInit</a> from oled_ui.o(i.OLED_ConWinAnimInit) referenced from oled_ui.o(i.OLED_UiInit)
 <LI><a href="#[4b]">OLED_ConWinReact</a> from oled_ui.o(i.OLED_ConWinReact) referenced from oled_ui.o(i.OLED_UiInit)
 <LI><a href="#[4a]">OLED_ConWinShow</a> from oled_ui.o(i.OLED_ConWinShow) referenced from oled_ui.o(i.OLED_UiInit)
 <LI><a href="#[3d]">OLED_DigitalAnimInit</a> from oled_ui.o(i.OLED_DigitalAnimInit) referenced from oled_ui.o(i.OLED_DigitalPageInit)
 <LI><a href="#[3f]">OLED_DigitalReact</a> from oled_ui.o(i.OLED_DigitalReact) referenced from oled_ui.o(i.OLED_DigitalPageInit)
 <LI><a href="#[3e]">OLED_DigitalShow</a> from oled_ui.o(i.OLED_DigitalShow) referenced from oled_ui.o(i.OLED_DigitalPageInit)
 <LI><a href="#[40]">OLED_RaderPicAnimInit</a> from oled_ui.o(i.OLED_RaderPicAnimInit) referenced from oled_ui.o(i.OLED_RaderPicPageInit)
 <LI><a href="#[42]">OLED_RaderPicReact</a> from oled_ui.o(i.OLED_RaderPicReact) referenced from oled_ui.o(i.OLED_RaderPicPageInit)
 <LI><a href="#[41]">OLED_RaderPicShow</a> from oled_ui.o(i.OLED_RaderPicShow) referenced from oled_ui.o(i.OLED_RaderPicPageInit)
 <LI><a href="#[43]">OLED_TitlePageAnimInit</a> from oled_ui.o(i.OLED_TitlePageAnimInit) referenced from oled_ui.o(i.OLED_TitlePageInit)
 <LI><a href="#[45]">OLED_TitlePageReact</a> from oled_ui.o(i.OLED_TitlePageReact) referenced from oled_ui.o(i.OLED_TitlePageInit)
 <LI><a href="#[44]">OLED_TitlePageShow</a> from oled_ui.o(i.OLED_TitlePageShow) referenced from oled_ui.o(i.OLED_TitlePageInit)
 <LI><a href="#[46]">OLED_ValWinAnimInit</a> from oled_ui.o(i.OLED_ValWinAnimInit) referenced from oled_ui.o(i.OLED_UiInit)
 <LI><a href="#[48]">OLED_ValWinReact</a> from oled_ui.o(i.OLED_ValWinReact) referenced from oled_ui.o(i.OLED_UiInit)
 <LI><a href="#[47]">OLED_ValWinShow</a> from oled_ui.o(i.OLED_ValWinShow) referenced from oled_ui.o(i.OLED_UiInit)
 <LI><a href="#[f]">PVD_IRQHandler</a> from startup_stm32f10x_md.o(.text) referenced from startup_stm32f10x_md.o(RESET)
 <LI><a href="#[c]">PendSV_Handler</a> from stm32f10x_it.o(i.PendSV_Handler) referenced from startup_stm32f10x_md.o(RESET)
 <LI><a href="#[13]">RCC_IRQHandler</a> from startup_stm32f10x_md.o(.text) referenced from startup_stm32f10x_md.o(RESET)
 <LI><a href="#[37]">RTCAlarm_IRQHandler</a> from startup_stm32f10x_md.o(.text) referenced from startup_stm32f10x_md.o(RESET)
 <LI><a href="#[11]">RTC_IRQHandler</a> from myrtc.o(i.RTC_IRQHandler) referenced from startup_stm32f10x_md.o(RESET)
 <LI><a href="#[4]">Reset_Handler</a> from startup_stm32f10x_md.o(.text) referenced from startup_stm32f10x_md.o(RESET)
 <LI><a href="#[51]">Ring_CallBack</a> from testui.o(i.Ring_CallBack) referenced from testui.o(i.TestUI_Init)
 <LI><a href="#[31]">SPI1_IRQHandler</a> from startup_stm32f10x_md.o(.text) referenced from startup_stm32f10x_md.o(RESET)
 <LI><a href="#[32]">SPI2_IRQHandler</a> from startup_stm32f10x_md.o(.text) referenced from startup_stm32f10x_md.o(RESET)
 <LI><a href="#[a]">SVC_Handler</a> from stm32f10x_it.o(i.SVC_Handler) referenced from startup_stm32f10x_md.o(RESET)
 <LI><a href="#[d]">SysTick_Handler</a> from stm32f10x_it.o(i.SysTick_Handler) referenced from startup_stm32f10x_md.o(RESET)
 <LI><a href="#[39]">SystemInit</a> from system_stm32f10x.o(i.SystemInit) referenced from startup_stm32f10x_md.o(.text)
 <LI><a href="#[10]">TAMPER_IRQHandler</a> from startup_stm32f10x_md.o(.text) referenced from startup_stm32f10x_md.o(RESET)
 <LI><a href="#[26]">TIM1_BRK_IRQHandler</a> from startup_stm32f10x_md.o(.text) referenced from startup_stm32f10x_md.o(RESET)
 <LI><a href="#[29]">TIM1_CC_IRQHandler</a> from startup_stm32f10x_md.o(.text) referenced from startup_stm32f10x_md.o(RESET)
 <LI><a href="#[28]">TIM1_TRG_COM_IRQHandler</a> from startup_stm32f10x_md.o(.text) referenced from startup_stm32f10x_md.o(RESET)
 <LI><a href="#[27]">TIM1_UP_IRQHandler</a> from startup_stm32f10x_md.o(.text) referenced from startup_stm32f10x_md.o(RESET)
 <LI><a href="#[2a]">TIM2_IRQHandler</a> from startup_stm32f10x_md.o(.text) referenced from startup_stm32f10x_md.o(RESET)
 <LI><a href="#[2b]">TIM3_IRQHandler</a> from startup_stm32f10x_md.o(.text) referenced from startup_stm32f10x_md.o(RESET)
 <LI><a href="#[2c]">TIM4_IRQHandler</a> from startup_stm32f10x_md.o(.text) referenced from startup_stm32f10x_md.o(RESET)
 <LI><a href="#[33]">USART1_IRQHandler</a> from startup_stm32f10x_md.o(.text) referenced from startup_stm32f10x_md.o(RESET)
 <LI><a href="#[34]">USART2_IRQHandler</a> from startup_stm32f10x_md.o(.text) referenced from startup_stm32f10x_md.o(RESET)
 <LI><a href="#[35]">USART3_IRQHandler</a> from startup_stm32f10x_md.o(.text) referenced from startup_stm32f10x_md.o(RESET)
 <LI><a href="#[38]">USBWakeUp_IRQHandler</a> from startup_stm32f10x_md.o(.text) referenced from startup_stm32f10x_md.o(RESET)
 <LI><a href="#[21]">USB_HP_CAN1_TX_IRQHandler</a> from startup_stm32f10x_md.o(.text) referenced from startup_stm32f10x_md.o(RESET)
 <LI><a href="#[22]">USB_LP_CAN1_RX0_IRQHandler</a> from startup_stm32f10x_md.o(.text) referenced from startup_stm32f10x_md.o(RESET)
 <LI><a href="#[9]">UsageFault_Handler</a> from stm32f10x_it.o(i.UsageFault_Handler) referenced from startup_stm32f10x_md.o(RESET)
 <LI><a href="#[e]">WWDG_IRQHandler</a> from startup_stm32f10x_md.o(.text) referenced from startup_stm32f10x_md.o(RESET)
 <LI><a href="#[52]">__main</a> from __main.o(!!!main) referenced from startup_stm32f10x_md.o(.text)
 <LI><a href="#[3c]">_printf_input_char</a> from _printf_char_common.o(.text) referenced from _printf_char_common.o(.text)
 <LI><a href="#[3b]">_sputc</a> from _sputc.o(.text) referenced from noretval__2sprintf.o(.text)
</UL>
<P>
<H3>
Global Symbols
</H3>
<P><STRONG><a name="[52]"></a>__main</STRONG> (Thumb, 8 bytes, Stack size 0 bytes, __main.o(!!!main))
<BR><BR>[Calls]<UL><LI><a href="#[53]">&gt;&gt;</a>&nbsp;&nbsp;&nbsp;__scatterload
<LI><a href="#[54]">&gt;&gt;</a>&nbsp;&nbsp;&nbsp;__rt_entry
</UL>

<P><STRONG><a name="[53]"></a>__scatterload</STRONG> (Thumb, 0 bytes, Stack size unknown bytes, __scatter.o(!!!scatter))
<BR><BR>[Called By]<UL><LI><a href="#[52]">&gt;&gt;</a>&nbsp;&nbsp;&nbsp;__main
</UL>

<P><STRONG><a name="[55]"></a>__scatterload_rt2</STRONG> (Thumb, 44 bytes, Stack size unknown bytes, __scatter.o(!!!scatter), UNUSED)
<BR><BR>[Calls]<UL><LI><a href="#[54]">&gt;&gt;</a>&nbsp;&nbsp;&nbsp;__rt_entry
</UL>

<P><STRONG><a name="[108]"></a>__scatterload_rt2_thumb_only</STRONG> (Thumb, 0 bytes, Stack size unknown bytes, __scatter.o(!!!scatter), UNUSED)

<P><STRONG><a name="[109]"></a>__scatterload_null</STRONG> (Thumb, 0 bytes, Stack size unknown bytes, __scatter.o(!!!scatter), UNUSED)

<P><STRONG><a name="[10a]"></a>__decompress</STRONG> (Thumb, 90 bytes, Stack size unknown bytes, __dczerorl2.o(!!dczerorl2), UNUSED)

<P><STRONG><a name="[10b]"></a>__decompress1</STRONG> (Thumb, 0 bytes, Stack size unknown bytes, __dczerorl2.o(!!dczerorl2), UNUSED)

<P><STRONG><a name="[10c]"></a>__scatterload_zeroinit</STRONG> (Thumb, 28 bytes, Stack size unknown bytes, __scatter_zi.o(!!handler_zi), UNUSED)

<P><STRONG><a name="[56]"></a>_printf_d</STRONG> (Thumb, 0 bytes, Stack size unknown bytes, _printf_d.o(.ARM.Collect$$_printf_percent$$00000009))
<BR><BR>[Stack]<UL><LI>Max Depth = 72 + Unknown Stack Size
<LI>Call Chain = _printf_d &rArr; _printf_int_dec &rArr; _printf_int_common &rArr; _printf_post_padding
</UL>
<BR>[Calls]<UL><LI><a href="#[57]">&gt;&gt;</a>&nbsp;&nbsp;&nbsp;_printf_int_dec
</UL>

<P><STRONG><a name="[6d]"></a>_printf_percent</STRONG> (Thumb, 0 bytes, Stack size unknown bytes, _printf_percent.o(.ARM.Collect$$_printf_percent$$00000000))
<BR><BR>[Called By]<UL><LI><a href="#[6b]">&gt;&gt;</a>&nbsp;&nbsp;&nbsp;__printf
</UL>

<P><STRONG><a name="[58]"></a>_printf_c</STRONG> (Thumb, 0 bytes, Stack size unknown bytes, _printf_c.o(.ARM.Collect$$_printf_percent$$00000013))
<BR><BR>[Stack]<UL><LI>Max Depth = 40 + Unknown Stack Size
<LI>Call Chain = _printf_c &rArr; _printf_char &rArr; _printf_cs_common &rArr; _printf_str &rArr; _printf_post_padding
</UL>
<BR>[Calls]<UL><LI><a href="#[59]">&gt;&gt;</a>&nbsp;&nbsp;&nbsp;_printf_char
</UL>

<P><STRONG><a name="[10d]"></a>_printf_percent_end</STRONG> (Thumb, 0 bytes, Stack size unknown bytes, _printf_percent_end.o(.ARM.Collect$$_printf_percent$$00000017))

<P><STRONG><a name="[5d]"></a>__rt_lib_init</STRONG> (Thumb, 0 bytes, Stack size unknown bytes, libinit.o(.ARM.Collect$$libinit$$00000000))
<BR><BR>[Called By]<UL><LI><a href="#[5c]">&gt;&gt;</a>&nbsp;&nbsp;&nbsp;__rt_entry_li
</UL>

<P><STRONG><a name="[10e]"></a>__rt_lib_init_alloca_1</STRONG> (Thumb, 0 bytes, Stack size unknown bytes, libinit2.o(.ARM.Collect$$libinit$$0000002E))

<P><STRONG><a name="[10f]"></a>__rt_lib_init_argv_1</STRONG> (Thumb, 0 bytes, Stack size unknown bytes, libinit2.o(.ARM.Collect$$libinit$$0000002C))

<P><STRONG><a name="[110]"></a>__rt_lib_init_atexit_1</STRONG> (Thumb, 0 bytes, Stack size unknown bytes, libinit2.o(.ARM.Collect$$libinit$$0000001B))

<P><STRONG><a name="[111]"></a>__rt_lib_init_clock_1</STRONG> (Thumb, 0 bytes, Stack size unknown bytes, libinit2.o(.ARM.Collect$$libinit$$00000021))

<P><STRONG><a name="[112]"></a>__rt_lib_init_cpp_1</STRONG> (Thumb, 0 bytes, Stack size unknown bytes, libinit2.o(.ARM.Collect$$libinit$$00000032))

<P><STRONG><a name="[113]"></a>__rt_lib_init_exceptions_1</STRONG> (Thumb, 0 bytes, Stack size unknown bytes, libinit2.o(.ARM.Collect$$libinit$$00000030))

<P><STRONG><a name="[114]"></a>__rt_lib_init_fp_1</STRONG> (Thumb, 0 bytes, Stack size unknown bytes, libinit2.o(.ARM.Collect$$libinit$$00000002))

<P><STRONG><a name="[115]"></a>__rt_lib_init_fp_trap_1</STRONG> (Thumb, 0 bytes, Stack size unknown bytes, libinit2.o(.ARM.Collect$$libinit$$0000001F))

<P><STRONG><a name="[116]"></a>__rt_lib_init_getenv_1</STRONG> (Thumb, 0 bytes, Stack size unknown bytes, libinit2.o(.ARM.Collect$$libinit$$00000023))

<P><STRONG><a name="[117]"></a>__rt_lib_init_heap_1</STRONG> (Thumb, 0 bytes, Stack size unknown bytes, libinit2.o(.ARM.Collect$$libinit$$0000000A))

<P><STRONG><a name="[118]"></a>__rt_lib_init_lc_collate_1</STRONG> (Thumb, 0 bytes, Stack size unknown bytes, libinit2.o(.ARM.Collect$$libinit$$00000011))

<P><STRONG><a name="[119]"></a>__rt_lib_init_lc_ctype_1</STRONG> (Thumb, 0 bytes, Stack size unknown bytes, libinit2.o(.ARM.Collect$$libinit$$00000013))

<P><STRONG><a name="[11a]"></a>__rt_lib_init_lc_monetary_1</STRONG> (Thumb, 0 bytes, Stack size unknown bytes, libinit2.o(.ARM.Collect$$libinit$$00000015))

<P><STRONG><a name="[11b]"></a>__rt_lib_init_lc_numeric_1</STRONG> (Thumb, 0 bytes, Stack size unknown bytes, libinit2.o(.ARM.Collect$$libinit$$00000017))

<P><STRONG><a name="[11c]"></a>__rt_lib_init_lc_time_1</STRONG> (Thumb, 0 bytes, Stack size unknown bytes, libinit2.o(.ARM.Collect$$libinit$$00000019))

<P><STRONG><a name="[11d]"></a>__rt_lib_init_preinit_1</STRONG> (Thumb, 0 bytes, Stack size unknown bytes, libinit2.o(.ARM.Collect$$libinit$$00000004))

<P><STRONG><a name="[11e]"></a>__rt_lib_init_rand_1</STRONG> (Thumb, 0 bytes, Stack size unknown bytes, libinit2.o(.ARM.Collect$$libinit$$0000000E))

<P><STRONG><a name="[11f]"></a>__rt_lib_init_return</STRONG> (Thumb, 0 bytes, Stack size unknown bytes, libinit2.o(.ARM.Collect$$libinit$$00000033))

<P><STRONG><a name="[120]"></a>__rt_lib_init_signal_1</STRONG> (Thumb, 0 bytes, Stack size unknown bytes, libinit2.o(.ARM.Collect$$libinit$$0000001D))

<P><STRONG><a name="[121]"></a>__rt_lib_init_stdio_1</STRONG> (Thumb, 0 bytes, Stack size unknown bytes, libinit2.o(.ARM.Collect$$libinit$$00000025))

<P><STRONG><a name="[122]"></a>__rt_lib_init_user_alloc_1</STRONG> (Thumb, 0 bytes, Stack size unknown bytes, libinit2.o(.ARM.Collect$$libinit$$0000000C))

<P><STRONG><a name="[62]"></a>__rt_lib_shutdown</STRONG> (Thumb, 0 bytes, Stack size unknown bytes, libshutdown.o(.ARM.Collect$$libshutdown$$00000000))
<BR><BR>[Called By]<UL><LI><a href="#[61]">&gt;&gt;</a>&nbsp;&nbsp;&nbsp;__rt_exit_ls
</UL>

<P><STRONG><a name="[123]"></a>__rt_lib_shutdown_fp_trap_1</STRONG> (Thumb, 0 bytes, Stack size unknown bytes, libshutdown2.o(.ARM.Collect$$libshutdown$$00000006))

<P><STRONG><a name="[124]"></a>__rt_lib_shutdown_heap_1</STRONG> (Thumb, 0 bytes, Stack size unknown bytes, libshutdown2.o(.ARM.Collect$$libshutdown$$0000000E))

<P><STRONG><a name="[125]"></a>__rt_lib_shutdown_return</STRONG> (Thumb, 0 bytes, Stack size unknown bytes, libshutdown2.o(.ARM.Collect$$libshutdown$$0000000F))

<P><STRONG><a name="[126]"></a>__rt_lib_shutdown_signal_1</STRONG> (Thumb, 0 bytes, Stack size unknown bytes, libshutdown2.o(.ARM.Collect$$libshutdown$$00000009))

<P><STRONG><a name="[127]"></a>__rt_lib_shutdown_stdio_1</STRONG> (Thumb, 0 bytes, Stack size unknown bytes, libshutdown2.o(.ARM.Collect$$libshutdown$$00000003))

<P><STRONG><a name="[128]"></a>__rt_lib_shutdown_user_alloc_1</STRONG> (Thumb, 0 bytes, Stack size unknown bytes, libshutdown2.o(.ARM.Collect$$libshutdown$$0000000B))

<P><STRONG><a name="[54]"></a>__rt_entry</STRONG> (Thumb, 0 bytes, Stack size unknown bytes, __rtentry.o(.ARM.Collect$$rtentry$$00000000))
<BR><BR>[Called By]<UL><LI><a href="#[55]">&gt;&gt;</a>&nbsp;&nbsp;&nbsp;__scatterload_rt2
<LI><a href="#[52]">&gt;&gt;</a>&nbsp;&nbsp;&nbsp;__main
</UL>

<P><STRONG><a name="[129]"></a>__rt_entry_presh_1</STRONG> (Thumb, 0 bytes, Stack size unknown bytes, __rtentry2.o(.ARM.Collect$$rtentry$$00000002))

<P><STRONG><a name="[5a]"></a>__rt_entry_sh</STRONG> (Thumb, 0 bytes, Stack size unknown bytes, __rtentry4.o(.ARM.Collect$$rtentry$$00000004))
<BR><BR>[Stack]<UL><LI>Max Depth = 8 + Unknown Stack Size
<LI>Call Chain = __rt_entry_sh &rArr; __user_setup_stackheap
</UL>
<BR>[Calls]<UL><LI><a href="#[5b]">&gt;&gt;</a>&nbsp;&nbsp;&nbsp;__user_setup_stackheap
</UL>

<P><STRONG><a name="[5c]"></a>__rt_entry_li</STRONG> (Thumb, 0 bytes, Stack size unknown bytes, __rtentry2.o(.ARM.Collect$$rtentry$$0000000A))
<BR><BR>[Calls]<UL><LI><a href="#[5d]">&gt;&gt;</a>&nbsp;&nbsp;&nbsp;__rt_lib_init
</UL>

<P><STRONG><a name="[12a]"></a>__rt_entry_postsh_1</STRONG> (Thumb, 0 bytes, Stack size unknown bytes, __rtentry2.o(.ARM.Collect$$rtentry$$00000009))

<P><STRONG><a name="[5e]"></a>__rt_entry_main</STRONG> (Thumb, 0 bytes, Stack size unknown bytes, __rtentry2.o(.ARM.Collect$$rtentry$$0000000D))
<BR><BR>[Stack]<UL><LI>Max Depth = 132 + Unknown Stack Size
<LI>Call Chain = __rt_entry_main &rArr; main &rArr; TestUI_Init &rArr; OLED_Init &rArr; OLEDI2C_Init &rArr; I2C_Init &rArr; RCC_GetClocksFreq
</UL>
<BR>[Calls]<UL><LI><a href="#[5f]">&gt;&gt;</a>&nbsp;&nbsp;&nbsp;main
<LI><a href="#[60]">&gt;&gt;</a>&nbsp;&nbsp;&nbsp;exit
</UL>

<P><STRONG><a name="[12b]"></a>__rt_entry_postli_1</STRONG> (Thumb, 0 bytes, Stack size unknown bytes, __rtentry2.o(.ARM.Collect$$rtentry$$0000000C))

<P><STRONG><a name="[79]"></a>__rt_exit</STRONG> (Thumb, 0 bytes, Stack size unknown bytes, rtexit.o(.ARM.Collect$$rtexit$$00000000))
<BR><BR>[Called By]<UL><LI><a href="#[60]">&gt;&gt;</a>&nbsp;&nbsp;&nbsp;exit
</UL>

<P><STRONG><a name="[61]"></a>__rt_exit_ls</STRONG> (Thumb, 0 bytes, Stack size unknown bytes, rtexit2.o(.ARM.Collect$$rtexit$$00000003))
<BR><BR>[Calls]<UL><LI><a href="#[62]">&gt;&gt;</a>&nbsp;&nbsp;&nbsp;__rt_lib_shutdown
</UL>

<P><STRONG><a name="[12c]"></a>__rt_exit_prels_1</STRONG> (Thumb, 0 bytes, Stack size unknown bytes, rtexit2.o(.ARM.Collect$$rtexit$$00000002))

<P><STRONG><a name="[63]"></a>__rt_exit_exit</STRONG> (Thumb, 0 bytes, Stack size unknown bytes, rtexit2.o(.ARM.Collect$$rtexit$$00000004))
<BR><BR>[Calls]<UL><LI><a href="#[64]">&gt;&gt;</a>&nbsp;&nbsp;&nbsp;_sys_exit
</UL>

<P><STRONG><a name="[4]"></a>Reset_Handler</STRONG> (Thumb, 8 bytes, Stack size 0 bytes, startup_stm32f10x_md.o(.text))
<BR>[Address Reference Count : 1]<UL><LI> startup_stm32f10x_md.o(RESET)
</UL>
<P><STRONG><a name="[20]"></a>ADC1_2_IRQHandler</STRONG> (Thumb, 0 bytes, Stack size 0 bytes, startup_stm32f10x_md.o(.text))
<BR><BR>[Calls]<UL><LI><a href="#[20]">&gt;&gt;</a>&nbsp;&nbsp;&nbsp;ADC1_2_IRQHandler
</UL>
<BR>[Called By]<UL><LI><a href="#[20]">&gt;&gt;</a>&nbsp;&nbsp;&nbsp;ADC1_2_IRQHandler
</UL>
<BR>[Address Reference Count : 1]<UL><LI> startup_stm32f10x_md.o(RESET)
</UL>
<P><STRONG><a name="[23]"></a>CAN1_RX1_IRQHandler</STRONG> (Thumb, 0 bytes, Stack size 0 bytes, startup_stm32f10x_md.o(.text))
<BR>[Address Reference Count : 1]<UL><LI> startup_stm32f10x_md.o(RESET)
</UL>
<P><STRONG><a name="[24]"></a>CAN1_SCE_IRQHandler</STRONG> (Thumb, 0 bytes, Stack size 0 bytes, startup_stm32f10x_md.o(.text))
<BR>[Address Reference Count : 1]<UL><LI> startup_stm32f10x_md.o(RESET)
</UL>
<P><STRONG><a name="[19]"></a>DMA1_Channel1_IRQHandler</STRONG> (Thumb, 0 bytes, Stack size 0 bytes, startup_stm32f10x_md.o(.text))
<BR>[Address Reference Count : 1]<UL><LI> startup_stm32f10x_md.o(RESET)
</UL>
<P><STRONG><a name="[1a]"></a>DMA1_Channel2_IRQHandler</STRONG> (Thumb, 0 bytes, Stack size 0 bytes, startup_stm32f10x_md.o(.text))
<BR>[Address Reference Count : 1]<UL><LI> startup_stm32f10x_md.o(RESET)
</UL>
<P><STRONG><a name="[1b]"></a>DMA1_Channel3_IRQHandler</STRONG> (Thumb, 0 bytes, Stack size 0 bytes, startup_stm32f10x_md.o(.text))
<BR>[Address Reference Count : 1]<UL><LI> startup_stm32f10x_md.o(RESET)
</UL>
<P><STRONG><a name="[1c]"></a>DMA1_Channel4_IRQHandler</STRONG> (Thumb, 0 bytes, Stack size 0 bytes, startup_stm32f10x_md.o(.text))
<BR>[Address Reference Count : 1]<UL><LI> startup_stm32f10x_md.o(RESET)
</UL>
<P><STRONG><a name="[1d]"></a>DMA1_Channel5_IRQHandler</STRONG> (Thumb, 0 bytes, Stack size 0 bytes, startup_stm32f10x_md.o(.text))
<BR>[Address Reference Count : 1]<UL><LI> startup_stm32f10x_md.o(RESET)
</UL>
<P><STRONG><a name="[1e]"></a>DMA1_Channel6_IRQHandler</STRONG> (Thumb, 0 bytes, Stack size 0 bytes, startup_stm32f10x_md.o(.text))
<BR>[Address Reference Count : 1]<UL><LI> startup_stm32f10x_md.o(RESET)
</UL>
<P><STRONG><a name="[1f]"></a>DMA1_Channel7_IRQHandler</STRONG> (Thumb, 0 bytes, Stack size 0 bytes, startup_stm32f10x_md.o(.text))
<BR>[Address Reference Count : 1]<UL><LI> startup_stm32f10x_md.o(RESET)
</UL>
<P><STRONG><a name="[14]"></a>EXTI0_IRQHandler</STRONG> (Thumb, 0 bytes, Stack size 0 bytes, startup_stm32f10x_md.o(.text))
<BR>[Address Reference Count : 1]<UL><LI> startup_stm32f10x_md.o(RESET)
</UL>
<P><STRONG><a name="[36]"></a>EXTI15_10_IRQHandler</STRONG> (Thumb, 0 bytes, Stack size 0 bytes, startup_stm32f10x_md.o(.text))
<BR>[Address Reference Count : 1]<UL><LI> startup_stm32f10x_md.o(RESET)
</UL>
<P><STRONG><a name="[15]"></a>EXTI1_IRQHandler</STRONG> (Thumb, 0 bytes, Stack size 0 bytes, startup_stm32f10x_md.o(.text))
<BR>[Address Reference Count : 1]<UL><LI> startup_stm32f10x_md.o(RESET)
</UL>
<P><STRONG><a name="[16]"></a>EXTI2_IRQHandler</STRONG> (Thumb, 0 bytes, Stack size 0 bytes, startup_stm32f10x_md.o(.text))
<BR>[Address Reference Count : 1]<UL><LI> startup_stm32f10x_md.o(RESET)
</UL>
<P><STRONG><a name="[17]"></a>EXTI3_IRQHandler</STRONG> (Thumb, 0 bytes, Stack size 0 bytes, startup_stm32f10x_md.o(.text))
<BR>[Address Reference Count : 1]<UL><LI> startup_stm32f10x_md.o(RESET)
</UL>
<P><STRONG><a name="[18]"></a>EXTI4_IRQHandler</STRONG> (Thumb, 0 bytes, Stack size 0 bytes, startup_stm32f10x_md.o(.text))
<BR>[Address Reference Count : 1]<UL><LI> startup_stm32f10x_md.o(RESET)
</UL>
<P><STRONG><a name="[25]"></a>EXTI9_5_IRQHandler</STRONG> (Thumb, 0 bytes, Stack size 0 bytes, startup_stm32f10x_md.o(.text))
<BR>[Address Reference Count : 1]<UL><LI> startup_stm32f10x_md.o(RESET)
</UL>
<P><STRONG><a name="[12]"></a>FLASH_IRQHandler</STRONG> (Thumb, 0 bytes, Stack size 0 bytes, startup_stm32f10x_md.o(.text))
<BR>[Address Reference Count : 1]<UL><LI> startup_stm32f10x_md.o(RESET)
</UL>
<P><STRONG><a name="[2e]"></a>I2C1_ER_IRQHandler</STRONG> (Thumb, 0 bytes, Stack size 0 bytes, startup_stm32f10x_md.o(.text))
<BR>[Address Reference Count : 1]<UL><LI> startup_stm32f10x_md.o(RESET)
</UL>
<P><STRONG><a name="[2d]"></a>I2C1_EV_IRQHandler</STRONG> (Thumb, 0 bytes, Stack size 0 bytes, startup_stm32f10x_md.o(.text))
<BR>[Address Reference Count : 1]<UL><LI> startup_stm32f10x_md.o(RESET)
</UL>
<P><STRONG><a name="[30]"></a>I2C2_ER_IRQHandler</STRONG> (Thumb, 0 bytes, Stack size 0 bytes, startup_stm32f10x_md.o(.text))
<BR>[Address Reference Count : 1]<UL><LI> startup_stm32f10x_md.o(RESET)
</UL>
<P><STRONG><a name="[2f]"></a>I2C2_EV_IRQHandler</STRONG> (Thumb, 0 bytes, Stack size 0 bytes, startup_stm32f10x_md.o(.text))
<BR>[Address Reference Count : 1]<UL><LI> startup_stm32f10x_md.o(RESET)
</UL>
<P><STRONG><a name="[f]"></a>PVD_IRQHandler</STRONG> (Thumb, 0 bytes, Stack size 0 bytes, startup_stm32f10x_md.o(.text))
<BR>[Address Reference Count : 1]<UL><LI> startup_stm32f10x_md.o(RESET)
</UL>
<P><STRONG><a name="[13]"></a>RCC_IRQHandler</STRONG> (Thumb, 0 bytes, Stack size 0 bytes, startup_stm32f10x_md.o(.text))
<BR>[Address Reference Count : 1]<UL><LI> startup_stm32f10x_md.o(RESET)
</UL>
<P><STRONG><a name="[37]"></a>RTCAlarm_IRQHandler</STRONG> (Thumb, 0 bytes, Stack size 0 bytes, startup_stm32f10x_md.o(.text))
<BR>[Address Reference Count : 1]<UL><LI> startup_stm32f10x_md.o(RESET)
</UL>
<P><STRONG><a name="[31]"></a>SPI1_IRQHandler</STRONG> (Thumb, 0 bytes, Stack size 0 bytes, startup_stm32f10x_md.o(.text))
<BR>[Address Reference Count : 1]<UL><LI> startup_stm32f10x_md.o(RESET)
</UL>
<P><STRONG><a name="[32]"></a>SPI2_IRQHandler</STRONG> (Thumb, 0 bytes, Stack size 0 bytes, startup_stm32f10x_md.o(.text))
<BR>[Address Reference Count : 1]<UL><LI> startup_stm32f10x_md.o(RESET)
</UL>
<P><STRONG><a name="[10]"></a>TAMPER_IRQHandler</STRONG> (Thumb, 0 bytes, Stack size 0 bytes, startup_stm32f10x_md.o(.text))
<BR>[Address Reference Count : 1]<UL><LI> startup_stm32f10x_md.o(RESET)
</UL>
<P><STRONG><a name="[26]"></a>TIM1_BRK_IRQHandler</STRONG> (Thumb, 0 bytes, Stack size 0 bytes, startup_stm32f10x_md.o(.text))
<BR>[Address Reference Count : 1]<UL><LI> startup_stm32f10x_md.o(RESET)
</UL>
<P><STRONG><a name="[29]"></a>TIM1_CC_IRQHandler</STRONG> (Thumb, 0 bytes, Stack size 0 bytes, startup_stm32f10x_md.o(.text))
<BR>[Address Reference Count : 1]<UL><LI> startup_stm32f10x_md.o(RESET)
</UL>
<P><STRONG><a name="[28]"></a>TIM1_TRG_COM_IRQHandler</STRONG> (Thumb, 0 bytes, Stack size 0 bytes, startup_stm32f10x_md.o(.text))
<BR>[Address Reference Count : 1]<UL><LI> startup_stm32f10x_md.o(RESET)
</UL>
<P><STRONG><a name="[27]"></a>TIM1_UP_IRQHandler</STRONG> (Thumb, 0 bytes, Stack size 0 bytes, startup_stm32f10x_md.o(.text))
<BR>[Address Reference Count : 1]<UL><LI> startup_stm32f10x_md.o(RESET)
</UL>
<P><STRONG><a name="[2a]"></a>TIM2_IRQHandler</STRONG> (Thumb, 0 bytes, Stack size 0 bytes, startup_stm32f10x_md.o(.text))
<BR>[Address Reference Count : 1]<UL><LI> startup_stm32f10x_md.o(RESET)
</UL>
<P><STRONG><a name="[2b]"></a>TIM3_IRQHandler</STRONG> (Thumb, 0 bytes, Stack size 0 bytes, startup_stm32f10x_md.o(.text))
<BR>[Address Reference Count : 1]<UL><LI> startup_stm32f10x_md.o(RESET)
</UL>
<P><STRONG><a name="[2c]"></a>TIM4_IRQHandler</STRONG> (Thumb, 0 bytes, Stack size 0 bytes, startup_stm32f10x_md.o(.text))
<BR>[Address Reference Count : 1]<UL><LI> startup_stm32f10x_md.o(RESET)
</UL>
<P><STRONG><a name="[33]"></a>USART1_IRQHandler</STRONG> (Thumb, 0 bytes, Stack size 0 bytes, startup_stm32f10x_md.o(.text))
<BR>[Address Reference Count : 1]<UL><LI> startup_stm32f10x_md.o(RESET)
</UL>
<P><STRONG><a name="[34]"></a>USART2_IRQHandler</STRONG> (Thumb, 0 bytes, Stack size 0 bytes, startup_stm32f10x_md.o(.text))
<BR>[Address Reference Count : 1]<UL><LI> startup_stm32f10x_md.o(RESET)
</UL>
<P><STRONG><a name="[35]"></a>USART3_IRQHandler</STRONG> (Thumb, 0 bytes, Stack size 0 bytes, startup_stm32f10x_md.o(.text))
<BR>[Address Reference Count : 1]<UL><LI> startup_stm32f10x_md.o(RESET)
</UL>
<P><STRONG><a name="[38]"></a>USBWakeUp_IRQHandler</STRONG> (Thumb, 0 bytes, Stack size 0 bytes, startup_stm32f10x_md.o(.text))
<BR>[Address Reference Count : 1]<UL><LI> startup_stm32f10x_md.o(RESET)
</UL>
<P><STRONG><a name="[21]"></a>USB_HP_CAN1_TX_IRQHandler</STRONG> (Thumb, 0 bytes, Stack size 0 bytes, startup_stm32f10x_md.o(.text))
<BR>[Address Reference Count : 1]<UL><LI> startup_stm32f10x_md.o(RESET)
</UL>
<P><STRONG><a name="[22]"></a>USB_LP_CAN1_RX0_IRQHandler</STRONG> (Thumb, 0 bytes, Stack size 0 bytes, startup_stm32f10x_md.o(.text))
<BR>[Address Reference Count : 1]<UL><LI> startup_stm32f10x_md.o(RESET)
</UL>
<P><STRONG><a name="[e]"></a>WWDG_IRQHandler</STRONG> (Thumb, 0 bytes, Stack size 0 bytes, startup_stm32f10x_md.o(.text))
<BR>[Address Reference Count : 1]<UL><LI> startup_stm32f10x_md.o(RESET)
</UL>
<P><STRONG><a name="[78]"></a>__user_initial_stackheap</STRONG> (Thumb, 0 bytes, Stack size unknown bytes, startup_stm32f10x_md.o(.text))
<BR><BR>[Called By]<UL><LI><a href="#[5b]">&gt;&gt;</a>&nbsp;&nbsp;&nbsp;__user_setup_stackheap
</UL>

<P><STRONG><a name="[65]"></a>__2sprintf</STRONG> (Thumb, 34 bytes, Stack size 32 bytes, noretval__2sprintf.o(.text))
<BR><BR>[Stack]<UL><LI>Max Depth = 136 + Unknown Stack Size
<LI>Call Chain = __2sprintf &rArr; _printf_char_common &rArr; __printf
</UL>
<BR>[Calls]<UL><LI><a href="#[3b]">&gt;&gt;</a>&nbsp;&nbsp;&nbsp;_sputc
<LI><a href="#[66]">&gt;&gt;</a>&nbsp;&nbsp;&nbsp;_printf_char_common
</UL>
<BR>[Called By]<UL><LI><a href="#[51]">&gt;&gt;</a>&nbsp;&nbsp;&nbsp;Ring_CallBack
<LI><a href="#[db]">&gt;&gt;</a>&nbsp;&nbsp;&nbsp;itoa
<LI><a href="#[bc]">&gt;&gt;</a>&nbsp;&nbsp;&nbsp;OLED_DigitalCreateText
</UL>

<P><STRONG><a name="[68]"></a>_printf_pre_padding</STRONG> (Thumb, 44 bytes, Stack size 16 bytes, _printf_pad.o(.text))
<BR><BR>[Stack]<UL><LI>Max Depth = 16<LI>Call Chain = _printf_pre_padding
</UL>
<BR>[Called By]<UL><LI><a href="#[67]">&gt;&gt;</a>&nbsp;&nbsp;&nbsp;_printf_str
<LI><a href="#[6a]">&gt;&gt;</a>&nbsp;&nbsp;&nbsp;_printf_int_common
</UL>

<P><STRONG><a name="[69]"></a>_printf_post_padding</STRONG> (Thumb, 34 bytes, Stack size 16 bytes, _printf_pad.o(.text))
<BR><BR>[Stack]<UL><LI>Max Depth = 16<LI>Call Chain = _printf_post_padding
</UL>
<BR>[Called By]<UL><LI><a href="#[67]">&gt;&gt;</a>&nbsp;&nbsp;&nbsp;_printf_str
<LI><a href="#[6a]">&gt;&gt;</a>&nbsp;&nbsp;&nbsp;_printf_int_common
</UL>

<P><STRONG><a name="[67]"></a>_printf_str</STRONG> (Thumb, 82 bytes, Stack size 16 bytes, _printf_str.o(.text))
<BR><BR>[Stack]<UL><LI>Max Depth = 32<LI>Call Chain = _printf_str &rArr; _printf_post_padding
</UL>
<BR>[Calls]<UL><LI><a href="#[69]">&gt;&gt;</a>&nbsp;&nbsp;&nbsp;_printf_post_padding
<LI><a href="#[68]">&gt;&gt;</a>&nbsp;&nbsp;&nbsp;_printf_pre_padding
</UL>
<BR>[Called By]<UL><LI><a href="#[74]">&gt;&gt;</a>&nbsp;&nbsp;&nbsp;_printf_cs_common
</UL>

<P><STRONG><a name="[57]"></a>_printf_int_dec</STRONG> (Thumb, 104 bytes, Stack size 24 bytes, _printf_dec.o(.text))
<BR><BR>[Stack]<UL><LI>Max Depth = 72<LI>Call Chain = _printf_int_dec &rArr; _printf_int_common &rArr; _printf_post_padding
</UL>
<BR>[Calls]<UL><LI><a href="#[6a]">&gt;&gt;</a>&nbsp;&nbsp;&nbsp;_printf_int_common
</UL>
<BR>[Called By]<UL><LI><a href="#[56]">&gt;&gt;</a>&nbsp;&nbsp;&nbsp;_printf_d
</UL>

<P><STRONG><a name="[6b]"></a>__printf</STRONG> (Thumb, 308 bytes, Stack size 40 bytes, __printf_flags_wp.o(.text))
<BR><BR>[Stack]<UL><LI>Max Depth = 40 + Unknown Stack Size
<LI>Call Chain = __printf
</UL>
<BR>[Calls]<UL><LI><a href="#[6d]">&gt;&gt;</a>&nbsp;&nbsp;&nbsp;_printf_percent
<LI><a href="#[6c]">&gt;&gt;</a>&nbsp;&nbsp;&nbsp;_is_digit
</UL>
<BR>[Called By]<UL><LI><a href="#[66]">&gt;&gt;</a>&nbsp;&nbsp;&nbsp;_printf_char_common
</UL>

<P><STRONG><a name="[c8]"></a>strlen</STRONG> (Thumb, 62 bytes, Stack size 8 bytes, strlen.o(.text))
<BR><BR>[Stack]<UL><LI>Max Depth = 8<LI>Call Chain = strlen
</UL>
<BR>[Called By]<UL><LI><a href="#[b9]">&gt;&gt;</a>&nbsp;&nbsp;&nbsp;OLED_GetStrWidth
</UL>

<P><STRONG><a name="[b2]"></a>__aeabi_memclr</STRONG> (Thumb, 0 bytes, Stack size 0 bytes, rt_memclr.o(.text))
<BR><BR>[Called By]<UL><LI><a href="#[b1]">&gt;&gt;</a>&nbsp;&nbsp;&nbsp;OLED_ClearBuff
</UL>

<P><STRONG><a name="[6e]"></a>__rt_memclr</STRONG> (Thumb, 68 bytes, Stack size 0 bytes, rt_memclr.o(.text), UNUSED)
<BR><BR>[Calls]<UL><LI><a href="#[6f]">&gt;&gt;</a>&nbsp;&nbsp;&nbsp;_memset_w
</UL>

<P><STRONG><a name="[12d]"></a>_memset</STRONG> (Thumb, 0 bytes, Stack size unknown bytes, rt_memclr.o(.text), UNUSED)

<P><STRONG><a name="[76]"></a>__aeabi_memclr4</STRONG> (Thumb, 0 bytes, Stack size 4 bytes, rt_memclr_w.o(.text))
<BR><BR>[Stack]<UL><LI>Max Depth = 4<LI>Call Chain = __aeabi_memclr4
</UL>
<BR>[Called By]<UL><LI><a href="#[db]">&gt;&gt;</a>&nbsp;&nbsp;&nbsp;itoa
<LI><a href="#[bc]">&gt;&gt;</a>&nbsp;&nbsp;&nbsp;OLED_DigitalCreateText
<LI><a href="#[71]">&gt;&gt;</a>&nbsp;&nbsp;&nbsp;_localtime_r
</UL>

<P><STRONG><a name="[12e]"></a>__aeabi_memclr8</STRONG> (Thumb, 0 bytes, Stack size 4 bytes, rt_memclr_w.o(.text), UNUSED)

<P><STRONG><a name="[12f]"></a>__rt_memclr_w</STRONG> (Thumb, 78 bytes, Stack size 4 bytes, rt_memclr_w.o(.text), UNUSED)

<P><STRONG><a name="[6f]"></a>_memset_w</STRONG> (Thumb, 0 bytes, Stack size unknown bytes, rt_memclr_w.o(.text), UNUSED)
<BR><BR>[Called By]<UL><LI><a href="#[6e]">&gt;&gt;</a>&nbsp;&nbsp;&nbsp;__rt_memclr
</UL>

<P><STRONG><a name="[7b]"></a>strcmp</STRONG> (Thumb, 128 bytes, Stack size 0 bytes, strcmpv7m.o(.text))
<BR><BR>[Called By]<UL><LI><a href="#[4f]">&gt;&gt;</a>&nbsp;&nbsp;&nbsp;Alarm12_CallBack
</UL>

<P><STRONG><a name="[70]"></a>localtime</STRONG> (Thumb, 6 bytes, Stack size 0 bytes, localtime.o(.text))
<BR><BR>[Stack]<UL><LI>Max Depth = 20<LI>Call Chain = localtime &rArr; _localtime_r &rArr; __aeabi_memclr4
</UL>
<BR>[Calls]<UL><LI><a href="#[71]">&gt;&gt;</a>&nbsp;&nbsp;&nbsp;_localtime_r
</UL>
<BR>[Called By]<UL><LI><a href="#[9f]">&gt;&gt;</a>&nbsp;&nbsp;&nbsp;MyRTC_ReadTime
</UL>

<P><STRONG><a name="[72]"></a>mktime</STRONG> (Thumb, 352 bytes, Stack size 56 bytes, mktime.o(.text))
<BR><BR>[Stack]<UL><LI>Max Depth = 64<LI>Call Chain = mktime &rArr; _tm_carry
</UL>
<BR>[Calls]<UL><LI><a href="#[73]">&gt;&gt;</a>&nbsp;&nbsp;&nbsp;_tm_carry
</UL>
<BR>[Called By]<UL><LI><a href="#[a1]">&gt;&gt;</a>&nbsp;&nbsp;&nbsp;MyRTC_SetTime
<LI><a href="#[8c]">&gt;&gt;</a>&nbsp;&nbsp;&nbsp;MyRTC_AlarmSet
</UL>

<P><STRONG><a name="[130]"></a>__use_two_region_memory</STRONG> (Thumb, 2 bytes, Stack size 0 bytes, heapauxi.o(.text), UNUSED)

<P><STRONG><a name="[131]"></a>__rt_heap_escrow$2region</STRONG> (Thumb, 2 bytes, Stack size 0 bytes, heapauxi.o(.text), UNUSED)

<P><STRONG><a name="[132]"></a>__rt_heap_expand$2region</STRONG> (Thumb, 2 bytes, Stack size 0 bytes, heapauxi.o(.text), UNUSED)

<P><STRONG><a name="[6a]"></a>_printf_int_common</STRONG> (Thumb, 178 bytes, Stack size 32 bytes, _printf_intcommon.o(.text))
<BR><BR>[Stack]<UL><LI>Max Depth = 48<LI>Call Chain = _printf_int_common &rArr; _printf_post_padding
</UL>
<BR>[Calls]<UL><LI><a href="#[69]">&gt;&gt;</a>&nbsp;&nbsp;&nbsp;_printf_post_padding
<LI><a href="#[68]">&gt;&gt;</a>&nbsp;&nbsp;&nbsp;_printf_pre_padding
</UL>
<BR>[Called By]<UL><LI><a href="#[57]">&gt;&gt;</a>&nbsp;&nbsp;&nbsp;_printf_int_dec
</UL>

<P><STRONG><a name="[66]"></a>_printf_char_common</STRONG> (Thumb, 32 bytes, Stack size 64 bytes, _printf_char_common.o(.text))
<BR><BR>[Stack]<UL><LI>Max Depth = 104 + Unknown Stack Size
<LI>Call Chain = _printf_char_common &rArr; __printf
</UL>
<BR>[Calls]<UL><LI><a href="#[6b]">&gt;&gt;</a>&nbsp;&nbsp;&nbsp;__printf
</UL>
<BR>[Called By]<UL><LI><a href="#[65]">&gt;&gt;</a>&nbsp;&nbsp;&nbsp;__2sprintf
</UL>

<P><STRONG><a name="[3b]"></a>_sputc</STRONG> (Thumb, 10 bytes, Stack size 0 bytes, _sputc.o(.text))
<BR><BR>[Called By]<UL><LI><a href="#[65]">&gt;&gt;</a>&nbsp;&nbsp;&nbsp;__2sprintf
</UL>
<BR>[Address Reference Count : 1]<UL><LI> noretval__2sprintf.o(.text)
</UL>
<P><STRONG><a name="[74]"></a>_printf_cs_common</STRONG> (Thumb, 20 bytes, Stack size 8 bytes, _printf_char.o(.text))
<BR><BR>[Stack]<UL><LI>Max Depth = 40<LI>Call Chain = _printf_cs_common &rArr; _printf_str &rArr; _printf_post_padding
</UL>
<BR>[Calls]<UL><LI><a href="#[67]">&gt;&gt;</a>&nbsp;&nbsp;&nbsp;_printf_str
</UL>
<BR>[Called By]<UL><LI><a href="#[75]">&gt;&gt;</a>&nbsp;&nbsp;&nbsp;_printf_string
<LI><a href="#[59]">&gt;&gt;</a>&nbsp;&nbsp;&nbsp;_printf_char
</UL>

<P><STRONG><a name="[59]"></a>_printf_char</STRONG> (Thumb, 16 bytes, Stack size 0 bytes, _printf_char.o(.text))
<BR><BR>[Stack]<UL><LI>Max Depth = 40<LI>Call Chain = _printf_char &rArr; _printf_cs_common &rArr; _printf_str &rArr; _printf_post_padding
</UL>
<BR>[Calls]<UL><LI><a href="#[74]">&gt;&gt;</a>&nbsp;&nbsp;&nbsp;_printf_cs_common
</UL>
<BR>[Called By]<UL><LI><a href="#[58]">&gt;&gt;</a>&nbsp;&nbsp;&nbsp;_printf_c
</UL>

<P><STRONG><a name="[75]"></a>_printf_string</STRONG> (Thumb, 8 bytes, Stack size 0 bytes, _printf_char.o(.text), UNUSED)
<BR><BR>[Calls]<UL><LI><a href="#[74]">&gt;&gt;</a>&nbsp;&nbsp;&nbsp;_printf_cs_common
</UL>

<P><STRONG><a name="[71]"></a>_localtime_r</STRONG> (Thumb, 178 bytes, Stack size 16 bytes, localtime_internal.o(.text))
<BR><BR>[Stack]<UL><LI>Max Depth = 20<LI>Call Chain = _localtime_r &rArr; __aeabi_memclr4
</UL>
<BR>[Calls]<UL><LI><a href="#[76]">&gt;&gt;</a>&nbsp;&nbsp;&nbsp;__aeabi_memclr4
</UL>
<BR>[Called By]<UL><LI><a href="#[70]">&gt;&gt;</a>&nbsp;&nbsp;&nbsp;localtime
</UL>

<P><STRONG><a name="[133]"></a>_n$localtime_r</STRONG> (Thumb, 0 bytes, Stack size 16 bytes, localtime_internal.o(.text), UNUSED)

<P><STRONG><a name="[134]"></a>__user_libspace</STRONG> (Thumb, 8 bytes, Stack size 0 bytes, libspace.o(.text), UNUSED)

<P><STRONG><a name="[77]"></a>__user_perproc_libspace</STRONG> (Thumb, 0 bytes, Stack size 0 bytes, libspace.o(.text))
<BR><BR>[Called By]<UL><LI><a href="#[5b]">&gt;&gt;</a>&nbsp;&nbsp;&nbsp;__user_setup_stackheap
</UL>

<P><STRONG><a name="[135]"></a>__user_perthread_libspace</STRONG> (Thumb, 0 bytes, Stack size 0 bytes, libspace.o(.text), UNUSED)

<P><STRONG><a name="[5b]"></a>__user_setup_stackheap</STRONG> (Thumb, 74 bytes, Stack size 8 bytes, sys_stackheap_outer.o(.text))
<BR><BR>[Stack]<UL><LI>Max Depth = 8 + Unknown Stack Size
<LI>Call Chain = __user_setup_stackheap
</UL>
<BR>[Calls]<UL><LI><a href="#[78]">&gt;&gt;</a>&nbsp;&nbsp;&nbsp;__user_initial_stackheap
<LI><a href="#[77]">&gt;&gt;</a>&nbsp;&nbsp;&nbsp;__user_perproc_libspace
</UL>
<BR>[Called By]<UL><LI><a href="#[5a]">&gt;&gt;</a>&nbsp;&nbsp;&nbsp;__rt_entry_sh
</UL>

<P><STRONG><a name="[60]"></a>exit</STRONG> (Thumb, 12 bytes, Stack size 0 bytes, exit.o(.text))
<BR><BR>[Calls]<UL><LI><a href="#[79]">&gt;&gt;</a>&nbsp;&nbsp;&nbsp;__rt_exit
</UL>
<BR>[Called By]<UL><LI><a href="#[5e]">&gt;&gt;</a>&nbsp;&nbsp;&nbsp;__rt_entry_main
</UL>

<P><STRONG><a name="[64]"></a>_sys_exit</STRONG> (Thumb, 8 bytes, Stack size 0 bytes, sys_exit.o(.text))
<BR><BR>[Called By]<UL><LI><a href="#[63]">&gt;&gt;</a>&nbsp;&nbsp;&nbsp;__rt_exit_exit
</UL>

<P><STRONG><a name="[136]"></a>__I$use$semihosting</STRONG> (Thumb, 0 bytes, Stack size 0 bytes, use_no_semi.o(.text), UNUSED)

<P><STRONG><a name="[137]"></a>__use_no_semihosting_swi</STRONG> (Thumb, 2 bytes, Stack size 0 bytes, use_no_semi.o(.text), UNUSED)

<P><STRONG><a name="[138]"></a>__semihosting_library_function</STRONG> (Thumb, 0 bytes, Stack size unknown bytes, indicate_semi.o(.text), UNUSED)

<P><STRONG><a name="[50]"></a>About_CallBack</STRONG> (Thumb, 70 bytes, Stack size 32 bytes, testui.o(i.About_CallBack))
<BR><BR>[Stack]<UL><LI>Max Depth = 148<LI>Call Chain = About_CallBack &rArr; OLED_WinDrawStr &rArr; OLED_WinDrawASCII &rArr; OLED_WinWriteByte &rArr; OLED_BuffWriteByte
</UL>
<BR>[Calls]<UL><LI><a href="#[7a]">&gt;&gt;</a>&nbsp;&nbsp;&nbsp;OLED_WinDrawStr
</UL>
<BR>[Address Reference Count : 1]<UL><LI> testui.o(i.TestUI_Init)
</UL>
<P><STRONG><a name="[4f]"></a>Alarm12_CallBack</STRONG> (Thumb, 138 bytes, Stack size 24 bytes, testui.o(i.Alarm12_CallBack))
<BR><BR>[Stack]<UL><LI>Max Depth = 76<LI>Call Chain = Alarm12_CallBack &rArr; OLED_DigitalPage_UpdateDigitalNumAnimation &rArr; OLED_DigitalSetValAnim
</UL>
<BR>[Calls]<UL><LI><a href="#[7c]">&gt;&gt;</a>&nbsp;&nbsp;&nbsp;OLED_DigitalPage_UpdateDigitalNumAnimation
<LI><a href="#[7b]">&gt;&gt;</a>&nbsp;&nbsp;&nbsp;strcmp
</UL>
<BR>[Address Reference Count : 1]<UL><LI> testui.o(i.TestUI_Init)
</UL>
<P><STRONG><a name="[92]"></a>BKP_ReadBackupRegister</STRONG> (Thumb, 24 bytes, Stack size 8 bytes, stm32f10x_bkp.o(i.BKP_ReadBackupRegister))
<BR><BR>[Stack]<UL><LI>Max Depth = 8<LI>Call Chain = BKP_ReadBackupRegister
</UL>
<BR>[Called By]<UL><LI><a href="#[8f]">&gt;&gt;</a>&nbsp;&nbsp;&nbsp;MyRTC_Init
</UL>

<P><STRONG><a name="[9a]"></a>BKP_WriteBackupRegister</STRONG> (Thumb, 22 bytes, Stack size 8 bytes, stm32f10x_bkp.o(i.BKP_WriteBackupRegister))
<BR><BR>[Stack]<UL><LI>Max Depth = 8<LI>Call Chain = BKP_WriteBackupRegister
</UL>
<BR>[Called By]<UL><LI><a href="#[8f]">&gt;&gt;</a>&nbsp;&nbsp;&nbsp;MyRTC_Init
</UL>

<P><STRONG><a name="[8]"></a>BusFault_Handler</STRONG> (Thumb, 4 bytes, Stack size 0 bytes, stm32f10x_it.o(i.BusFault_Handler))
<BR>[Address Reference Count : 1]<UL><LI> startup_stm32f10x_md.o(RESET)
</UL>
<P><STRONG><a name="[7d]"></a>Buzzer_Init</STRONG> (Thumb, 46 bytes, Stack size 8 bytes, buzzer.o(i.Buzzer_Init))
<BR><BR>[Stack]<UL><LI>Max Depth = 32<LI>Call Chain = Buzzer_Init &rArr; GPIO_Init
</UL>
<BR>[Calls]<UL><LI><a href="#[80]">&gt;&gt;</a>&nbsp;&nbsp;&nbsp;GPIO_SetBits
<LI><a href="#[7f]">&gt;&gt;</a>&nbsp;&nbsp;&nbsp;GPIO_Init
<LI><a href="#[7e]">&gt;&gt;</a>&nbsp;&nbsp;&nbsp;RCC_APB2PeriphClockCmd
</UL>
<BR>[Called By]<UL><LI><a href="#[5f]">&gt;&gt;</a>&nbsp;&nbsp;&nbsp;main
</UL>

<P><STRONG><a name="[81]"></a>Buzzer_OFF</STRONG> (Thumb, 12 bytes, Stack size 8 bytes, buzzer.o(i.Buzzer_OFF))
<BR><BR>[Stack]<UL><LI>Max Depth = 8<LI>Call Chain = Buzzer_OFF
</UL>
<BR>[Calls]<UL><LI><a href="#[80]">&gt;&gt;</a>&nbsp;&nbsp;&nbsp;GPIO_SetBits
</UL>
<BR>[Called By]<UL><LI><a href="#[5f]">&gt;&gt;</a>&nbsp;&nbsp;&nbsp;main
</UL>

<P><STRONG><a name="[82]"></a>Buzzer_ON</STRONG> (Thumb, 12 bytes, Stack size 8 bytes, buzzer.o(i.Buzzer_ON))
<BR><BR>[Stack]<UL><LI>Max Depth = 8<LI>Call Chain = Buzzer_ON
</UL>
<BR>[Calls]<UL><LI><a href="#[83]">&gt;&gt;</a>&nbsp;&nbsp;&nbsp;GPIO_ResetBits
</UL>
<BR>[Called By]<UL><LI><a href="#[11]">&gt;&gt;</a>&nbsp;&nbsp;&nbsp;RTC_IRQHandler
</UL>

<P><STRONG><a name="[4d]"></a>CalendarPage_CallBack</STRONG> (Thumb, 108 bytes, Stack size 32 bytes, testui.o(i.CalendarPage_CallBack))
<BR><BR>[Stack]<UL><LI>Max Depth = 84<LI>Call Chain = CalendarPage_CallBack &rArr; OLED_DigitalPage_UpdateDigitalNumAnimation &rArr; OLED_DigitalSetValAnim
</UL>
<BR>[Calls]<UL><LI><a href="#[7c]">&gt;&gt;</a>&nbsp;&nbsp;&nbsp;OLED_DigitalPage_UpdateDigitalNumAnimation
</UL>
<BR>[Address Reference Count : 1]<UL><LI> testui.o(i.TestUI_Init)
</UL>
<P><STRONG><a name="[4e]"></a>ClockPage_CallBack</STRONG> (Thumb, 20 bytes, Stack size 0 bytes, testui.o(i.ClockPage_CallBack))
<BR>[Address Reference Count : 1]<UL><LI> testui.o(i.TestUI_Init)
</UL>
<P><STRONG><a name="[b]"></a>DebugMon_Handler</STRONG> (Thumb, 2 bytes, Stack size 0 bytes, stm32f10x_it.o(i.DebugMon_Handler))
<BR>[Address Reference Count : 1]<UL><LI> startup_stm32f10x_md.o(RESET)
</UL>
<P><STRONG><a name="[84]"></a>Delay_ms</STRONG> (Thumb, 24 bytes, Stack size 4 bytes, delay.o(i.Delay_ms))
<BR><BR>[Stack]<UL><LI>Max Depth = 4<LI>Call Chain = Delay_ms
</UL>
<BR>[Calls]<UL><LI><a href="#[85]">&gt;&gt;</a>&nbsp;&nbsp;&nbsp;Delay_us
</UL>
<BR>[Called By]<UL><LI><a href="#[ec]">&gt;&gt;</a>&nbsp;&nbsp;&nbsp;TestUI_Init
<LI><a href="#[88]">&gt;&gt;</a>&nbsp;&nbsp;&nbsp;Key_GetNum
</UL>

<P><STRONG><a name="[85]"></a>Delay_us</STRONG> (Thumb, 46 bytes, Stack size 0 bytes, delay.o(i.Delay_us))
<BR><BR>[Called By]<UL><LI><a href="#[84]">&gt;&gt;</a>&nbsp;&nbsp;&nbsp;Delay_ms
</UL>

<P><STRONG><a name="[7f]"></a>GPIO_Init</STRONG> (Thumb, 278 bytes, Stack size 24 bytes, stm32f10x_gpio.o(i.GPIO_Init))
<BR><BR>[Stack]<UL><LI>Max Depth = 24<LI>Call Chain = GPIO_Init
</UL>
<BR>[Called By]<UL><LI><a href="#[7d]">&gt;&gt;</a>&nbsp;&nbsp;&nbsp;Buzzer_Init
<LI><a href="#[a2]">&gt;&gt;</a>&nbsp;&nbsp;&nbsp;OLEDI2C_Init
<LI><a href="#[8a]">&gt;&gt;</a>&nbsp;&nbsp;&nbsp;Key_Init
</UL>

<P><STRONG><a name="[89]"></a>GPIO_ReadInputDataBit</STRONG> (Thumb, 18 bytes, Stack size 0 bytes, stm32f10x_gpio.o(i.GPIO_ReadInputDataBit))
<BR><BR>[Called By]<UL><LI><a href="#[88]">&gt;&gt;</a>&nbsp;&nbsp;&nbsp;Key_GetNum
</UL>

<P><STRONG><a name="[83]"></a>GPIO_ResetBits</STRONG> (Thumb, 4 bytes, Stack size 0 bytes, stm32f10x_gpio.o(i.GPIO_ResetBits))
<BR><BR>[Called By]<UL><LI><a href="#[82]">&gt;&gt;</a>&nbsp;&nbsp;&nbsp;Buzzer_ON
</UL>

<P><STRONG><a name="[80]"></a>GPIO_SetBits</STRONG> (Thumb, 4 bytes, Stack size 0 bytes, stm32f10x_gpio.o(i.GPIO_SetBits))
<BR><BR>[Called By]<UL><LI><a href="#[81]">&gt;&gt;</a>&nbsp;&nbsp;&nbsp;Buzzer_OFF
<LI><a href="#[7d]">&gt;&gt;</a>&nbsp;&nbsp;&nbsp;Buzzer_Init
</UL>

<P><STRONG><a name="[6]"></a>HardFault_Handler</STRONG> (Thumb, 4 bytes, Stack size 0 bytes, stm32f10x_it.o(i.HardFault_Handler))
<BR>[Address Reference Count : 1]<UL><LI> startup_stm32f10x_md.o(RESET)
</UL>
<P><STRONG><a name="[e1]"></a>I2C_CheckEvent</STRONG> (Thumb, 42 bytes, Stack size 16 bytes, stm32f10x_i2c.o(i.I2C_CheckEvent))
<BR><BR>[Stack]<UL><LI>Max Depth = 16<LI>Call Chain = I2C_CheckEvent
</UL>
<BR>[Called By]<UL><LI><a href="#[b0]">&gt;&gt;</a>&nbsp;&nbsp;&nbsp;OLED_WriteData
<LI><a href="#[ca]">&gt;&gt;</a>&nbsp;&nbsp;&nbsp;OLED_WriteCommand
</UL>

<P><STRONG><a name="[a3]"></a>I2C_Cmd</STRONG> (Thumb, 24 bytes, Stack size 0 bytes, stm32f10x_i2c.o(i.I2C_Cmd))
<BR><BR>[Called By]<UL><LI><a href="#[a2]">&gt;&gt;</a>&nbsp;&nbsp;&nbsp;OLEDI2C_Init
</UL>

<P><STRONG><a name="[e0]"></a>I2C_GenerateSTART</STRONG> (Thumb, 24 bytes, Stack size 0 bytes, stm32f10x_i2c.o(i.I2C_GenerateSTART))
<BR><BR>[Called By]<UL><LI><a href="#[b0]">&gt;&gt;</a>&nbsp;&nbsp;&nbsp;OLED_WriteData
<LI><a href="#[ca]">&gt;&gt;</a>&nbsp;&nbsp;&nbsp;OLED_WriteCommand
</UL>

<P><STRONG><a name="[e4]"></a>I2C_GenerateSTOP</STRONG> (Thumb, 24 bytes, Stack size 0 bytes, stm32f10x_i2c.o(i.I2C_GenerateSTOP))
<BR><BR>[Called By]<UL><LI><a href="#[b0]">&gt;&gt;</a>&nbsp;&nbsp;&nbsp;OLED_WriteData
<LI><a href="#[ca]">&gt;&gt;</a>&nbsp;&nbsp;&nbsp;OLED_WriteCommand
</UL>

<P><STRONG><a name="[86]"></a>I2C_Init</STRONG> (Thumb, 222 bytes, Stack size 48 bytes, stm32f10x_i2c.o(i.I2C_Init))
<BR><BR>[Stack]<UL><LI>Max Depth = 60<LI>Call Chain = I2C_Init &rArr; RCC_GetClocksFreq
</UL>
<BR>[Calls]<UL><LI><a href="#[87]">&gt;&gt;</a>&nbsp;&nbsp;&nbsp;RCC_GetClocksFreq
</UL>
<BR>[Called By]<UL><LI><a href="#[a2]">&gt;&gt;</a>&nbsp;&nbsp;&nbsp;OLEDI2C_Init
</UL>

<P><STRONG><a name="[e2]"></a>I2C_Send7bitAddress</STRONG> (Thumb, 18 bytes, Stack size 0 bytes, stm32f10x_i2c.o(i.I2C_Send7bitAddress))
<BR><BR>[Called By]<UL><LI><a href="#[b0]">&gt;&gt;</a>&nbsp;&nbsp;&nbsp;OLED_WriteData
<LI><a href="#[ca]">&gt;&gt;</a>&nbsp;&nbsp;&nbsp;OLED_WriteCommand
</UL>

<P><STRONG><a name="[e3]"></a>I2C_SendData</STRONG> (Thumb, 4 bytes, Stack size 0 bytes, stm32f10x_i2c.o(i.I2C_SendData))
<BR><BR>[Called By]<UL><LI><a href="#[b0]">&gt;&gt;</a>&nbsp;&nbsp;&nbsp;OLED_WriteData
<LI><a href="#[ca]">&gt;&gt;</a>&nbsp;&nbsp;&nbsp;OLED_WriteCommand
</UL>

<P><STRONG><a name="[88]"></a>Key_GetNum</STRONG> (Thumb, 174 bytes, Stack size 8 bytes, key.o(i.Key_GetNum))
<BR><BR>[Stack]<UL><LI>Max Depth = 12<LI>Call Chain = Key_GetNum &rArr; Delay_ms
</UL>
<BR>[Calls]<UL><LI><a href="#[89]">&gt;&gt;</a>&nbsp;&nbsp;&nbsp;GPIO_ReadInputDataBit
<LI><a href="#[84]">&gt;&gt;</a>&nbsp;&nbsp;&nbsp;Delay_ms
</UL>
<BR>[Called By]<UL><LI><a href="#[5f]">&gt;&gt;</a>&nbsp;&nbsp;&nbsp;main
</UL>

<P><STRONG><a name="[8a]"></a>Key_Init</STRONG> (Thumb, 40 bytes, Stack size 8 bytes, key.o(i.Key_Init))
<BR><BR>[Stack]<UL><LI>Max Depth = 32<LI>Call Chain = Key_Init &rArr; GPIO_Init
</UL>
<BR>[Calls]<UL><LI><a href="#[7f]">&gt;&gt;</a>&nbsp;&nbsp;&nbsp;GPIO_Init
<LI><a href="#[7e]">&gt;&gt;</a>&nbsp;&nbsp;&nbsp;RCC_APB2PeriphClockCmd
</UL>
<BR>[Called By]<UL><LI><a href="#[5f]">&gt;&gt;</a>&nbsp;&nbsp;&nbsp;main
</UL>

<P><STRONG><a name="[4c]"></a>MainPage_CallBack</STRONG> (Thumb, 70 bytes, Stack size 16 bytes, testui.o(i.MainPage_CallBack))
<BR><BR>[Stack]<UL><LI>Max Depth = 24<LI>Call Chain = MainPage_CallBack &rArr; OLED_UIJumpToPage
</UL>
<BR>[Calls]<UL><LI><a href="#[8b]">&gt;&gt;</a>&nbsp;&nbsp;&nbsp;OLED_UIJumpToPage
</UL>
<BR>[Address Reference Count : 1]<UL><LI> testui.o(i.TestUI_Init)
</UL>
<P><STRONG><a name="[7]"></a>MemManage_Handler</STRONG> (Thumb, 4 bytes, Stack size 0 bytes, stm32f10x_it.o(i.MemManage_Handler))
<BR>[Address Reference Count : 1]<UL><LI> startup_stm32f10x_md.o(RESET)
</UL>
<P><STRONG><a name="[8c]"></a>MyRTC_AlarmSet</STRONG> (Thumb, 60 bytes, Stack size 56 bytes, myrtc.o(i.MyRTC_AlarmSet))
<BR><BR>[Stack]<UL><LI>Max Depth = 120<LI>Call Chain = MyRTC_AlarmSet &rArr; mktime &rArr; _tm_carry
</UL>
<BR>[Calls]<UL><LI><a href="#[8d]">&gt;&gt;</a>&nbsp;&nbsp;&nbsp;RTC_WaitForLastTask
<LI><a href="#[8e]">&gt;&gt;</a>&nbsp;&nbsp;&nbsp;RTC_SetAlarm
<LI><a href="#[72]">&gt;&gt;</a>&nbsp;&nbsp;&nbsp;mktime
</UL>
<BR>[Called By]<UL><LI><a href="#[5f]">&gt;&gt;</a>&nbsp;&nbsp;&nbsp;main
</UL>

<P><STRONG><a name="[8f]"></a>MyRTC_Init</STRONG> (Thumb, 182 bytes, Stack size 8 bytes, myrtc.o(i.MyRTC_Init))
<BR><BR>[Stack]<UL><LI>Max Depth = 24<LI>Call Chain = MyRTC_Init &rArr; NVIC_Init
</UL>
<BR>[Calls]<UL><LI><a href="#[9a]">&gt;&gt;</a>&nbsp;&nbsp;&nbsp;BKP_WriteBackupRegister
<LI><a href="#[92]">&gt;&gt;</a>&nbsp;&nbsp;&nbsp;BKP_ReadBackupRegister
<LI><a href="#[9b]">&gt;&gt;</a>&nbsp;&nbsp;&nbsp;NVIC_PriorityGroupConfig
<LI><a href="#[9c]">&gt;&gt;</a>&nbsp;&nbsp;&nbsp;NVIC_Init
<LI><a href="#[97]">&gt;&gt;</a>&nbsp;&nbsp;&nbsp;RTC_WaitForSynchro
<LI><a href="#[8d]">&gt;&gt;</a>&nbsp;&nbsp;&nbsp;RTC_WaitForLastTask
<LI><a href="#[98]">&gt;&gt;</a>&nbsp;&nbsp;&nbsp;RTC_SetPrescaler
<LI><a href="#[99]">&gt;&gt;</a>&nbsp;&nbsp;&nbsp;RTC_SetCounter
<LI><a href="#[9d]">&gt;&gt;</a>&nbsp;&nbsp;&nbsp;RTC_ITConfig
<LI><a href="#[9e]">&gt;&gt;</a>&nbsp;&nbsp;&nbsp;RTC_ClearITPendingBit
<LI><a href="#[95]">&gt;&gt;</a>&nbsp;&nbsp;&nbsp;RCC_RTCCLKConfig
<LI><a href="#[96]">&gt;&gt;</a>&nbsp;&nbsp;&nbsp;RCC_RTCCLKCmd
<LI><a href="#[93]">&gt;&gt;</a>&nbsp;&nbsp;&nbsp;RCC_LSEConfig
<LI><a href="#[94]">&gt;&gt;</a>&nbsp;&nbsp;&nbsp;RCC_GetFlagStatus
<LI><a href="#[90]">&gt;&gt;</a>&nbsp;&nbsp;&nbsp;RCC_APB1PeriphClockCmd
<LI><a href="#[91]">&gt;&gt;</a>&nbsp;&nbsp;&nbsp;PWR_BackupAccessCmd
</UL>
<BR>[Called By]<UL><LI><a href="#[5f]">&gt;&gt;</a>&nbsp;&nbsp;&nbsp;main
</UL>

<P><STRONG><a name="[9f]"></a>MyRTC_ReadTime</STRONG> (Thumb, 54 bytes, Stack size 16 bytes, myrtc.o(i.MyRTC_ReadTime))
<BR><BR>[Stack]<UL><LI>Max Depth = 36<LI>Call Chain = MyRTC_ReadTime &rArr; localtime &rArr; _localtime_r &rArr; __aeabi_memclr4
</UL>
<BR>[Calls]<UL><LI><a href="#[a0]">&gt;&gt;</a>&nbsp;&nbsp;&nbsp;RTC_GetCounter
<LI><a href="#[70]">&gt;&gt;</a>&nbsp;&nbsp;&nbsp;localtime
</UL>
<BR>[Called By]<UL><LI><a href="#[5f]">&gt;&gt;</a>&nbsp;&nbsp;&nbsp;main
<LI><a href="#[51]">&gt;&gt;</a>&nbsp;&nbsp;&nbsp;Ring_CallBack
</UL>

<P><STRONG><a name="[a1]"></a>MyRTC_SetTime</STRONG> (Thumb, 60 bytes, Stack size 56 bytes, myrtc.o(i.MyRTC_SetTime))
<BR><BR>[Stack]<UL><LI>Max Depth = 120<LI>Call Chain = MyRTC_SetTime &rArr; mktime &rArr; _tm_carry
</UL>
<BR>[Calls]<UL><LI><a href="#[8d]">&gt;&gt;</a>&nbsp;&nbsp;&nbsp;RTC_WaitForLastTask
<LI><a href="#[99]">&gt;&gt;</a>&nbsp;&nbsp;&nbsp;RTC_SetCounter
<LI><a href="#[72]">&gt;&gt;</a>&nbsp;&nbsp;&nbsp;mktime
</UL>
<BR>[Called By]<UL><LI><a href="#[5f]">&gt;&gt;</a>&nbsp;&nbsp;&nbsp;main
</UL>

<P><STRONG><a name="[5]"></a>NMI_Handler</STRONG> (Thumb, 2 bytes, Stack size 0 bytes, stm32f10x_it.o(i.NMI_Handler))
<BR>[Address Reference Count : 1]<UL><LI> startup_stm32f10x_md.o(RESET)
</UL>
<P><STRONG><a name="[9c]"></a>NVIC_Init</STRONG> (Thumb, 100 bytes, Stack size 16 bytes, misc.o(i.NVIC_Init))
<BR><BR>[Stack]<UL><LI>Max Depth = 16<LI>Call Chain = NVIC_Init
</UL>
<BR>[Called By]<UL><LI><a href="#[8f]">&gt;&gt;</a>&nbsp;&nbsp;&nbsp;MyRTC_Init
</UL>

<P><STRONG><a name="[9b]"></a>NVIC_PriorityGroupConfig</STRONG> (Thumb, 10 bytes, Stack size 0 bytes, misc.o(i.NVIC_PriorityGroupConfig))
<BR><BR>[Called By]<UL><LI><a href="#[5f]">&gt;&gt;</a>&nbsp;&nbsp;&nbsp;main
<LI><a href="#[8f]">&gt;&gt;</a>&nbsp;&nbsp;&nbsp;MyRTC_Init
</UL>

<P><STRONG><a name="[a2]"></a>OLEDI2C_Init</STRONG> (Thumb, 118 bytes, Stack size 24 bytes, oled_port.o(i.OLEDI2C_Init))
<BR><BR>[Stack]<UL><LI>Max Depth = 84<LI>Call Chain = OLEDI2C_Init &rArr; I2C_Init &rArr; RCC_GetClocksFreq
</UL>
<BR>[Calls]<UL><LI><a href="#[7f]">&gt;&gt;</a>&nbsp;&nbsp;&nbsp;GPIO_Init
<LI><a href="#[7e]">&gt;&gt;</a>&nbsp;&nbsp;&nbsp;RCC_APB2PeriphClockCmd
<LI><a href="#[90]">&gt;&gt;</a>&nbsp;&nbsp;&nbsp;RCC_APB1PeriphClockCmd
<LI><a href="#[86]">&gt;&gt;</a>&nbsp;&nbsp;&nbsp;I2C_Init
<LI><a href="#[a3]">&gt;&gt;</a>&nbsp;&nbsp;&nbsp;I2C_Cmd
</UL>
<BR>[Called By]<UL><LI><a href="#[c9]">&gt;&gt;</a>&nbsp;&nbsp;&nbsp;OLED_Init
</UL>

<P><STRONG><a name="[a4]"></a>OLED_AllSrcFade</STRONG> (Thumb, 66 bytes, Stack size 24 bytes, oled_g.o(i.OLED_AllSrcFade))
<BR><BR>[Stack]<UL><LI>Max Depth = 36<LI>Call Chain = OLED_AllSrcFade &rArr; OLED_BuffWriteByte
</UL>
<BR>[Calls]<UL><LI><a href="#[a5]">&gt;&gt;</a>&nbsp;&nbsp;&nbsp;OLED_BuffWriteByte
</UL>
<BR>[Called By]<UL><LI><a href="#[47]">&gt;&gt;</a>&nbsp;&nbsp;&nbsp;OLED_ValWinShow
<LI><a href="#[4a]">&gt;&gt;</a>&nbsp;&nbsp;&nbsp;OLED_ConWinShow
</UL>

<P><STRONG><a name="[a6]"></a>OLED_Animation</STRONG> (Thumb, 152 bytes, Stack size 72 bytes, oled_g.o(i.OLED_Animation))
<BR><BR>[Stack]<UL><LI>Max Depth = 104<LI>Call Chain = OLED_Animation &rArr; __aeabi_cdcmple
</UL>
<BR>[Calls]<UL><LI><a href="#[a7]">&gt;&gt;</a>&nbsp;&nbsp;&nbsp;__aeabi_cfcmpeq
<LI><a href="#[a8]">&gt;&gt;</a>&nbsp;&nbsp;&nbsp;__aeabi_fsub
<LI><a href="#[a9]">&gt;&gt;</a>&nbsp;&nbsp;&nbsp;__aeabi_f2d
<LI><a href="#[aa]">&gt;&gt;</a>&nbsp;&nbsp;&nbsp;__aeabi_cdcmple
<LI><a href="#[ab]">&gt;&gt;</a>&nbsp;&nbsp;&nbsp;__aeabi_ddiv
<LI><a href="#[ac]">&gt;&gt;</a>&nbsp;&nbsp;&nbsp;__aeabi_dadd
<LI><a href="#[ad]">&gt;&gt;</a>&nbsp;&nbsp;&nbsp;__aeabi_d2f
</UL>
<BR>[Called By]<UL><LI><a href="#[51]">&gt;&gt;</a>&nbsp;&nbsp;&nbsp;Ring_CallBack
<LI><a href="#[41]">&gt;&gt;</a>&nbsp;&nbsp;&nbsp;OLED_RaderPicShow
<LI><a href="#[47]">&gt;&gt;</a>&nbsp;&nbsp;&nbsp;OLED_ValWinShow
<LI><a href="#[44]">&gt;&gt;</a>&nbsp;&nbsp;&nbsp;OLED_TitlePageShow
<LI><a href="#[3e]">&gt;&gt;</a>&nbsp;&nbsp;&nbsp;OLED_DigitalShow
<LI><a href="#[4a]">&gt;&gt;</a>&nbsp;&nbsp;&nbsp;OLED_ConWinShow
</UL>

<P><STRONG><a name="[ae]"></a>OLED_Clear</STRONG> (Thumb, 42 bytes, Stack size 16 bytes, oled_port.o(i.OLED_Clear))
<BR><BR>[Stack]<UL><LI>Max Depth = 56<LI>Call Chain = OLED_Clear &rArr; OLED_SetCursor &rArr; OLED_WriteCommand &rArr; I2C_CheckEvent
</UL>
<BR>[Calls]<UL><LI><a href="#[b0]">&gt;&gt;</a>&nbsp;&nbsp;&nbsp;OLED_WriteData
<LI><a href="#[af]">&gt;&gt;</a>&nbsp;&nbsp;&nbsp;OLED_SetCursor
</UL>
<BR>[Called By]<UL><LI><a href="#[c9]">&gt;&gt;</a>&nbsp;&nbsp;&nbsp;OLED_Init
</UL>

<P><STRONG><a name="[b1]"></a>OLED_ClearBuff</STRONG> (Thumb, 14 bytes, Stack size 8 bytes, oled_g.o(i.OLED_ClearBuff))
<BR><BR>[Stack]<UL><LI>Max Depth = 8<LI>Call Chain = OLED_ClearBuff
</UL>
<BR>[Calls]<UL><LI><a href="#[b2]">&gt;&gt;</a>&nbsp;&nbsp;&nbsp;__aeabi_memclr
</UL>
<BR>[Called By]<UL><LI><a href="#[ec]">&gt;&gt;</a>&nbsp;&nbsp;&nbsp;TestUI_Init
<LI><a href="#[d6]">&gt;&gt;</a>&nbsp;&nbsp;&nbsp;OLED_UIProc
</UL>

<P><STRONG><a name="[c0]"></a>OLED_DigitalPageInit</STRONG> (Thumb, 106 bytes, Stack size 40 bytes, oled_ui.o(i.OLED_DigitalPageInit))
<BR><BR>[Stack]<UL><LI>Max Depth = 52<LI>Call Chain = OLED_DigitalPageInit &rArr; OLED_PageInit
</UL>
<BR>[Calls]<UL><LI><a href="#[c1]">&gt;&gt;</a>&nbsp;&nbsp;&nbsp;OLED_PageInit
</UL>
<BR>[Called By]<UL><LI><a href="#[ec]">&gt;&gt;</a>&nbsp;&nbsp;&nbsp;TestUI_Init
</UL>

<P><STRONG><a name="[7c]"></a>OLED_DigitalPage_UpdateDigitalNumAnimation</STRONG> (Thumb, 122 bytes, Stack size 32 bytes, oled_ui.o(i.OLED_DigitalPage_UpdateDigitalNumAnimation))
<BR><BR>[Stack]<UL><LI>Max Depth = 52<LI>Call Chain = OLED_DigitalPage_UpdateDigitalNumAnimation &rArr; OLED_DigitalSetValAnim
</UL>
<BR>[Calls]<UL><LI><a href="#[c2]">&gt;&gt;</a>&nbsp;&nbsp;&nbsp;OLED_DigitalSetValAnim
</UL>
<BR>[Called By]<UL><LI><a href="#[5f]">&gt;&gt;</a>&nbsp;&nbsp;&nbsp;main
<LI><a href="#[4d]">&gt;&gt;</a>&nbsp;&nbsp;&nbsp;CalendarPage_CallBack
<LI><a href="#[4f]">&gt;&gt;</a>&nbsp;&nbsp;&nbsp;Alarm12_CallBack
</UL>

<P><STRONG><a name="[c5]"></a>OLED_DigitalPage_UpdateLabelAnimation</STRONG> (Thumb, 88 bytes, Stack size 8 bytes, oled_ui.o(i.OLED_DigitalPage_UpdateLabelAnimation))
<BR><BR>[Stack]<UL><LI>Max Depth = 8<LI>Call Chain = OLED_DigitalPage_UpdateLabelAnimation
</UL>
<BR>[Called By]<UL><LI><a href="#[5f]">&gt;&gt;</a>&nbsp;&nbsp;&nbsp;main
<LI><a href="#[3f]">&gt;&gt;</a>&nbsp;&nbsp;&nbsp;OLED_DigitalReact
</UL>

<P><STRONG><a name="[b9]"></a>OLED_GetStrWidth</STRONG> (Thumb, 44 bytes, Stack size 16 bytes, oled_g.o(i.OLED_GetStrWidth))
<BR><BR>[Stack]<UL><LI>Max Depth = 24<LI>Call Chain = OLED_GetStrWidth &rArr; strlen
</UL>
<BR>[Calls]<UL><LI><a href="#[c8]">&gt;&gt;</a>&nbsp;&nbsp;&nbsp;strlen
</UL>
<BR>[Called By]<UL><LI><a href="#[47]">&gt;&gt;</a>&nbsp;&nbsp;&nbsp;OLED_ValWinShow
<LI><a href="#[44]">&gt;&gt;</a>&nbsp;&nbsp;&nbsp;OLED_TitlePageShow
<LI><a href="#[be]">&gt;&gt;</a>&nbsp;&nbsp;&nbsp;OLED_DigitalDrawUline
<LI><a href="#[bd]">&gt;&gt;</a>&nbsp;&nbsp;&nbsp;OLED_DigitalDrawLabel
<LI><a href="#[4a]">&gt;&gt;</a>&nbsp;&nbsp;&nbsp;OLED_ConWinShow
</UL>

<P><STRONG><a name="[c9]"></a>OLED_Init</STRONG> (Thumb, 174 bytes, Stack size 16 bytes, oled_port.o(i.OLED_Init))
<BR><BR>[Stack]<UL><LI>Max Depth = 100<LI>Call Chain = OLED_Init &rArr; OLEDI2C_Init &rArr; I2C_Init &rArr; RCC_GetClocksFreq
</UL>
<BR>[Calls]<UL><LI><a href="#[ca]">&gt;&gt;</a>&nbsp;&nbsp;&nbsp;OLED_WriteCommand
<LI><a href="#[ae]">&gt;&gt;</a>&nbsp;&nbsp;&nbsp;OLED_Clear
<LI><a href="#[a2]">&gt;&gt;</a>&nbsp;&nbsp;&nbsp;OLEDI2C_Init
</UL>
<BR>[Called By]<UL><LI><a href="#[ec]">&gt;&gt;</a>&nbsp;&nbsp;&nbsp;TestUI_Init
</UL>

<P><STRONG><a name="[b4]"></a>OLED_MsgQueRead</STRONG> (Thumb, 46 bytes, Stack size 0 bytes, oled_ui.o(i.OLED_MsgQueRead))
<BR><BR>[Called By]<UL><LI><a href="#[42]">&gt;&gt;</a>&nbsp;&nbsp;&nbsp;OLED_RaderPicReact
<LI><a href="#[48]">&gt;&gt;</a>&nbsp;&nbsp;&nbsp;OLED_ValWinReact
<LI><a href="#[45]">&gt;&gt;</a>&nbsp;&nbsp;&nbsp;OLED_TitlePageReact
<LI><a href="#[3f]">&gt;&gt;</a>&nbsp;&nbsp;&nbsp;OLED_DigitalReact
<LI><a href="#[4b]">&gt;&gt;</a>&nbsp;&nbsp;&nbsp;OLED_ConWinReact
</UL>

<P><STRONG><a name="[ef]"></a>OLED_MsgQueSend</STRONG> (Thumb, 60 bytes, Stack size 0 bytes, oled_ui.o(i.OLED_MsgQueSend))
<BR><BR>[Called By]<UL><LI><a href="#[5f]">&gt;&gt;</a>&nbsp;&nbsp;&nbsp;main
</UL>

<P><STRONG><a name="[40]"></a>OLED_RaderPicAnimInit</STRONG> (Thumb, 24 bytes, Stack size 0 bytes, oled_ui.o(i.OLED_RaderPicAnimInit))
<BR>[Address Reference Count : 1]<UL><LI> oled_ui.o(i.OLED_RaderPicPageInit)
</UL>
<P><STRONG><a name="[cb]"></a>OLED_RaderPicPageInit</STRONG> (Thumb, 58 bytes, Stack size 32 bytes, oled_ui.o(i.OLED_RaderPicPageInit))
<BR><BR>[Stack]<UL><LI>Max Depth = 44<LI>Call Chain = OLED_RaderPicPageInit &rArr; OLED_PageInit
</UL>
<BR>[Calls]<UL><LI><a href="#[c1]">&gt;&gt;</a>&nbsp;&nbsp;&nbsp;OLED_PageInit
</UL>
<BR>[Called By]<UL><LI><a href="#[ec]">&gt;&gt;</a>&nbsp;&nbsp;&nbsp;TestUI_Init
</UL>

<P><STRONG><a name="[42]"></a>OLED_RaderPicReact</STRONG> (Thumb, 36 bytes, Stack size 16 bytes, oled_ui.o(i.OLED_RaderPicReact))
<BR><BR>[Stack]<UL><LI>Max Depth = 16<LI>Call Chain = OLED_RaderPicReact
</UL>
<BR>[Calls]<UL><LI><a href="#[b4]">&gt;&gt;</a>&nbsp;&nbsp;&nbsp;OLED_MsgQueRead
<LI><a href="#[c3]">&gt;&gt;</a>&nbsp;&nbsp;&nbsp;OLED_PageReturn
</UL>
<BR>[Address Reference Count : 1]<UL><LI> oled_ui.o(i.OLED_RaderPicPageInit)
</UL>
<P><STRONG><a name="[41]"></a>OLED_RaderPicShow</STRONG> (Thumb, 488 bytes, Stack size 80 bytes, oled_ui.o(i.OLED_RaderPicShow))
<BR><BR>[Stack]<UL><LI>Max Depth = 268<LI>Call Chain = OLED_RaderPicShow &rArr; OLED_WinDrawRaderPic &rArr; OLED_WinDrawLine &rArr; OLED_WinWriteByte &rArr; OLED_BuffWriteByte
</UL>
<BR>[Calls]<UL><LI><a href="#[d0]">&gt;&gt;</a>&nbsp;&nbsp;&nbsp;OLED_WinDrawRaderPic
<LI><a href="#[ce]">&gt;&gt;</a>&nbsp;&nbsp;&nbsp;OLED_WinDrawBMP
<LI><a href="#[a6]">&gt;&gt;</a>&nbsp;&nbsp;&nbsp;OLED_Animation
<LI><a href="#[cd]">&gt;&gt;</a>&nbsp;&nbsp;&nbsp;__aeabi_fmul
<LI><a href="#[b3]">&gt;&gt;</a>&nbsp;&nbsp;&nbsp;__aeabi_ui2f
<LI><a href="#[cc]">&gt;&gt;</a>&nbsp;&nbsp;&nbsp;__aeabi_i2f
<LI><a href="#[cf]">&gt;&gt;</a>&nbsp;&nbsp;&nbsp;__aeabi_f2uiz
<LI><a href="#[b6]">&gt;&gt;</a>&nbsp;&nbsp;&nbsp;__aeabi_f2iz
<LI><a href="#[ba]">&gt;&gt;</a>&nbsp;&nbsp;&nbsp;__aeabi_fadd
</UL>
<BR>[Address Reference Count : 1]<UL><LI> oled_ui.o(i.OLED_RaderPicPageInit)
</UL>
<P><STRONG><a name="[d1]"></a>OLED_RefreshBuff</STRONG> (Thumb, 10 bytes, Stack size 8 bytes, oled_g.o(i.OLED_RefreshBuff))
<BR><BR>[Stack]<UL><LI>Max Depth = 64<LI>Call Chain = OLED_RefreshBuff &rArr; OLED_SendBuff &rArr; OLED_SetCursor &rArr; OLED_WriteCommand &rArr; I2C_CheckEvent
</UL>
<BR>[Calls]<UL><LI><a href="#[d2]">&gt;&gt;</a>&nbsp;&nbsp;&nbsp;OLED_SendBuff
</UL>
<BR>[Called By]<UL><LI><a href="#[ec]">&gt;&gt;</a>&nbsp;&nbsp;&nbsp;TestUI_Init
<LI><a href="#[d6]">&gt;&gt;</a>&nbsp;&nbsp;&nbsp;OLED_UIProc
</UL>

<P><STRONG><a name="[d2]"></a>OLED_SendBuff</STRONG> (Thumb, 48 bytes, Stack size 16 bytes, oled_port.o(i.OLED_SendBuff))
<BR><BR>[Stack]<UL><LI>Max Depth = 56<LI>Call Chain = OLED_SendBuff &rArr; OLED_SetCursor &rArr; OLED_WriteCommand &rArr; I2C_CheckEvent
</UL>
<BR>[Calls]<UL><LI><a href="#[b0]">&gt;&gt;</a>&nbsp;&nbsp;&nbsp;OLED_WriteData
<LI><a href="#[af]">&gt;&gt;</a>&nbsp;&nbsp;&nbsp;OLED_SetCursor
</UL>
<BR>[Called By]<UL><LI><a href="#[d1]">&gt;&gt;</a>&nbsp;&nbsp;&nbsp;OLED_RefreshBuff
</UL>

<P><STRONG><a name="[af]"></a>OLED_SetCursor</STRONG> (Thumb, 34 bytes, Stack size 16 bytes, oled_port.o(i.OLED_SetCursor))
<BR><BR>[Stack]<UL><LI>Max Depth = 40<LI>Call Chain = OLED_SetCursor &rArr; OLED_WriteCommand &rArr; I2C_CheckEvent
</UL>
<BR>[Calls]<UL><LI><a href="#[ca]">&gt;&gt;</a>&nbsp;&nbsp;&nbsp;OLED_WriteCommand
</UL>
<BR>[Called By]<UL><LI><a href="#[ae]">&gt;&gt;</a>&nbsp;&nbsp;&nbsp;OLED_Clear
<LI><a href="#[d2]">&gt;&gt;</a>&nbsp;&nbsp;&nbsp;OLED_SendBuff
</UL>

<P><STRONG><a name="[b5]"></a>OLED_SetPointColor</STRONG> (Thumb, 42 bytes, Stack size 0 bytes, oled_g.o(i.OLED_SetPointColor))
<BR><BR>[Called By]<UL><LI><a href="#[ec]">&gt;&gt;</a>&nbsp;&nbsp;&nbsp;TestUI_Init
<LI><a href="#[51]">&gt;&gt;</a>&nbsp;&nbsp;&nbsp;Ring_CallBack
<LI><a href="#[47]">&gt;&gt;</a>&nbsp;&nbsp;&nbsp;OLED_ValWinShow
<LI><a href="#[be]">&gt;&gt;</a>&nbsp;&nbsp;&nbsp;OLED_DigitalDrawUline
<LI><a href="#[4a]">&gt;&gt;</a>&nbsp;&nbsp;&nbsp;OLED_ConWinShow
</UL>

<P><STRONG><a name="[d3]"></a>OLED_TitlePageInit</STRONG> (Thumb, 82 bytes, Stack size 32 bytes, oled_ui.o(i.OLED_TitlePageInit))
<BR><BR>[Stack]<UL><LI>Max Depth = 44<LI>Call Chain = OLED_TitlePageInit &rArr; OLED_PageInit
</UL>
<BR>[Calls]<UL><LI><a href="#[c1]">&gt;&gt;</a>&nbsp;&nbsp;&nbsp;OLED_PageInit
</UL>
<BR>[Called By]<UL><LI><a href="#[ec]">&gt;&gt;</a>&nbsp;&nbsp;&nbsp;TestUI_Init
</UL>

<P><STRONG><a name="[e6]"></a>OLED_UIChangeCurrentPage</STRONG> (Thumb, 20 bytes, Stack size 0 bytes, oled_ui.o(i.OLED_UIChangeCurrentPage))
<BR><BR>[Called By]<UL><LI><a href="#[5f]">&gt;&gt;</a>&nbsp;&nbsp;&nbsp;main
<LI><a href="#[11]">&gt;&gt;</a>&nbsp;&nbsp;&nbsp;RTC_IRQHandler
</UL>

<P><STRONG><a name="[ee]"></a>OLED_UIGetCurrentPageID</STRONG> (Thumb, 6 bytes, Stack size 0 bytes, oled_ui.o(i.OLED_UIGetCurrentPageID))
<BR><BR>[Called By]<UL><LI><a href="#[5f]">&gt;&gt;</a>&nbsp;&nbsp;&nbsp;main
</UL>

<P><STRONG><a name="[8b]"></a>OLED_UIJumpToPage</STRONG> (Thumb, 24 bytes, Stack size 8 bytes, oled_ui.o(i.OLED_UIJumpToPage))
<BR><BR>[Stack]<UL><LI>Max Depth = 8<LI>Call Chain = OLED_UIJumpToPage
</UL>
<BR>[Called By]<UL><LI><a href="#[4c]">&gt;&gt;</a>&nbsp;&nbsp;&nbsp;MainPage_CallBack
</UL>

<P><STRONG><a name="[d6]"></a>OLED_UIProc</STRONG> (Thumb, 46 bytes, Stack size 8 bytes, oled_ui.o(i.OLED_UIProc))
<BR><BR>[Stack]<UL><LI>Max Depth = 72<LI>Call Chain = OLED_UIProc &rArr; OLED_RefreshBuff &rArr; OLED_SendBuff &rArr; OLED_SetCursor &rArr; OLED_WriteCommand &rArr; I2C_CheckEvent
</UL>
<BR>[Calls]<UL><LI><a href="#[d4]">&gt;&gt;</a>&nbsp;&nbsp;&nbsp;OLED_UIPageProc
<LI><a href="#[d7]">&gt;&gt;</a>&nbsp;&nbsp;&nbsp;OLED_UILayerInProc
<LI><a href="#[d1]">&gt;&gt;</a>&nbsp;&nbsp;&nbsp;OLED_RefreshBuff
<LI><a href="#[b1]">&gt;&gt;</a>&nbsp;&nbsp;&nbsp;OLED_ClearBuff
</UL>
<BR>[Called By]<UL><LI><a href="#[ed]">&gt;&gt;</a>&nbsp;&nbsp;&nbsp;TestUI_Proc
</UL>

<P><STRONG><a name="[d8]"></a>OLED_UiInit</STRONG> (Thumb, 86 bytes, Stack size 8 bytes, oled_ui.o(i.OLED_UiInit))
<BR><BR>[Stack]<UL><LI>Max Depth = 8<LI>Call Chain = OLED_UiInit
</UL>
<BR>[Calls]<UL><LI><a href="#[d9]">&gt;&gt;</a>&nbsp;&nbsp;&nbsp;OLED_UIParaInit
</UL>
<BR>[Called By]<UL><LI><a href="#[ec]">&gt;&gt;</a>&nbsp;&nbsp;&nbsp;TestUI_Init
</UL>

<P><STRONG><a name="[c6]"></a>OLED_WinDrawASCII</STRONG> (Thumb, 300 bytes, Stack size 32 bytes, oled_g.o(i.OLED_WinDrawASCII))
<BR><BR>[Stack]<UL><LI>Max Depth = 84<LI>Call Chain = OLED_WinDrawASCII &rArr; OLED_WinWriteByte &rArr; OLED_BuffWriteByte
</UL>
<BR>[Calls]<UL><LI><a href="#[dc]">&gt;&gt;</a>&nbsp;&nbsp;&nbsp;OLED_WinWriteByte
</UL>
<BR>[Called By]<UL><LI><a href="#[3e]">&gt;&gt;</a>&nbsp;&nbsp;&nbsp;OLED_DigitalShow
<LI><a href="#[7a]">&gt;&gt;</a>&nbsp;&nbsp;&nbsp;OLED_WinDrawStr
</UL>

<P><STRONG><a name="[ce]"></a>OLED_WinDrawBMP</STRONG> (Thumb, 314 bytes, Stack size 56 bytes, oled_g.o(i.OLED_WinDrawBMP))
<BR><BR>[Stack]<UL><LI>Max Depth = 108<LI>Call Chain = OLED_WinDrawBMP &rArr; OLED_WinWriteByte &rArr; OLED_BuffWriteByte
</UL>
<BR>[Calls]<UL><LI><a href="#[dc]">&gt;&gt;</a>&nbsp;&nbsp;&nbsp;OLED_WinWriteByte
</UL>
<BR>[Called By]<UL><LI><a href="#[51]">&gt;&gt;</a>&nbsp;&nbsp;&nbsp;Ring_CallBack
<LI><a href="#[41]">&gt;&gt;</a>&nbsp;&nbsp;&nbsp;OLED_RaderPicShow
<LI><a href="#[44]">&gt;&gt;</a>&nbsp;&nbsp;&nbsp;OLED_TitlePageShow
</UL>

<P><STRONG><a name="[bf]"></a>OLED_WinDrawHLine</STRONG> (Thumb, 86 bytes, Stack size 24 bytes, oled_g.o(i.OLED_WinDrawHLine))
<BR><BR>[Stack]<UL><LI>Max Depth = 76<LI>Call Chain = OLED_WinDrawHLine &rArr; OLED_WinWriteByte &rArr; OLED_BuffWriteByte
</UL>
<BR>[Calls]<UL><LI><a href="#[dc]">&gt;&gt;</a>&nbsp;&nbsp;&nbsp;OLED_WinWriteByte
</UL>
<BR>[Called By]<UL><LI><a href="#[be]">&gt;&gt;</a>&nbsp;&nbsp;&nbsp;OLED_DigitalDrawUline
<LI><a href="#[d0]">&gt;&gt;</a>&nbsp;&nbsp;&nbsp;OLED_WinDrawRaderPic
<LI><a href="#[b8]">&gt;&gt;</a>&nbsp;&nbsp;&nbsp;OLED_WinDrawRBoxEmpty
</UL>

<P><STRONG><a name="[dd]"></a>OLED_WinDrawLine</STRONG> (Thumb, 294 bytes, Stack size 72 bytes, oled_g.o(i.OLED_WinDrawLine))
<BR><BR>[Stack]<UL><LI>Max Depth = 124<LI>Call Chain = OLED_WinDrawLine &rArr; OLED_WinWriteByte &rArr; OLED_BuffWriteByte
</UL>
<BR>[Calls]<UL><LI><a href="#[dc]">&gt;&gt;</a>&nbsp;&nbsp;&nbsp;OLED_WinWriteByte
</UL>
<BR>[Called By]<UL><LI><a href="#[d0]">&gt;&gt;</a>&nbsp;&nbsp;&nbsp;OLED_WinDrawRaderPic
</UL>

<P><STRONG><a name="[de]"></a>OLED_WinDrawPoint</STRONG> (Thumb, 22 bytes, Stack size 16 bytes, oled_g.o(i.OLED_WinDrawPoint))
<BR><BR>[Stack]<UL><LI>Max Depth = 68<LI>Call Chain = OLED_WinDrawPoint &rArr; OLED_WinWriteByte &rArr; OLED_BuffWriteByte
</UL>
<BR>[Calls]<UL><LI><a href="#[dc]">&gt;&gt;</a>&nbsp;&nbsp;&nbsp;OLED_WinWriteByte
</UL>
<BR>[Called By]<UL><LI><a href="#[d0]">&gt;&gt;</a>&nbsp;&nbsp;&nbsp;OLED_WinDrawRaderPic
</UL>

<P><STRONG><a name="[b7]"></a>OLED_WinDrawRBox</STRONG> (Thumb, 96 bytes, Stack size 40 bytes, oled_g.o(i.OLED_WinDrawRBox))
<BR><BR>[Stack]<UL><LI>Max Depth = 124<LI>Call Chain = OLED_WinDrawRBox &rArr; OLED_WinDrawVLine &rArr; OLED_WinWriteByte &rArr; OLED_BuffWriteByte
</UL>
<BR>[Calls]<UL><LI><a href="#[df]">&gt;&gt;</a>&nbsp;&nbsp;&nbsp;OLED_WinDrawVLine
</UL>
<BR>[Called By]<UL><LI><a href="#[51]">&gt;&gt;</a>&nbsp;&nbsp;&nbsp;Ring_CallBack
<LI><a href="#[47]">&gt;&gt;</a>&nbsp;&nbsp;&nbsp;OLED_ValWinShow
<LI><a href="#[44]">&gt;&gt;</a>&nbsp;&nbsp;&nbsp;OLED_TitlePageShow
<LI><a href="#[4a]">&gt;&gt;</a>&nbsp;&nbsp;&nbsp;OLED_ConWinShow
</UL>

<P><STRONG><a name="[b8]"></a>OLED_WinDrawRBoxEmpty</STRONG> (Thumb, 144 bytes, Stack size 40 bytes, oled_g.o(i.OLED_WinDrawRBoxEmpty))
<BR><BR>[Stack]<UL><LI>Max Depth = 116<LI>Call Chain = OLED_WinDrawRBoxEmpty &rArr; OLED_WinDrawHLine &rArr; OLED_WinWriteByte &rArr; OLED_BuffWriteByte
</UL>
<BR>[Calls]<UL><LI><a href="#[bf]">&gt;&gt;</a>&nbsp;&nbsp;&nbsp;OLED_WinDrawHLine
<LI><a href="#[dc]">&gt;&gt;</a>&nbsp;&nbsp;&nbsp;OLED_WinWriteByte
</UL>
<BR>[Called By]<UL><LI><a href="#[47]">&gt;&gt;</a>&nbsp;&nbsp;&nbsp;OLED_ValWinShow
<LI><a href="#[3e]">&gt;&gt;</a>&nbsp;&nbsp;&nbsp;OLED_DigitalShow
<LI><a href="#[4a]">&gt;&gt;</a>&nbsp;&nbsp;&nbsp;OLED_ConWinShow
</UL>

<P><STRONG><a name="[d0]"></a>OLED_WinDrawRaderPic</STRONG> (Thumb, 546 bytes, Stack size 64 bytes, oled_g.o(i.OLED_WinDrawRaderPic))
<BR><BR>[Stack]<UL><LI>Max Depth = 188<LI>Call Chain = OLED_WinDrawRaderPic &rArr; OLED_WinDrawLine &rArr; OLED_WinWriteByte &rArr; OLED_BuffWriteByte
</UL>
<BR>[Calls]<UL><LI><a href="#[df]">&gt;&gt;</a>&nbsp;&nbsp;&nbsp;OLED_WinDrawVLine
<LI><a href="#[de]">&gt;&gt;</a>&nbsp;&nbsp;&nbsp;OLED_WinDrawPoint
<LI><a href="#[dd]">&gt;&gt;</a>&nbsp;&nbsp;&nbsp;OLED_WinDrawLine
<LI><a href="#[bf]">&gt;&gt;</a>&nbsp;&nbsp;&nbsp;OLED_WinDrawHLine
</UL>
<BR>[Called By]<UL><LI><a href="#[41]">&gt;&gt;</a>&nbsp;&nbsp;&nbsp;OLED_RaderPicShow
</UL>

<P><STRONG><a name="[7a]"></a>OLED_WinDrawStr</STRONG> (Thumb, 60 bytes, Stack size 32 bytes, oled_g.o(i.OLED_WinDrawStr))
<BR><BR>[Stack]<UL><LI>Max Depth = 116<LI>Call Chain = OLED_WinDrawStr &rArr; OLED_WinDrawASCII &rArr; OLED_WinWriteByte &rArr; OLED_BuffWriteByte
</UL>
<BR>[Calls]<UL><LI><a href="#[c6]">&gt;&gt;</a>&nbsp;&nbsp;&nbsp;OLED_WinDrawASCII
</UL>
<BR>[Called By]<UL><LI><a href="#[51]">&gt;&gt;</a>&nbsp;&nbsp;&nbsp;Ring_CallBack
<LI><a href="#[50]">&gt;&gt;</a>&nbsp;&nbsp;&nbsp;About_CallBack
<LI><a href="#[47]">&gt;&gt;</a>&nbsp;&nbsp;&nbsp;OLED_ValWinShow
<LI><a href="#[44]">&gt;&gt;</a>&nbsp;&nbsp;&nbsp;OLED_TitlePageShow
<LI><a href="#[3e]">&gt;&gt;</a>&nbsp;&nbsp;&nbsp;OLED_DigitalShow
<LI><a href="#[bd]">&gt;&gt;</a>&nbsp;&nbsp;&nbsp;OLED_DigitalDrawLabel
<LI><a href="#[4a]">&gt;&gt;</a>&nbsp;&nbsp;&nbsp;OLED_ConWinShow
</UL>

<P><STRONG><a name="[df]"></a>OLED_WinDrawVLine</STRONG> (Thumb, 182 bytes, Stack size 32 bytes, oled_g.o(i.OLED_WinDrawVLine))
<BR><BR>[Stack]<UL><LI>Max Depth = 84<LI>Call Chain = OLED_WinDrawVLine &rArr; OLED_WinWriteByte &rArr; OLED_BuffWriteByte
</UL>
<BR>[Calls]<UL><LI><a href="#[dc]">&gt;&gt;</a>&nbsp;&nbsp;&nbsp;OLED_WinWriteByte
</UL>
<BR>[Called By]<UL><LI><a href="#[d0]">&gt;&gt;</a>&nbsp;&nbsp;&nbsp;OLED_WinDrawRaderPic
<LI><a href="#[b7]">&gt;&gt;</a>&nbsp;&nbsp;&nbsp;OLED_WinDrawRBox
</UL>

<P><STRONG><a name="[ca]"></a>OLED_WriteCommand</STRONG> (Thumb, 108 bytes, Stack size 8 bytes, oled_port.o(i.OLED_WriteCommand))
<BR><BR>[Stack]<UL><LI>Max Depth = 24<LI>Call Chain = OLED_WriteCommand &rArr; I2C_CheckEvent
</UL>
<BR>[Calls]<UL><LI><a href="#[e3]">&gt;&gt;</a>&nbsp;&nbsp;&nbsp;I2C_SendData
<LI><a href="#[e2]">&gt;&gt;</a>&nbsp;&nbsp;&nbsp;I2C_Send7bitAddress
<LI><a href="#[e4]">&gt;&gt;</a>&nbsp;&nbsp;&nbsp;I2C_GenerateSTOP
<LI><a href="#[e0]">&gt;&gt;</a>&nbsp;&nbsp;&nbsp;I2C_GenerateSTART
<LI><a href="#[e1]">&gt;&gt;</a>&nbsp;&nbsp;&nbsp;I2C_CheckEvent
</UL>
<BR>[Called By]<UL><LI><a href="#[af]">&gt;&gt;</a>&nbsp;&nbsp;&nbsp;OLED_SetCursor
<LI><a href="#[c9]">&gt;&gt;</a>&nbsp;&nbsp;&nbsp;OLED_Init
</UL>

<P><STRONG><a name="[b0]"></a>OLED_WriteData</STRONG> (Thumb, 108 bytes, Stack size 8 bytes, oled_port.o(i.OLED_WriteData))
<BR><BR>[Stack]<UL><LI>Max Depth = 24<LI>Call Chain = OLED_WriteData &rArr; I2C_CheckEvent
</UL>
<BR>[Calls]<UL><LI><a href="#[e3]">&gt;&gt;</a>&nbsp;&nbsp;&nbsp;I2C_SendData
<LI><a href="#[e2]">&gt;&gt;</a>&nbsp;&nbsp;&nbsp;I2C_Send7bitAddress
<LI><a href="#[e4]">&gt;&gt;</a>&nbsp;&nbsp;&nbsp;I2C_GenerateSTOP
<LI><a href="#[e0]">&gt;&gt;</a>&nbsp;&nbsp;&nbsp;I2C_GenerateSTART
<LI><a href="#[e1]">&gt;&gt;</a>&nbsp;&nbsp;&nbsp;I2C_CheckEvent
</UL>
<BR>[Called By]<UL><LI><a href="#[ae]">&gt;&gt;</a>&nbsp;&nbsp;&nbsp;OLED_Clear
<LI><a href="#[d2]">&gt;&gt;</a>&nbsp;&nbsp;&nbsp;OLED_SendBuff
</UL>

<P><STRONG><a name="[91]"></a>PWR_BackupAccessCmd</STRONG> (Thumb, 6 bytes, Stack size 0 bytes, stm32f10x_pwr.o(i.PWR_BackupAccessCmd))
<BR><BR>[Called By]<UL><LI><a href="#[8f]">&gt;&gt;</a>&nbsp;&nbsp;&nbsp;MyRTC_Init
</UL>

<P><STRONG><a name="[c]"></a>PendSV_Handler</STRONG> (Thumb, 2 bytes, Stack size 0 bytes, stm32f10x_it.o(i.PendSV_Handler))
<BR>[Address Reference Count : 1]<UL><LI> startup_stm32f10x_md.o(RESET)
</UL>
<P><STRONG><a name="[90]"></a>RCC_APB1PeriphClockCmd</STRONG> (Thumb, 26 bytes, Stack size 0 bytes, stm32f10x_rcc.o(i.RCC_APB1PeriphClockCmd))
<BR><BR>[Called By]<UL><LI><a href="#[a2]">&gt;&gt;</a>&nbsp;&nbsp;&nbsp;OLEDI2C_Init
<LI><a href="#[8f]">&gt;&gt;</a>&nbsp;&nbsp;&nbsp;MyRTC_Init
</UL>

<P><STRONG><a name="[7e]"></a>RCC_APB2PeriphClockCmd</STRONG> (Thumb, 26 bytes, Stack size 0 bytes, stm32f10x_rcc.o(i.RCC_APB2PeriphClockCmd))
<BR><BR>[Called By]<UL><LI><a href="#[7d]">&gt;&gt;</a>&nbsp;&nbsp;&nbsp;Buzzer_Init
<LI><a href="#[a2]">&gt;&gt;</a>&nbsp;&nbsp;&nbsp;OLEDI2C_Init
<LI><a href="#[8a]">&gt;&gt;</a>&nbsp;&nbsp;&nbsp;Key_Init
</UL>

<P><STRONG><a name="[87]"></a>RCC_GetClocksFreq</STRONG> (Thumb, 192 bytes, Stack size 12 bytes, stm32f10x_rcc.o(i.RCC_GetClocksFreq))
<BR><BR>[Stack]<UL><LI>Max Depth = 12<LI>Call Chain = RCC_GetClocksFreq
</UL>
<BR>[Called By]<UL><LI><a href="#[86]">&gt;&gt;</a>&nbsp;&nbsp;&nbsp;I2C_Init
</UL>

<P><STRONG><a name="[94]"></a>RCC_GetFlagStatus</STRONG> (Thumb, 56 bytes, Stack size 8 bytes, stm32f10x_rcc.o(i.RCC_GetFlagStatus))
<BR><BR>[Stack]<UL><LI>Max Depth = 8<LI>Call Chain = RCC_GetFlagStatus
</UL>
<BR>[Called By]<UL><LI><a href="#[8f]">&gt;&gt;</a>&nbsp;&nbsp;&nbsp;MyRTC_Init
</UL>

<P><STRONG><a name="[93]"></a>RCC_LSEConfig</STRONG> (Thumb, 46 bytes, Stack size 0 bytes, stm32f10x_rcc.o(i.RCC_LSEConfig))
<BR><BR>[Called By]<UL><LI><a href="#[8f]">&gt;&gt;</a>&nbsp;&nbsp;&nbsp;MyRTC_Init
</UL>

<P><STRONG><a name="[96]"></a>RCC_RTCCLKCmd</STRONG> (Thumb, 6 bytes, Stack size 0 bytes, stm32f10x_rcc.o(i.RCC_RTCCLKCmd))
<BR><BR>[Called By]<UL><LI><a href="#[8f]">&gt;&gt;</a>&nbsp;&nbsp;&nbsp;MyRTC_Init
</UL>

<P><STRONG><a name="[95]"></a>RCC_RTCCLKConfig</STRONG> (Thumb, 12 bytes, Stack size 0 bytes, stm32f10x_rcc.o(i.RCC_RTCCLKConfig))
<BR><BR>[Called By]<UL><LI><a href="#[8f]">&gt;&gt;</a>&nbsp;&nbsp;&nbsp;MyRTC_Init
</UL>

<P><STRONG><a name="[9e]"></a>RTC_ClearITPendingBit</STRONG> (Thumb, 12 bytes, Stack size 0 bytes, stm32f10x_rtc.o(i.RTC_ClearITPendingBit))
<BR><BR>[Called By]<UL><LI><a href="#[11]">&gt;&gt;</a>&nbsp;&nbsp;&nbsp;RTC_IRQHandler
<LI><a href="#[8f]">&gt;&gt;</a>&nbsp;&nbsp;&nbsp;MyRTC_Init
</UL>

<P><STRONG><a name="[e7]"></a>RTC_EnterConfigMode</STRONG> (Thumb, 14 bytes, Stack size 0 bytes, stm32f10x_rtc.o(i.RTC_EnterConfigMode))
<BR><BR>[Called By]<UL><LI><a href="#[98]">&gt;&gt;</a>&nbsp;&nbsp;&nbsp;RTC_SetPrescaler
<LI><a href="#[99]">&gt;&gt;</a>&nbsp;&nbsp;&nbsp;RTC_SetCounter
<LI><a href="#[8e]">&gt;&gt;</a>&nbsp;&nbsp;&nbsp;RTC_SetAlarm
</UL>

<P><STRONG><a name="[e8]"></a>RTC_ExitConfigMode</STRONG> (Thumb, 16 bytes, Stack size 0 bytes, stm32f10x_rtc.o(i.RTC_ExitConfigMode))
<BR><BR>[Called By]<UL><LI><a href="#[98]">&gt;&gt;</a>&nbsp;&nbsp;&nbsp;RTC_SetPrescaler
<LI><a href="#[99]">&gt;&gt;</a>&nbsp;&nbsp;&nbsp;RTC_SetCounter
<LI><a href="#[8e]">&gt;&gt;</a>&nbsp;&nbsp;&nbsp;RTC_SetAlarm
</UL>

<P><STRONG><a name="[a0]"></a>RTC_GetCounter</STRONG> (Thumb, 16 bytes, Stack size 0 bytes, stm32f10x_rtc.o(i.RTC_GetCounter))
<BR><BR>[Called By]<UL><LI><a href="#[9f]">&gt;&gt;</a>&nbsp;&nbsp;&nbsp;MyRTC_ReadTime
</UL>

<P><STRONG><a name="[e5]"></a>RTC_GetITStatus</STRONG> (Thumb, 32 bytes, Stack size 0 bytes, stm32f10x_rtc.o(i.RTC_GetITStatus))
<BR><BR>[Called By]<UL><LI><a href="#[11]">&gt;&gt;</a>&nbsp;&nbsp;&nbsp;RTC_IRQHandler
</UL>

<P><STRONG><a name="[11]"></a>RTC_IRQHandler</STRONG> (Thumb, 54 bytes, Stack size 8 bytes, myrtc.o(i.RTC_IRQHandler))
<BR><BR>[Stack]<UL><LI>Max Depth = 16<LI>Call Chain = RTC_IRQHandler &rArr; Buzzer_ON
</UL>
<BR>[Calls]<UL><LI><a href="#[e5]">&gt;&gt;</a>&nbsp;&nbsp;&nbsp;RTC_GetITStatus
<LI><a href="#[9e]">&gt;&gt;</a>&nbsp;&nbsp;&nbsp;RTC_ClearITPendingBit
<LI><a href="#[e6]">&gt;&gt;</a>&nbsp;&nbsp;&nbsp;OLED_UIChangeCurrentPage
<LI><a href="#[82]">&gt;&gt;</a>&nbsp;&nbsp;&nbsp;Buzzer_ON
</UL>
<BR>[Address Reference Count : 1]<UL><LI> startup_stm32f10x_md.o(RESET)
</UL>
<P><STRONG><a name="[9d]"></a>RTC_ITConfig</STRONG> (Thumb, 26 bytes, Stack size 0 bytes, stm32f10x_rtc.o(i.RTC_ITConfig))
<BR><BR>[Called By]<UL><LI><a href="#[8f]">&gt;&gt;</a>&nbsp;&nbsp;&nbsp;MyRTC_Init
</UL>

<P><STRONG><a name="[8e]"></a>RTC_SetAlarm</STRONG> (Thumb, 24 bytes, Stack size 4 bytes, stm32f10x_rtc.o(i.RTC_SetAlarm))
<BR><BR>[Stack]<UL><LI>Max Depth = 4<LI>Call Chain = RTC_SetAlarm
</UL>
<BR>[Calls]<UL><LI><a href="#[e8]">&gt;&gt;</a>&nbsp;&nbsp;&nbsp;RTC_ExitConfigMode
<LI><a href="#[e7]">&gt;&gt;</a>&nbsp;&nbsp;&nbsp;RTC_EnterConfigMode
</UL>
<BR>[Called By]<UL><LI><a href="#[8c]">&gt;&gt;</a>&nbsp;&nbsp;&nbsp;MyRTC_AlarmSet
</UL>

<P><STRONG><a name="[99]"></a>RTC_SetCounter</STRONG> (Thumb, 24 bytes, Stack size 4 bytes, stm32f10x_rtc.o(i.RTC_SetCounter))
<BR><BR>[Stack]<UL><LI>Max Depth = 4<LI>Call Chain = RTC_SetCounter
</UL>
<BR>[Calls]<UL><LI><a href="#[e8]">&gt;&gt;</a>&nbsp;&nbsp;&nbsp;RTC_ExitConfigMode
<LI><a href="#[e7]">&gt;&gt;</a>&nbsp;&nbsp;&nbsp;RTC_EnterConfigMode
</UL>
<BR>[Called By]<UL><LI><a href="#[a1]">&gt;&gt;</a>&nbsp;&nbsp;&nbsp;MyRTC_SetTime
<LI><a href="#[8f]">&gt;&gt;</a>&nbsp;&nbsp;&nbsp;MyRTC_Init
</UL>

<P><STRONG><a name="[98]"></a>RTC_SetPrescaler</STRONG> (Thumb, 26 bytes, Stack size 4 bytes, stm32f10x_rtc.o(i.RTC_SetPrescaler))
<BR><BR>[Stack]<UL><LI>Max Depth = 4<LI>Call Chain = RTC_SetPrescaler
</UL>
<BR>[Calls]<UL><LI><a href="#[e8]">&gt;&gt;</a>&nbsp;&nbsp;&nbsp;RTC_ExitConfigMode
<LI><a href="#[e7]">&gt;&gt;</a>&nbsp;&nbsp;&nbsp;RTC_EnterConfigMode
</UL>
<BR>[Called By]<UL><LI><a href="#[8f]">&gt;&gt;</a>&nbsp;&nbsp;&nbsp;MyRTC_Init
</UL>

<P><STRONG><a name="[8d]"></a>RTC_WaitForLastTask</STRONG> (Thumb, 16 bytes, Stack size 0 bytes, stm32f10x_rtc.o(i.RTC_WaitForLastTask))
<BR><BR>[Called By]<UL><LI><a href="#[a1]">&gt;&gt;</a>&nbsp;&nbsp;&nbsp;MyRTC_SetTime
<LI><a href="#[8f]">&gt;&gt;</a>&nbsp;&nbsp;&nbsp;MyRTC_Init
<LI><a href="#[8c]">&gt;&gt;</a>&nbsp;&nbsp;&nbsp;MyRTC_AlarmSet
</UL>

[...]

<P><STRONG><a name="[cd]"></a>__aeabi_fmul</STRONG> (Thumb, 0 bytes, Stack size 16 bytes, fmul.o(x$fpl$fmul))
<BR><BR>[Stack]<UL><LI>Max Depth = 16<LI>Call Chain = __aeabi_fmul
</UL>
<BR>[Called By]<UL><LI><a href="#[51]">&gt;&gt;</a>&nbsp;&nbsp;&nbsp;Ring_CallBack
<LI><a href="#[41]">&gt;&gt;</a>&nbsp;&nbsp;&nbsp;OLED_RaderPicShow
<LI><a href="#[47]">&gt;&gt;</a>&nbsp;&nbsp;&nbsp;OLED_ValWinShow
<LI><a href="#[44]">&gt;&gt;</a>&nbsp;&nbsp;&nbsp;OLED_TitlePageShow
</UL>

<P><STRONG><a name="[104]"></a>_fmul</STRONG> (Thumb, 258 bytes, Stack size 16 bytes, fmul.o(x$fpl$fmul), UNUSED)
<BR><BR>[Calls]<UL><LI><a href="#[f1]">&gt;&gt;</a>&nbsp;&nbsp;&nbsp;__fpl_fretinf
<LI><a href="#[fc]">&gt;&gt;</a>&nbsp;&nbsp;&nbsp;__fpl_fnaninf
</UL>

<P><STRONG><a name="[fc]"></a>__fpl_fnaninf</STRONG> (Thumb, 140 bytes, Stack size 8 bytes, fnaninf.o(x$fpl$fnaninf), UNUSED)
<BR><BR>[Called By]<UL><LI><a href="#[104]">&gt;&gt;</a>&nbsp;&nbsp;&nbsp;_fmul
<LI><a href="#[103]">&gt;&gt;</a>&nbsp;&nbsp;&nbsp;_ffixu
<LI><a href="#[102]">&gt;&gt;</a>&nbsp;&nbsp;&nbsp;_ffix
<LI><a href="#[100]">&gt;&gt;</a>&nbsp;&nbsp;&nbsp;_fcmpeq
<LI><a href="#[ff]">&gt;&gt;</a>&nbsp;&nbsp;&nbsp;_fdiv
<LI><a href="#[107]">&gt;&gt;</a>&nbsp;&nbsp;&nbsp;_fsub
<LI><a href="#[fd]">&gt;&gt;</a>&nbsp;&nbsp;&nbsp;_fadd
<LI><a href="#[fb]">&gt;&gt;</a>&nbsp;&nbsp;&nbsp;_f2d
</UL>

<P><STRONG><a name="[f1]"></a>__fpl_fretinf</STRONG> (Thumb, 10 bytes, Stack size 0 bytes, fretinf.o(x$fpl$fretinf), UNUSED)
<BR><BR>[Called By]<UL><LI><a href="#[104]">&gt;&gt;</a>&nbsp;&nbsp;&nbsp;_fmul
<LI><a href="#[ff]">&gt;&gt;</a>&nbsp;&nbsp;&nbsp;_fdiv
<LI><a href="#[fd]">&gt;&gt;</a>&nbsp;&nbsp;&nbsp;_fadd
<LI><a href="#[f0]">&gt;&gt;</a>&nbsp;&nbsp;&nbsp;_d2f
</UL>

<P><STRONG><a name="[e9]"></a>__aeabi_frsub</STRONG> (Thumb, 0 bytes, Stack size 0 bytes, faddsub_clz.o(x$fpl$frsb))
<BR><BR>[Called By]<UL><LI><a href="#[51]">&gt;&gt;</a>&nbsp;&nbsp;&nbsp;Ring_CallBack
</UL>

<P><STRONG><a name="[105]"></a>_frsb</STRONG> (Thumb, 20 bytes, Stack size 0 bytes, faddsub_clz.o(x$fpl$frsb), UNUSED)
<BR><BR>[Calls]<UL><LI><a href="#[fe]">&gt;&gt;</a>&nbsp;&nbsp;&nbsp;_fsub1
<LI><a href="#[106]">&gt;&gt;</a>&nbsp;&nbsp;&nbsp;_fadd1
</UL>

<P><STRONG><a name="[a8]"></a>__aeabi_fsub</STRONG> (Thumb, 0 bytes, Stack size 16 bytes, faddsub_clz.o(x$fpl$fsub))
<BR><BR>[Stack]<UL><LI>Max Depth = 16<LI>Call Chain = __aeabi_fsub
</UL>
<BR>[Called By]<UL><LI><a href="#[44]">&gt;&gt;</a>&nbsp;&nbsp;&nbsp;OLED_TitlePageShow
<LI><a href="#[45]">&gt;&gt;</a>&nbsp;&nbsp;&nbsp;OLED_TitlePageReact
<LI><a href="#[3e]">&gt;&gt;</a>&nbsp;&nbsp;&nbsp;OLED_DigitalShow
<LI><a href="#[a6]">&gt;&gt;</a>&nbsp;&nbsp;&nbsp;OLED_Animation
</UL>

<P><STRONG><a name="[107]"></a>_fsub</STRONG> (Thumb, 234 bytes, Stack size 16 bytes, faddsub_clz.o(x$fpl$fsub), UNUSED)
<BR><BR>[Calls]<UL><LI><a href="#[fc]">&gt;&gt;</a>&nbsp;&nbsp;&nbsp;__fpl_fnaninf
<LI><a href="#[106]">&gt;&gt;</a>&nbsp;&nbsp;&nbsp;_fadd1
</UL>
<P>
<H3>
Local Symbols
</H3>
<P><STRONG><a name="[ea]"></a>SetSysClock</STRONG> (Thumb, 8 bytes, Stack size 8 bytes, system_stm32f10x.o(i.SetSysClock))
<BR><BR>[Stack]<UL><LI>Max Depth = 20<LI>Call Chain = SetSysClock &rArr; SetSysClockTo72
</UL>
<BR>[Calls]<UL><LI><a href="#[eb]">&gt;&gt;</a>&nbsp;&nbsp;&nbsp;SetSysClockTo72
</UL>
<BR>[Called By]<UL><LI><a href="#[39]">&gt;&gt;</a>&nbsp;&nbsp;&nbsp;SystemInit
</UL>

<P><STRONG><a name="[eb]"></a>SetSysClockTo72</STRONG> (Thumb, 214 bytes, Stack size 12 bytes, system_stm32f10x.o(i.SetSysClockTo72))
<BR><BR>[Stack]<UL><LI>Max Depth = 12<LI>Call Chain = SetSysClockTo72
</UL>
<BR>[Called By]<UL><LI><a href="#[ea]">&gt;&gt;</a>&nbsp;&nbsp;&nbsp;SetSysClock
</UL>

<P><STRONG><a name="[a5]"></a>OLED_BuffWriteByte</STRONG> (Thumb, 100 bytes, Stack size 12 bytes, oled_g.o(i.OLED_BuffWriteByte))
<BR><BR>[Stack]<UL><LI>Max Depth = 12<LI>Call Chain = OLED_BuffWriteByte
</UL>
<BR>[Called By]<UL><LI><a href="#[a4]">&gt;&gt;</a>&nbsp;&nbsp;&nbsp;OLED_AllSrcFade
<LI><a href="#[dc]">&gt;&gt;</a>&nbsp;&nbsp;&nbsp;OLED_WinWriteByte
</UL>

<P><STRONG><a name="[dc]"></a>OLED_WinWriteByte</STRONG> (Thumb, 252 bytes, Stack size 40 bytes, oled_g.o(i.OLED_WinWriteByte))
<BR><BR>[Stack]<UL><LI>Max Depth = 52<LI>Call Chain = OLED_WinWriteByte &rArr; OLED_BuffWriteByte
</UL>
<BR>[Calls]<UL><LI><a href="#[a5]">&gt;&gt;</a>&nbsp;&nbsp;&nbsp;OLED_BuffWriteByte
</UL>
<BR>[Called By]<UL><LI><a href="#[df]">&gt;&gt;</a>&nbsp;&nbsp;&nbsp;OLED_WinDrawVLine
<LI><a href="#[b8]">&gt;&gt;</a>&nbsp;&nbsp;&nbsp;OLED_WinDrawRBoxEmpty
<LI><a href="#[de]">&gt;&gt;</a>&nbsp;&nbsp;&nbsp;OLED_WinDrawPoint
<LI><a href="#[dd]">&gt;&gt;</a>&nbsp;&nbsp;&nbsp;OLED_WinDrawLine
<LI><a href="#[bf]">&gt;&gt;</a>&nbsp;&nbsp;&nbsp;OLED_WinDrawHLine
<LI><a href="#[ce]">&gt;&gt;</a>&nbsp;&nbsp;&nbsp;OLED_WinDrawBMP
<LI><a href="#[c6]">&gt;&gt;</a>&nbsp;&nbsp;&nbsp;OLED_WinDrawASCII
</UL>

<P><STRONG><a name="[49]"></a>OLED_ConWinAnimInit</STRONG> (Thumb, 38 bytes, Stack size 8 bytes, oled_ui.o(i.OLED_ConWinAnimInit))
<BR><BR>[Stack]<UL><LI>Max Depth = 8<LI>Call Chain = OLED_ConWinAnimInit
</UL>
<BR>[Calls]<UL><LI><a href="#[b3]">&gt;&gt;</a>&nbsp;&nbsp;&nbsp;__aeabi_ui2f
</UL>
<BR>[Address Reference Count : 1]<UL><LI> oled_ui.o(i.OLED_UiInit)
</UL>
<P><STRONG><a name="[4b]"></a>OLED_ConWinReact</STRONG> (Thumb, 128 bytes, Stack size 24 bytes, oled_ui.o(i.OLED_ConWinReact))
<BR><BR>[Stack]<UL><LI>Max Depth = 40<LI>Call Chain = OLED_ConWinReact &rArr; __aeabi_cfcmpeq
</UL>
<BR>[Calls]<UL><LI><a href="#[b4]">&gt;&gt;</a>&nbsp;&nbsp;&nbsp;OLED_MsgQueRead
<LI><a href="#[b3]">&gt;&gt;</a>&nbsp;&nbsp;&nbsp;__aeabi_ui2f
<LI><a href="#[a7]">&gt;&gt;</a>&nbsp;&nbsp;&nbsp;__aeabi_cfcmpeq
</UL>
<BR>[Address Reference Count : 1]<UL><LI> oled_ui.o(i.OLED_UiInit)
</UL>
<P><STRONG><a name="[4a]"></a>OLED_ConWinShow</STRONG> (Thumb, 458 bytes, Stack size 32 bytes, oled_ui.o(i.OLED_ConWinShow))
<BR><BR>[Stack]<UL><LI>Max Depth = 156<LI>Call Chain = OLED_ConWinShow &rArr; OLED_WinDrawRBox &rArr; OLED_WinDrawVLine &rArr; OLED_WinWriteByte &rArr; OLED_BuffWriteByte
</UL>
<BR>[Calls]<UL><LI><a href="#[7a]">&gt;&gt;</a>&nbsp;&nbsp;&nbsp;OLED_WinDrawStr
<LI><a href="#[b8]">&gt;&gt;</a>&nbsp;&nbsp;&nbsp;OLED_WinDrawRBoxEmpty
<LI><a href="#[b7]">&gt;&gt;</a>&nbsp;&nbsp;&nbsp;OLED_WinDrawRBox
<LI><a href="#[b5]">&gt;&gt;</a>&nbsp;&nbsp;&nbsp;OLED_SetPointColor
<LI><a href="#[b9]">&gt;&gt;</a>&nbsp;&nbsp;&nbsp;OLED_GetStrWidth
<LI><a href="#[a6]">&gt;&gt;</a>&nbsp;&nbsp;&nbsp;OLED_Animation
<LI><a href="#[a4]">&gt;&gt;</a>&nbsp;&nbsp;&nbsp;OLED_AllSrcFade
<LI><a href="#[b3]">&gt;&gt;</a>&nbsp;&nbsp;&nbsp;__aeabi_ui2f
<LI><a href="#[b6]">&gt;&gt;</a>&nbsp;&nbsp;&nbsp;__aeabi_f2iz
<LI><a href="#[ba]">&gt;&gt;</a>&nbsp;&nbsp;&nbsp;__aeabi_fadd
</UL>
<BR>[Address Reference Count : 1]<UL><LI> oled_ui.o(i.OLED_UiInit)
</UL>
<P><STRONG><a name="[3d]"></a>OLED_DigitalAnimInit</STRONG> (Thumb, 80 bytes, Stack size 16 bytes, oled_ui.o(i.OLED_DigitalAnimInit))
<BR><BR>[Stack]<UL><LI>Max Depth = 28<LI>Call Chain = OLED_DigitalAnimInit &rArr; OLED_DigitalSetSingleBit
</UL>
<BR>[Calls]<UL><LI><a href="#[bb]">&gt;&gt;</a>&nbsp;&nbsp;&nbsp;OLED_DigitalSetSingleBit
</UL>
<BR>[Address Reference Count : 1]<UL><LI> oled_ui.o(i.OLED_DigitalPageInit)
</UL>
<P><STRONG><a name="[bc]"></a>OLED_DigitalCreateText</STRONG> (Thumb, 52 bytes, Stack size 24 bytes, oled_ui.o(i.OLED_DigitalCreateText))
<BR><BR>[Stack]<UL><LI>Max Depth = 160 + Unknown Stack Size
<LI>Call Chain = OLED_DigitalCreateText &rArr; __2sprintf &rArr; _printf_char_common &rArr; __printf
</UL>
<BR>[Calls]<UL><LI><a href="#[65]">&gt;&gt;</a>&nbsp;&nbsp;&nbsp;__2sprintf
<LI><a href="#[76]">&gt;&gt;</a>&nbsp;&nbsp;&nbsp;__aeabi_memclr4
</UL>
<BR>[Called By]<UL><LI><a href="#[3e]">&gt;&gt;</a>&nbsp;&nbsp;&nbsp;OLED_DigitalShow
</UL>

<P><STRONG><a name="[c7]"></a>OLED_DigitalDirChangey</STRONG> (Thumb, 32 bytes, Stack size 0 bytes, oled_ui.o(i.OLED_DigitalDirChangey))
<BR><BR>[Called By]<UL><LI><a href="#[3e]">&gt;&gt;</a>&nbsp;&nbsp;&nbsp;OLED_DigitalShow
</UL>

<P><STRONG><a name="[bd]"></a>OLED_DigitalDrawLabel</STRONG> (Thumb, 40 bytes, Stack size 24 bytes, oled_ui.o(i.OLED_DigitalDrawLabel))
<BR><BR>[Stack]<UL><LI>Max Depth = 140<LI>Call Chain = OLED_DigitalDrawLabel &rArr; OLED_WinDrawStr &rArr; OLED_WinDrawASCII &rArr; OLED_WinWriteByte &rArr; OLED_BuffWriteByte
</UL>
<BR>[Calls]<UL><LI><a href="#[7a]">&gt;&gt;</a>&nbsp;&nbsp;&nbsp;OLED_WinDrawStr
<LI><a href="#[b9]">&gt;&gt;</a>&nbsp;&nbsp;&nbsp;OLED_GetStrWidth
</UL>
<BR>[Called By]<UL><LI><a href="#[3e]">&gt;&gt;</a>&nbsp;&nbsp;&nbsp;OLED_DigitalShow
</UL>

<P><STRONG><a name="[be]"></a>OLED_DigitalDrawUline</STRONG> (Thumb, 188 bytes, Stack size 24 bytes, oled_ui.o(i.OLED_DigitalDrawUline))
<BR><BR>[Stack]<UL><LI>Max Depth = 100<LI>Call Chain = OLED_DigitalDrawUline &rArr; OLED_WinDrawHLine &rArr; OLED_WinWriteByte &rArr; OLED_BuffWriteByte
</UL>
<BR>[Calls]<UL><LI><a href="#[bf]">&gt;&gt;</a>&nbsp;&nbsp;&nbsp;OLED_WinDrawHLine
<LI><a href="#[b5]">&gt;&gt;</a>&nbsp;&nbsp;&nbsp;OLED_SetPointColor
<LI><a href="#[b9]">&gt;&gt;</a>&nbsp;&nbsp;&nbsp;OLED_GetStrWidth
</UL>
<BR>[Called By]<UL><LI><a href="#[3e]">&gt;&gt;</a>&nbsp;&nbsp;&nbsp;OLED_DigitalShow
</UL>

<P><STRONG><a name="[3f]"></a>OLED_DigitalReact</STRONG> (Thumb, 488 bytes, Stack size 40 bytes, oled_ui.o(i.OLED_DigitalReact))
<BR><BR>[Stack]<UL><LI>Max Depth = 60<LI>Call Chain = OLED_DigitalReact &rArr; OLED_DigitalSetValAnim
</UL>
<BR>[Calls]<UL><LI><a href="#[b4]">&gt;&gt;</a>&nbsp;&nbsp;&nbsp;OLED_MsgQueRead
<LI><a href="#[c5]">&gt;&gt;</a>&nbsp;&nbsp;&nbsp;OLED_DigitalPage_UpdateLabelAnimation
<LI><a href="#[c3]">&gt;&gt;</a>&nbsp;&nbsp;&nbsp;OLED_PageReturn
<LI><a href="#[c2]">&gt;&gt;</a>&nbsp;&nbsp;&nbsp;OLED_DigitalSetValAnim
<LI><a href="#[c4]">&gt;&gt;</a>&nbsp;&nbsp;&nbsp;OLED_DigitalSetOptionAndCallback
</UL>
<BR>[Address Reference Count : 1]<UL><LI> oled_ui.o(i.OLED_DigitalPageInit)
</UL>
<P><STRONG><a name="[c4]"></a>OLED_DigitalSetOptionAndCallback</STRONG> (Thumb, 76 bytes, Stack size 16 bytes, oled_ui.o(i.OLED_DigitalSetOptionAndCallback))
<BR><BR>[Stack]<UL><LI>Max Depth = 16<LI>Call Chain = OLED_DigitalSetOptionAndCallback
</UL>
<BR>[Called By]<UL><LI><a href="#[3f]">&gt;&gt;</a>&nbsp;&nbsp;&nbsp;OLED_DigitalReact
</UL>

<P><STRONG><a name="[bb]"></a>OLED_DigitalSetSingleBit</STRONG> (Thumb, 82 bytes, Stack size 12 bytes, oled_ui.o(i.OLED_DigitalSetSingleBit))
<BR><BR>[Stack]<UL><LI>Max Depth = 12<LI>Call Chain = OLED_DigitalSetSingleBit
</UL>
<BR>[Called By]<UL><LI><a href="#[3e]">&gt;&gt;</a>&nbsp;&nbsp;&nbsp;OLED_DigitalShow
<LI><a href="#[3d]">&gt;&gt;</a>&nbsp;&nbsp;&nbsp;OLED_DigitalAnimInit
</UL>

<P><STRONG><a name="[c2]"></a>OLED_DigitalSetValAnim</STRONG> (Thumb, 174 bytes, Stack size 20 bytes, oled_ui.o(i.OLED_DigitalSetValAnim))
<BR><BR>[Stack]<UL><LI>Max Depth = 20<LI>Call Chain = OLED_DigitalSetValAnim
</UL>
<BR>[Called By]<UL><LI><a href="#[7c]">&gt;&gt;</a>&nbsp;&nbsp;&nbsp;OLED_DigitalPage_UpdateDigitalNumAnimation
<LI><a href="#[3f]">&gt;&gt;</a>&nbsp;&nbsp;&nbsp;OLED_DigitalReact
</UL>

<P><STRONG><a name="[3e]"></a>OLED_DigitalShow</STRONG> (Thumb, 1478 bytes, Stack size 40 bytes, oled_ui.o(i.OLED_DigitalShow))
<BR><BR>[Stack]<UL><LI>Max Depth = 200 + Unknown Stack Size
<LI>Call Chain = OLED_DigitalShow &rArr; OLED_DigitalCreateText &rArr; __2sprintf &rArr; _printf_char_common &rArr; __printf
</UL>
<BR>[Calls]<UL><LI><a href="#[bb]">&gt;&gt;</a>&nbsp;&nbsp;&nbsp;OLED_DigitalSetSingleBit
<LI><a href="#[be]">&gt;&gt;</a>&nbsp;&nbsp;&nbsp;OLED_DigitalDrawUline
<LI><a href="#[bd]">&gt;&gt;</a>&nbsp;&nbsp;&nbsp;OLED_DigitalDrawLabel
<LI><a href="#[c7]">&gt;&gt;</a>&nbsp;&nbsp;&nbsp;OLED_DigitalDirChangey
<LI><a href="#[bc]">&gt;&gt;</a>&nbsp;&nbsp;&nbsp;OLED_DigitalCreateText
<LI><a href="#[7a]">&gt;&gt;</a>&nbsp;&nbsp;&nbsp;OLED_WinDrawStr
<LI><a href="#[b8]">&gt;&gt;</a>&nbsp;&nbsp;&nbsp;OLED_WinDrawRBoxEmpty
<LI><a href="#[c6]">&gt;&gt;</a>&nbsp;&nbsp;&nbsp;OLED_WinDrawASCII
<LI><a href="#[a6]">&gt;&gt;</a>&nbsp;&nbsp;&nbsp;OLED_Animation
<LI><a href="#[b3]">&gt;&gt;</a>&nbsp;&nbsp;&nbsp;__aeabi_ui2f
<LI><a href="#[b6]">&gt;&gt;</a>&nbsp;&nbsp;&nbsp;__aeabi_f2iz
<LI><a href="#[a7]">&gt;&gt;</a>&nbsp;&nbsp;&nbsp;__aeabi_cfcmpeq
<LI><a href="#[a8]">&gt;&gt;</a>&nbsp;&nbsp;&nbsp;__aeabi_fsub
<LI><a href="#[ba]">&gt;&gt;</a>&nbsp;&nbsp;&nbsp;__aeabi_fadd
</UL>
<BR>[Address Reference Count : 1]<UL><LI> oled_ui.o(i.OLED_DigitalPageInit)
</UL>
<P><STRONG><a name="[c1]"></a>OLED_PageInit</STRONG> (Thumb, 24 bytes, Stack size 12 bytes, oled_ui.o(i.OLED_PageInit))
<BR><BR>[Stack]<UL><LI>Max Depth = 12<LI>Call Chain = OLED_PageInit
</UL>
<BR>[Called By]<UL><LI><a href="#[d3]">&gt;&gt;</a>&nbsp;&nbsp;&nbsp;OLED_TitlePageInit
<LI><a href="#[cb]">&gt;&gt;</a>&nbsp;&nbsp;&nbsp;OLED_RaderPicPageInit
<LI><a href="#[c0]">&gt;&gt;</a>&nbsp;&nbsp;&nbsp;OLED_DigitalPageInit
</UL>

<P><STRONG><a name="[c3]"></a>OLED_PageReturn</STRONG> (Thumb, 16 bytes, Stack size 0 bytes, oled_ui.o(i.OLED_PageReturn))
<BR><BR>[Called By]<UL><LI><a href="#[42]">&gt;&gt;</a>&nbsp;&nbsp;&nbsp;OLED_RaderPicReact
<LI><a href="#[45]">&gt;&gt;</a>&nbsp;&nbsp;&nbsp;OLED_TitlePageReact
<LI><a href="#[3f]">&gt;&gt;</a>&nbsp;&nbsp;&nbsp;OLED_DigitalReact
</UL>

<P><STRONG><a name="[43]"></a>OLED_TitlePageAnimInit</STRONG> (Thumb, 36 bytes, Stack size 0 bytes, oled_ui.o(i.OLED_TitlePageAnimInit))
<BR>[Address Reference Count : 1]<UL><LI> oled_ui.o(i.OLED_TitlePageInit)
</UL>
<P><STRONG><a name="[45]"></a>OLED_TitlePageReact</STRONG> (Thumb, 308 bytes, Stack size 24 bytes, oled_ui.o(i.OLED_TitlePageReact))
<BR><BR>[Stack]<UL><LI>Max Depth = 40<LI>Call Chain = OLED_TitlePageReact &rArr; __aeabi_fsub
</UL>
<BR>[Calls]<UL><LI><a href="#[b4]">&gt;&gt;</a>&nbsp;&nbsp;&nbsp;OLED_MsgQueRead
<LI><a href="#[c3]">&gt;&gt;</a>&nbsp;&nbsp;&nbsp;OLED_PageReturn
<LI><a href="#[cc]">&gt;&gt;</a>&nbsp;&nbsp;&nbsp;__aeabi_i2f
<LI><a href="#[a8]">&gt;&gt;</a>&nbsp;&nbsp;&nbsp;__aeabi_fsub
<LI><a href="#[ba]">&gt;&gt;</a>&nbsp;&nbsp;&nbsp;__aeabi_fadd
</UL>
<BR>[Address Reference Count : 1]<UL><LI> oled_ui.o(i.OLED_TitlePageInit)
</UL>
<P><STRONG><a name="[44]"></a>OLED_TitlePageShow</STRONG> (Thumb, 468 bytes, Stack size 48 bytes, oled_ui.o(i.OLED_TitlePageShow))
<BR><BR>[Stack]<UL><LI>Max Depth = 172<LI>Call Chain = OLED_TitlePageShow &rArr; OLED_WinDrawRBox &rArr; OLED_WinDrawVLine &rArr; OLED_WinWriteByte &rArr; OLED_BuffWriteByte
</UL>
<BR>[Calls]<UL><LI><a href="#[7a]">&gt;&gt;</a>&nbsp;&nbsp;&nbsp;OLED_WinDrawStr
<LI><a href="#[b7]">&gt;&gt;</a>&nbsp;&nbsp;&nbsp;OLED_WinDrawRBox
<LI><a href="#[ce]">&gt;&gt;</a>&nbsp;&nbsp;&nbsp;OLED_WinDrawBMP
<LI><a href="#[b9]">&gt;&gt;</a>&nbsp;&nbsp;&nbsp;OLED_GetStrWidth
<LI><a href="#[a6]">&gt;&gt;</a>&nbsp;&nbsp;&nbsp;OLED_Animation
<LI><a href="#[cd]">&gt;&gt;</a>&nbsp;&nbsp;&nbsp;__aeabi_fmul
<LI><a href="#[b3]">&gt;&gt;</a>&nbsp;&nbsp;&nbsp;__aeabi_ui2f
<LI><a href="#[cc]">&gt;&gt;</a>&nbsp;&nbsp;&nbsp;__aeabi_i2f
<LI><a href="#[b6]">&gt;&gt;</a>&nbsp;&nbsp;&nbsp;__aeabi_f2iz
<LI><a href="#[a7]">&gt;&gt;</a>&nbsp;&nbsp;&nbsp;__aeabi_cfcmpeq
<LI><a href="#[a8]">&gt;&gt;</a>&nbsp;&nbsp;&nbsp;__aeabi_fsub
<LI><a href="#[ba]">&gt;&gt;</a>&nbsp;&nbsp;&nbsp;__aeabi_fadd
</UL>
<BR>[Address Reference Count : 1]<UL><LI> oled_ui.o(i.OLED_TitlePageInit)
</UL>
<P><STRONG><a name="[d7]"></a>OLED_UILayerInProc</STRONG> (Thumb, 40 bytes, Stack size 8 bytes, oled_ui.o(i.OLED_UILayerInProc))
<BR><BR>[Stack]<UL><LI>Max Depth = 8<LI>Call Chain = OLED_UILayerInProc
</UL>
<BR>[Called By]<UL><LI><a href="#[d6]">&gt;&gt;</a>&nbsp;&nbsp;&nbsp;OLED_UIProc
</UL>

<P><STRONG><a name="[d4]"></a>OLED_UIPageProc</STRONG> (Thumb, 220 bytes, Stack size 24 bytes, oled_ui.o(i.OLED_UIPageProc))
<BR><BR>[Stack]<UL><LI>Max Depth = 40<LI>Call Chain = OLED_UIPageProc &rArr; OLED_WinFSM
</UL>
<BR>[Calls]<UL><LI><a href="#[d5]">&gt;&gt;</a>&nbsp;&nbsp;&nbsp;OLED_WinFSM
</UL>
<BR>[Called By]<UL><LI><a href="#[d6]">&gt;&gt;</a>&nbsp;&nbsp;&nbsp;OLED_UIProc
</UL>

<P><STRONG><a name="[d9]"></a>OLED_UIParaInit</STRONG> (Thumb, 104 bytes, Stack size 0 bytes, oled_ui.o(i.OLED_UIParaInit))
<BR><BR>[Called By]<UL><LI><a href="#[d8]">&gt;&gt;</a>&nbsp;&nbsp;&nbsp;OLED_UiInit
</UL>

<P><STRONG><a name="[46]"></a>OLED_ValWinAnimInit</STRONG> (Thumb, 28 bytes, Stack size 8 bytes, oled_ui.o(i.OLED_ValWinAnimInit))
<BR><BR>[Stack]<UL><LI>Max Depth = 8<LI>Call Chain = OLED_ValWinAnimInit
</UL>
<BR>[Calls]<UL><LI><a href="#[b3]">&gt;&gt;</a>&nbsp;&nbsp;&nbsp;__aeabi_ui2f
</UL>
<BR>[Address Reference Count : 1]<UL><LI> oled_ui.o(i.OLED_UiInit)
</UL>
<P><STRONG><a name="[48]"></a>OLED_ValWinReact</STRONG> (Thumb, 152 bytes, Stack size 24 bytes, oled_ui.o(i.OLED_ValWinReact))
<BR><BR>[Stack]<UL><LI>Max Depth = 40<LI>Call Chain = OLED_ValWinReact &rArr; __aeabi_cfcmpeq
</UL>
<BR>[Calls]<UL><LI><a href="#[b4]">&gt;&gt;</a>&nbsp;&nbsp;&nbsp;OLED_MsgQueRead
<LI><a href="#[a7]">&gt;&gt;</a>&nbsp;&nbsp;&nbsp;__aeabi_cfcmpeq
</UL>
<BR>[Address Reference Count : 1]<UL><LI> oled_ui.o(i.OLED_UiInit)
</UL>
<P><STRONG><a name="[47]"></a>OLED_ValWinShow</STRONG> (Thumb, 392 bytes, Stack size 32 bytes, oled_ui.o(i.OLED_ValWinShow))
<BR><BR>[Stack]<UL><LI>Max Depth = 176 + Unknown Stack Size
<LI>Call Chain = OLED_ValWinShow &rArr; itoa &rArr; __2sprintf &rArr; _printf_char_common &rArr; __printf
</UL>
<BR>[Calls]<UL><LI><a href="#[db]">&gt;&gt;</a>&nbsp;&nbsp;&nbsp;itoa
<LI><a href="#[7a]">&gt;&gt;</a>&nbsp;&nbsp;&nbsp;OLED_WinDrawStr
<LI><a href="#[b8]">&gt;&gt;</a>&nbsp;&nbsp;&nbsp;OLED_WinDrawRBoxEmpty
<LI><a href="#[b7]">&gt;&gt;</a>&nbsp;&nbsp;&nbsp;OLED_WinDrawRBox
<LI><a href="#[b5]">&gt;&gt;</a>&nbsp;&nbsp;&nbsp;OLED_SetPointColor
<LI><a href="#[b9]">&gt;&gt;</a>&nbsp;&nbsp;&nbsp;OLED_GetStrWidth
<LI><a href="#[a6]">&gt;&gt;</a>&nbsp;&nbsp;&nbsp;OLED_Animation
<LI><a href="#[a4]">&gt;&gt;</a>&nbsp;&nbsp;&nbsp;OLED_AllSrcFade
<LI><a href="#[cd]">&gt;&gt;</a>&nbsp;&nbsp;&nbsp;__aeabi_fmul
<LI><a href="#[b3]">&gt;&gt;</a>&nbsp;&nbsp;&nbsp;__aeabi_ui2f
<LI><a href="#[cc]">&gt;&gt;</a>&nbsp;&nbsp;&nbsp;__aeabi_i2f
<LI><a href="#[b6]">&gt;&gt;</a>&nbsp;&nbsp;&nbsp;__aeabi_f2iz
<LI><a href="#[da]">&gt;&gt;</a>&nbsp;&nbsp;&nbsp;__aeabi_fdiv
</UL>
<BR>[Address Reference Count : 1]<UL><LI> oled_ui.o(i.OLED_UiInit)
</UL>
<P><STRONG><a name="[d5]"></a>OLED_WinFSM</STRONG> (Thumb, 58 bytes, Stack size 16 bytes, oled_ui.o(i.OLED_WinFSM))
<BR><BR>[Stack]<UL><LI>Max Depth = 16<LI>Call Chain = OLED_WinFSM
</UL>
<BR>[Called By]<UL><LI><a href="#[d4]">&gt;&gt;</a>&nbsp;&nbsp;&nbsp;OLED_UIPageProc
</UL>

<P><STRONG><a name="[73]"></a>_tm_carry</STRONG> (Thumb, 62 bytes, Stack size 8 bytes, mktime.o(.text))
<BR><BR>[Stack]<UL><LI>Max Depth = 8<LI>Call Chain = _tm_carry
</UL>
<BR>[Called By]<UL><LI><a href="#[72]">&gt;&gt;</a>&nbsp;&nbsp;&nbsp;mktime
</UL>

<P><STRONG><a name="[fa]"></a>_dadd1</STRONG> (Thumb, 0 bytes, Stack size unknown bytes, daddsub_clz.o(x$fpl$dadd), UNUSED)
<BR><BR>[Called By]<UL><LI><a href="#[f9]">&gt;&gt;</a>&nbsp;&nbsp;&nbsp;_dsub
</UL>

<P><STRONG><a name="[f4]"></a>_dsub1</STRONG> (Thumb, 0 bytes, Stack size unknown bytes, daddsub_clz.o(x$fpl$dsub), UNUSED)
<BR><BR>[Called By]<UL><LI><a href="#[f3]">&gt;&gt;</a>&nbsp;&nbsp;&nbsp;_dadd
</UL>

<P><STRONG><a name="[106]"></a>_fadd1</STRONG> (Thumb, 0 bytes, Stack size unknown bytes, faddsub_clz.o(x$fpl$fadd), UNUSED)
<BR><BR>[Called By]<UL><LI><a href="#[107]">&gt;&gt;</a>&nbsp;&nbsp;&nbsp;_fsub
<LI><a href="#[105]">&gt;&gt;</a>&nbsp;&nbsp;&nbsp;_frsb
</UL>

<P><STRONG><a name="[fe]"></a>_fsub1</STRONG> (Thumb, 0 bytes, Stack size unknown bytes, faddsub_clz.o(x$fpl$fsub), UNUSED)
<BR><BR>[Called By]<UL><LI><a href="#[105]">&gt;&gt;</a>&nbsp;&nbsp;&nbsp;_frsb
<LI><a href="#[fd]">&gt;&gt;</a>&nbsp;&nbsp;&nbsp;_fadd
</UL>

<P><STRONG><a name="[3c]"></a>_printf_input_char</STRONG> (Thumb, 10 bytes, Stack size 0 bytes, _printf_char_common.o(.text))
<BR>[Address Reference Count : 1]<UL><LI> _printf_char_common.o(.text)
</UL><P>
<H3>
Undefined Global Symbols
</H3><HR></body></html>
